⚠ 架電禁止リストが見つかりません: C:\Users\NC00018174\saiyo_tantousha_poc\data\ng-companies.txt（ガード無効のまま出力します）
[2026-09-18T04:17:45.235Z] 入力 21779社 → 処理 21779社 ／ 取得系統: csv+mynavi+faces ／ 並列8
[2026-09-18T04:17:45.235Z] 観測台帳: 既知 0社（C:\Users\NC00018174\saiyo_tantousha_poc\data\intent\observations.json）
[2026-09-18T04:17:45.235Z] 根拠本文は別ファイルに出す（21779社 > 3000社）: data\leads-intent-wide.evidence.jsonl
[2026-09-18T04:17:45.236Z]   → CSVには根拠URLと引用だけが載る。本文を使う後段は --evidence inline で採り直すこと。
[2026-09-18T04:18:12.987Z]   …100/21779 検知100社（A67 B32 C1） 3.5社/秒 残り約102分
[2026-09-18T04:18:41.523Z]   …200/21779 検知200社（A135 B63 C2） 3.5社/秒 残り約102分
[2026-09-18T04:19:07.040Z]   …300/21779 検知299社（A206 B88 C4） 3.6社/秒 残り約98分
[2026-09-18T04:19:33.542Z]   …400/21779 検知399社（A276 B114 C7） 3.7社/秒 残り約97分
[2026-09-18T04:20:02.300Z]   …500/21779 検知499社（A356 B134 C7） 3.6社/秒 残り約98分
[2026-09-18T04:20:32.187Z]   …600/21779 検知599社（A436 B153 C8） 3.6社/秒 残り約99分
[2026-09-18T04:21:03.657Z]   …700/21779 検知699社（A517 B172 C8） 3.5社/秒 残り約100分
[2026-09-18T04:21:34.370Z]   …800/21779 検知799社（A600 B188 C9） 3.5社/秒 残り約100分
[2026-09-18T04:22:05.035Z]   …900/21779 検知899社（A679 B208 C10） 3.5社/秒 残り約101分
[2026-09-18T04:22:35.334Z]   …1000/21779 検知999社（A761 B223 C12） 3.4社/秒 残り約101分
[2026-09-18T04:23:02.478Z]   …1100/21779 検知1099社（A842 B241 C13） 3.5社/秒 残り約100分
[2026-09-18T04:23:31.356Z]   …1200/21779 検知1199社（A924 B255 C17） 3.5社/秒 残り約99分
[2026-09-18T04:24:04.536Z]   …1300/21779 検知1299社（A1014 B263 C19） 3.4社/秒 残り約100分
[2026-09-18T04:24:26.817Z]   …1400/21779 検知1399社（A1099 B278 C19） 3.5社/秒 残り約98分
[2026-09-18T04:24:51.244Z]   …1500/21779 検知1499社（A1186 B291 C19） 3.5社/秒 残り約96分
[2026-09-18T04:25:16.780Z]   …1600/21779 検知1598社（A1259 B314 C22） 3.5社/秒 残り約95分
[2026-09-18T04:25:41.858Z]   …1700/21779 検知1698社（A1317 B355 C23） 3.6社/秒 残り約94分
[2026-09-18T04:26:05.710Z]   …1800/21779 検知1798社（A1376 B390 C29） 3.6社/秒 残り約93分
[2026-09-18T04:26:30.697Z]   …1900/21779 検知1898社（A1433 B426 C36） 3.6社/秒 残り約92分
[2026-09-18T04:26:51.651Z]   観測台帳を保存（2000社時点）
[2026-09-18T04:26:51.651Z]   …2000/21779 検知1998社（A1487 B467 C40） 3.7社/秒 残り約90分
[2026-09-18T04:27:10.056Z]   …2100/21779 検知2097社（A1545 B506 C42） 3.7社/秒 残り約88分
[2026-09-18T04:27:33.996Z]   …2200/21779 検知2197社（A1608 B537 C48） 3.7社/秒 残り約87分
[2026-09-18T04:27:57.225Z]   …2300/21779 検知2297社（A1670 B569 C54） 3.8社/秒 残り約86分
[2026-09-18T04:28:23.162Z]   …2400/21779 検知2396社（A1740 B596 C56） 3.8社/秒 残り約86分
[2026-09-18T04:28:47.005Z]   …2500/21779 検知2496社（A1789 B641 C62） 3.8社/秒 残り約85分
[2026-09-18T04:29:12.579Z]   …2600/21779 検知2596社（A1849 B675 C63） 3.8社/秒 残り約85分
[2026-09-18T04:29:37.692Z]   …2700/21779 検知2696社（A1912 B707 C68） 3.8社/秒 残り約84分
[2026-09-18T04:30:03.411Z]   …2800/21779 検知2796社（A1979 B734 C73） 3.8社/秒 残り約83分
[2026-09-18T04:30:30.323Z]   …2900/21779 検知2895社（A2044 B764 C77） 3.8社/秒 残り約83分
[2026-09-18T04:30:56.049Z]   …3000/21779 検知2995社（A2107 B796 C81） 3.8社/秒 残り約83分
[2026-09-18T04:31:20.412Z]   …3100/21779 検知3095社（A2172 B822 C88） 3.8社/秒 残り約82分
[2026-09-18T04:31:44.593Z]   …3200/21779 検知3194社（A2228 B858 C94） 3.8社/秒 残り約81分
[2026-09-18T04:32:10.228Z]   …3300/21779 検知3294社（A2288 B893 C99） 3.8社/秒 残り約81分
[2026-09-18T04:32:37.429Z]   …3400/21779 検知3394社（A2364 B913 C103） 3.8社/秒 残り約80分
[2026-09-18T04:33:03.641Z]   …3500/21779 検知3494社（A2432 B941 C106） 3.8社/秒 残り約80分
[2026-09-18T04:33:32.109Z]   …3600/21779 検知3594社（A2504 B964 C111） 3.8社/秒 残り約80分
[2026-09-18T04:33:58.988Z]   …3700/21779 検知3694社（A2580 B983 C115） 3.8社/秒 残り約79分
[2026-09-18T04:34:29.680Z]   …3800/21779 検知3794社（A2664 B997 C117） 3.8社/秒 残り約79分
[2026-09-18T04:34:56.942Z]   …3900/21779 検知3894社（A2743 B1014 C121） 3.8社/秒 残り約79分
[2026-09-18T04:35:24.684Z]   観測台帳を保存（4000社時点）
[2026-09-18T04:35:24.684Z]   …4000/21779 検知3994社（A2821 B1034 C123） 3.8社/秒 残り約79分
[2026-09-18T04:35:52.341Z]   …4100/21779 検知4094社（A2890 B1062 C126） 3.8社/秒 残り約78分
[2026-09-18T04:36:19.657Z]   …4200/21779 検知4194社（A2968 B1080 C130） 3.8社/秒 残り約78分
[2026-09-18T04:36:47.246Z]   …4300/21779 検知4294社（A3053 B1094 C131） 3.8社/秒 残り約77分
[2026-09-18T04:37:15.503Z]   …4400/21779 検知4394社（A3137 B1108 C133） 3.8社/秒 残り約77分
[2026-09-18T04:37:43.976Z]   …4500/21779 検知4494社（A3220 B1124 C134） 3.8社/秒 残り約77分
[2026-09-18T04:38:11.923Z]   …4600/21779 検知4594社（A3297 B1144 C136） 3.7社/秒 残り約76分
[2026-09-18T04:38:38.293Z]   …4700/21779 検知4694社（A3374 B1166 C137） 3.7社/秒 残り約76分
[2026-09-18T04:39:05.147Z]   …4800/21779 検知4794社（A3452 B1182 C142） 3.7社/秒 残り約75分
[2026-09-18T04:39:31.125Z]   …4900/21779 検知4894社（A3524 B1208 C144） 3.8社/秒 残り約75分
[2026-09-18T04:39:56.366Z]   …5000/21779 検知4994社（A3598 B1230 C148） 3.8社/秒 残り約74分
[2026-09-18T04:40:23.277Z]   …5100/21779 検知5094社（A3672 B1254 C150） 3.8社/秒 残り約74分
[2026-09-18T04:40:52.799Z]   …5200/21779 検知5194社（A3755 B1267 C154） 3.7社/秒 残り約74分
[2026-09-18T04:41:21.183Z]   …5300/21779 検知5294社（A3838 B1281 C157） 3.7社/秒 残り約73分
[2026-09-18T04:41:50.091Z]   …5400/21779 検知5394社（A3921 B1297 C158） 3.7社/秒 残り約73分
[2026-09-18T04:42:17.989Z]   …5500/21779 検知5494社（A4004 B1312 C160） 3.7社/秒 残り約73分
[2026-09-18T04:42:45.766Z]   …5600/21779 検知5594社（A4083 B1333 C160） 3.7社/秒 残り約72分
[2026-09-18T04:43:13.323Z]   …5700/21779 検知5694社（A4166 B1350 C160） 3.7社/秒 残り約72分
[2026-09-18T04:43:39.699Z]   …5800/21779 検知5794社（A4233 B1371 C171） 3.7社/秒 残り約71分
[2026-09-18T04:44:07.954Z]   …5900/21779 検知5894社（A4311 B1391 C172） 3.7社/秒 残り約71分
[2026-09-18T04:44:35.910Z]   観測台帳を保存（6000社時点）
[2026-09-18T04:44:35.911Z]   …6000/21779 検知5994社（A4384 B1416 C174） 3.7社/秒 残り約71分
[2026-09-18T04:45:06.220Z]   …6100/21779 検知6094社（A4464 B1434 C176） 3.7社/秒 残り約70分
[2026-09-18T04:45:33.707Z]   …6200/21779 検知6194社（A4549 B1447 C178） 3.7社/秒 残り約70分
[2026-09-18T04:46:00.782Z]   …6300/21779 検知6294社（A4626 B1466 C182） 3.7社/秒 残り約69分
[2026-09-18T04:46:29.268Z]   …6400/21779 検知6394社（A4712 B1478 C184） 3.7社/秒 残り約69分
[2026-09-18T04:46:58.287Z]   …6500/21779 検知6494社（A4797 B1492 C185） 3.7社/秒 残り約69分
[2026-09-18T04:47:24.843Z]   …6600/21779 検知6594社（A4882 B1505 C187） 3.7社/秒 残り約68分
[2026-09-18T04:47:52.775Z]   …6700/21779 検知6694社（A4957 B1527 C190） 3.7社/秒 残り約68分
[2026-09-18T04:48:20.059Z]   …6800/21779 検知6794社（A5041 B1542 C191） 3.7社/秒 残り約67分
[2026-09-18T04:48:46.303Z]   …6900/21779 検知6894社（A5117 B1562 C193） 3.7社/秒 残り約67分
[2026-09-18T04:49:15.332Z]   …7000/21779 検知6994社（A5203 B1575 C194） 3.7社/秒 残り約67分
[2026-09-18T04:49:45.354Z]   …7100/21779 検知7094社（A5273 B1602 C197） 3.7社/秒 残り約66分
[2026-09-18T04:50:12.966Z]   …7200/21779 検知7193社（A5343 B1628 C200） 3.7社/秒 残り約66分
[2026-09-18T04:50:39.021Z]   …7300/21779 検知7293社（A5416 B1652 C203） 3.7社/秒 残り約65分
[2026-09-18T04:51:04.577Z]   …7400/21779 検知7393社（A5471 B1689 C210） 3.7社/秒 残り約65分
[2026-09-18T04:51:28.434Z]   …7500/21779 検知7493社（A5534 B1722 C214） 3.7社/秒 残り約64分
[2026-09-18T04:51:53.895Z]   …7600/21779 検知7592社（A5597 B1751 C220） 3.7社/秒 残り約64分
[2026-09-18T04:52:16.888Z]   …7700/21779 検知7692社（A5660 B1787 C221） 3.7社/秒 残り約63分
[2026-09-18T04:52:42.501Z]   …7800/21779 検知7791社（A5710 B1830 C226） 3.7社/秒 残り約63分
[2026-09-18T04:53:07.982Z]   …7900/21779 検知7891社（A5768 B1864 C232） 3.7社/秒 残り約62分
[2026-09-18T04:53:33.218Z]   観測台帳を保存（8000社時点）
[2026-09-18T04:53:33.218Z]   …8000/21779 検知7991社（A5821 B1902 C240） 3.7社/秒 残り約62分
[2026-09-18T04:53:57.494Z]   …8100/21779 検知8091社（A5885 B1931 C247） 3.7社/秒 残り約61分
[2026-09-18T04:54:20.628Z]   …8200/21779 検知8191社（A5949 B1965 C249） 3.7社/秒 残り約61分
[2026-09-18T04:54:45.395Z]   …8300/21779 検知8291社（A6012 B1992 C256） 3.7社/秒 残り約60分
[2026-09-18T04:55:08.657Z]   …8400/21779 検知8390社（A6072 B2026 C259） 3.7社/秒 残り約60分
[2026-09-18T04:55:32.741Z]   …8500/21779 検知8490社（A6138 B2059 C260） 3.7社/秒 残り約59分
[2026-09-18T04:55:56.635Z]   …8600/21779 検知8590社（A6204 B2088 C265） 3.8社/秒 残り約59分
[2026-09-18T04:56:21.152Z]   …8700/21779 検知8690社（A6267 B2123 C267） 3.8社/秒 残り約58分
[2026-09-18T04:56:45.721Z]   …8800/21779 検知8790社（A6314 B2162 C278） 3.8社/秒 残り約58分
[2026-09-18T04:57:14.773Z]   …8900/21779 検知8890社（A6365 B2206 C283） 3.8社/秒 残り約57分
[2026-09-18T04:57:39.136Z]   …9000/21779 検知8990社（A6422 B2244 C288） 3.8社/秒 残り約57分
[2026-09-18T04:58:03.103Z]   …9100/21779 検知9090社（A6481 B2283 C290） 3.8社/秒 残り約56分
[2026-09-18T04:58:27.754Z]   …9200/21779 検知9188社（A6543 B2314 C293） 3.8社/秒 残り約56分
[2026-09-18T04:58:51.791Z]   …9300/21779 検知9288社（A6610 B2342 C298） 3.8社/秒 残り約55分
[2026-09-18T04:59:16.099Z]   …9400/21779 検知9387社（A6674 B2370 C305） 3.8社/秒 残り約55分
[2026-09-18T04:59:40.225Z]   …9500/21779 検知9486社（A6746 B2394 C308） 3.8社/秒 残り約54分
[2026-09-18T05:00:05.151Z]   …9600/21779 検知9586社（A6806 B2429 C311） 3.8社/秒 残り約54分
[2026-09-18T05:00:29.706Z]   …9700/21779 検知9686社（A6861 B2468 C316） 3.8社/秒 残り約53分
[2026-09-18T05:00:55.016Z]   …9800/21779 検知9786社（A6929 B2499 C317） 3.8社/秒 残り約53分
[2026-09-18T05:01:21.765Z]   …9900/21779 検知9886社（A6993 B2534 C318） 3.8社/秒 残り約52分
[2026-09-18T05:01:46.639Z]   観測台帳を保存（10000社時点）
[2026-09-18T05:01:46.640Z]   …10000/21779 検知9986社（A7057 B2565 C322） 3.8社/秒 残り約52分
[2026-09-18T05:02:12.471Z]   …10100/21779 検知10086社（A7116 B2602 C324） 3.8社/秒 残り約51分
[2026-09-18T05:02:37.734Z]   …10200/21779 検知10186社（A7179 B2633 C330） 3.8社/秒 残り約51分
[2026-09-18T05:03:03.809Z]   …10300/21779 検知10284社（A7240 B2664 C335） 3.8社/秒 残り約51分
[2026-09-18T05:03:29.553Z]   …10400/21779 検知10383社（A7298 B2699 C339） 3.8社/秒 残り約50分
[2026-09-18T05:03:55.151Z]   …10500/21779 検知10482社（A7361 B2730 C344） 3.8社/秒 残り約50分
[2026-09-18T05:04:20.348Z]   …10600/21779 検知10582社（A7426 B2757 C348） 3.8社/秒 残り約49分
[2026-09-18T05:04:45.865Z]   …10700/21779 検知10682社（A7481 B2799 C351） 3.8社/秒 残り約49分
[2026-09-18T05:05:10.980Z]   …10800/21779 検知10782社（A7548 B2828 C354） 3.8社/秒 残り約48分
[2026-09-18T05:05:36.834Z]   …10900/21779 検知10882社（A7609 B2863 C358） 3.8社/秒 残り約48分
[2026-09-18T05:06:02.931Z]   …11000/21779 検知10982社（A7671 B2893 C366） 3.8社/秒 残り約47分
[2026-09-18T05:06:27.068Z]   …11100/21779 検知11082社（A7727 B2927 C373） 3.8社/秒 残り約47分
[2026-09-18T05:06:51.676Z]   …11200/21779 検知11182社（A7786 B2960 C379） 3.8社/秒 残り約46分
[2026-09-18T05:07:19.923Z]   …11300/21779 検知11281社（A7844 B2997 C383） 3.8社/秒 残り約46分
[2026-09-18T05:07:45.727Z]   …11400/21779 検知11381社（A7912 B3026 C385） 3.8社/秒 残り約46分
[2026-09-18T05:08:12.200Z]   …11500/21779 検知11481社（A7978 B3054 C390） 3.8社/秒 残り約45分
[2026-09-18T05:08:36.535Z]   …11600/21779 検知11580社（A8030 B3095 C396） 3.8社/秒 残り約45分
[2026-09-18T05:09:01.678Z]   …11700/21779 検知11678社（A8094 B3126 C399） 3.8社/秒 残り約44分
[2026-09-18T05:09:28.185Z]   …11800/21779 検知11778社（A8154 B3161 C402） 3.8社/秒 残り約44分
[2026-09-18T05:09:55.792Z]   …11900/21779 検知11877社（A8212 B3196 C407） 3.8社/秒 残り約43分
[2026-09-18T05:10:23.724Z]   観測台帳を保存（12000社時点）
[2026-09-18T05:10:23.724Z]   …12000/21779 検知11976社（A8275 B3227 C411） 3.8社/秒 残り約43分
[2026-09-18T05:10:49.745Z]   …12100/21779 検知12076社（A8345 B3254 C414） 3.8社/秒 残り約42分
[2026-09-18T05:11:15.825Z]   …12200/21779 検知12176社（A8415 B3278 C420） 3.8社/秒 残り約42分
[2026-09-18T05:11:43.324Z]   …12300/21779 検知12274社（A8486 B3301 C423） 3.8社/秒 残り約42分
[2026-09-18T05:12:12.057Z]   …12400/21779 検知12374社（A8561 B3323 C426） 3.8社/秒 残り約41分
[2026-09-18T05:12:41.920Z]   …12500/21779 検知12474社（A8627 B3354 C429） 3.8社/秒 残り約41分
[2026-09-18T05:13:10.046Z]   …12600/21779 検知12574社（A8696 B3378 C436） 3.8社/秒 残り約40分
[2026-09-18T05:13:38.485Z]   …12700/21779 検知12674社（A8772 B3395 C443） 3.8社/秒 残り約40分
[2026-09-18T05:14:09.453Z]   …12800/21779 検知12774社（A8855 B3412 C443） 3.8社/秒 残り約40分
[2026-09-18T05:14:39.848Z]   …12900/21779 検知12874社（A8918 B3445 C447） 3.8社/秒 残り約39分
[2026-09-18T05:15:07.554Z]   …13000/21779 検知12974社（A8982 B3473 C453） 3.8社/秒 残り約39分
[2026-09-18T05:15:35.964Z]   …13100/21779 検知13074社（A9044 B3507 C457） 3.8社/秒 残り約38分
[2026-09-18T05:16:03.311Z]   …13200/21779 検知13174社（A9100 B3541 C466） 3.8社/秒 残り約38分
[2026-09-18T05:16:28.679Z]   …13300/21779 検知13274社（A9160 B3572 C474） 3.8社/秒 残り約37分
[2026-09-18T05:16:54.177Z]   …13400/21779 検知13374社（A9214 B3613 C478） 3.8社/秒 残り約37分
[2026-09-18T05:17:22.621Z]   …13500/21779 検知13474社（A9286 B3638 C480） 3.8社/秒 残り約37分
[2026-09-18T05:17:51.261Z]   …13600/21779 検知13574社（A9373 B3650 C481） 3.8社/秒 残り約36分
[2026-09-18T05:18:19.788Z]   …13700/21779 検知13673社（A9448 B3670 C484） 3.8社/秒 残り約36分
[2026-09-18T05:18:47.938Z]   …13800/21779 検知13773社（A9518 B3693 C491） 3.8社/秒 残り約35分
[2026-09-18T05:19:17.244Z]   …13900/21779 検知13873社（A9601 B3710 C491） 3.8社/秒 残り約35分
[2026-09-18T05:19:46.857Z]   観測台帳を保存（14000社時点）
[2026-09-18T05:19:46.858Z]   …14000/21779 検知13973社（A9683 B3728 C491） 3.8社/秒 残り約34分
[2026-09-18T05:20:15.902Z]   …14100/21779 検知14073社（A9760 B3749 C493） 3.8社/秒 残り約34分
[2026-09-18T05:20:47.712Z]   …14200/21779 検知14173社（A9831 B3771 C498） 3.8社/秒 残り約34分
[2026-09-18T05:21:17.479Z]   …14300/21779 検知14272社（A9898 B3801 C500） 3.8社/秒 残り約33分
[2026-09-18T05:21:47.782Z]   …14400/21779 検知14372社（A9968 B3826 C504） 3.7社/秒 残り約33分
[2026-09-18T05:22:15.979Z]   …14500/21779 検知14472社（A10039 B3850 C507） 3.7社/秒 残り約32分
[2026-09-18T05:22:44.671Z]   …14600/21779 検知14571社（A10116 B3870 C509） 3.7社/秒 残り約32分
[2026-09-18T05:23:11.927Z]   …14700/21779 検知14671社（A10177 B3900 C517） 3.7社/秒 残り約32分
[2026-09-18T05:23:40.822Z]   …14800/21779 検知14771社（A10246 B3924 C522） 3.7社/秒 残り約31分
[2026-09-18T05:24:08.078Z]   …14900/21779 検知14871社（A10320 B3948 C524） 3.7社/秒 残り約31分
[2026-09-18T05:24:33.509Z]   …15000/21779 検知14971社（A10385 B3976 C530） 3.7社/秒 残り約30分
[2026-09-18T05:25:00.372Z]   …15100/21779 検知15069社（A10437 B4012 C539） 3.7社/秒 残り約30分
[2026-09-18T05:25:28.652Z]   …15200/21779 検知15168社（A10499 B4047 C540） 3.7社/秒 残り約29分
[2026-09-18T05:25:53.777Z]   …15300/21779 検知15268社（A10556 B4085 C545） 3.7社/秒 残り約29分
[2026-09-18T05:26:17.058Z]   …15400/21779 検知15368社（A10616 B4117 C553） 3.7社/秒 残り約28分
[2026-09-18T05:26:41.500Z]   …15500/21779 検知15466社（A10672 B4151 C561） 3.7社/秒 残り約28分
[2026-09-18T05:27:06.367Z]   …15600/21779 検知15565社（A10746 B4173 C563） 3.7社/秒 残り約27分
[2026-09-18T05:27:30.991Z]   …15700/21779 検知15665社（A10804 B4208 C570） 3.8社/秒 残り約27分
[2026-09-18T05:27:56.359Z]   …15800/21779 検知15762社（A10868 B4239 C572） 3.8社/秒 残り約27分
[2026-09-18T05:28:21.905Z]   …15900/21779 検知15862社（A10931 B4272 C575） 3.8社/秒 残り約26分
[2026-09-18T05:28:47.550Z]   観測台帳を保存（16000社時点）
[2026-09-18T05:28:47.550Z]   …16000/21779 検知15960社（A10986 B4309 C579） 3.8社/秒 残り約26分
[2026-09-18T05:29:10.545Z]   …16100/21779 検知16057社（A11035 B4351 C585） 3.8社/秒 残り約25分
[2026-09-18T05:29:34.882Z]   …16200/21779 検知16157社（A11095 B4384 C591） 3.8社/秒 残り約25分
[2026-09-18T05:29:58.195Z]   …16300/21779 検知16257社（A11155 B4419 C595） 3.8社/秒 残り約24分
[2026-09-18T05:30:22.620Z]   …16400/21779 検知16357社（A11220 B4450 C598） 3.8社/秒 残り約24分
[2026-09-18T05:30:47.246Z]   …16500/21779 検知16457社（A11274 B4483 C610） 3.8社/秒 残り約23分
[2026-09-18T05:31:13.197Z]   …16600/21779 検知16557社（A11332 B4522 C613） 3.8社/秒 残り約23分
[2026-09-18T05:31:38.166Z]   …16700/21779 検知16657社（A11394 B4553 C620） 3.8社/秒 残り約22分
[2026-09-18T05:32:02.998Z]   …16800/21779 検知16757社（A11458 B4588 C621） 3.8社/秒 残り約22分
[2026-09-18T05:32:26.442Z]   …16900/21779 検知16856社（A11512 B4625 C627） 3.8社/秒 残り約22分
[2026-09-18T05:32:50.558Z]   …17000/21779 検知16955社（A11564 B4665 C633） 3.8社/秒 残り約21分
[2026-09-18T05:33:14.979Z]   …17100/21779 検知17055社（A11624 B4697 C640） 3.8社/秒 残り約21分
[2026-09-18T05:33:39.484Z]   …17200/21779 検知17154社（A11688 B4725 C644） 3.8社/秒 残り約20分
[2026-09-18T05:34:03.943Z]   …17300/21779 検知17254社（A11750 B4758 C648） 3.8社/秒 残り約20分
[2026-09-18T05:34:27.553Z]   …17400/21779 検知17354社（A11801 B4797 C657） 3.8社/秒 残り約19分
[2026-09-18T05:34:52.280Z]   …17500/21779 検知17454社（A11870 B4824 C659） 3.8社/秒 残り約19分
[2026-09-18T05:35:17.198Z]   …17600/21779 検知17554社（A11938 B4855 C660） 3.8社/秒 残り約18分
[2026-09-18T05:35:41.699Z]   …17700/21779 検知17654社（A12009 B4881 C662） 3.8社/秒 残り約18分
[2026-09-18T05:36:06.873Z]   …17800/21779 検知17754社（A12068 B4916 C667） 3.8社/秒 残り約18分
[2026-09-18T05:36:42.996Z]   …17900/21779 検知17854社（A12122 B4957 C671） 3.8社/秒 残り約17分
[2026-09-18T05:37:09.378Z]   観測台帳を保存（18000社時点）
[2026-09-18T05:37:09.378Z]   …18000/21779 検知17953社（A12180 B4992 C675） 3.8社/秒 残り約17分
[2026-09-18T05:37:33.850Z]   …18100/21779 検知18052社（A12238 B5026 C678） 3.8社/秒 残り約16分
[2026-09-18T05:37:58.012Z]   …18200/21779 検知18152社（A12299 B5057 C685） 3.8社/秒 残り約16分
[2026-09-18T05:38:22.438Z]   …18300/21779 検知18252社（A12358 B5089 C692） 3.8社/秒 残り約15分
[2026-09-18T05:38:46.674Z]   …18400/21779 検知18352社（A12420 B5122 C697） 3.8社/秒 残り約15分
[2026-09-18T05:39:09.833Z]   …18500/21779 検知18452社（A12472 B5161 C704） 3.8社/秒 残り約14分
[2026-09-18T05:39:33.130Z]   …18600/21779 検知18552社（A12527 B5203 C707） 3.8社/秒 残り約14分
[2026-09-18T05:39:57.214Z]   …18700/21779 検知18652社（A12588 B5232 C716） 3.8社/秒 残り約14分
[2026-09-18T05:40:23.071Z]   …18800/21779 検知18751社（A12633 B5274 C725） 3.8社/秒 残り約13分
[2026-09-18T05:40:47.018Z]   …18900/21779 検知18851社（A12688 B5310 C733） 3.8社/秒 残り約13分
[2026-09-18T05:41:11.124Z]   …19000/21779 検知18949社（A12743 B5342 C743） 3.8社/秒 残り約12分
[2026-09-18T05:41:34.976Z]   …19100/21779 検知19048社（A12796 B5384 C747） 3.8社/秒 残り約12分
[2026-09-18T05:42:00.442Z]   …19200/21779 検知19148社（A12862 B5413 C751） 3.8社/秒 残り約11分
[2026-09-18T05:42:24.866Z]   …19300/21779 検知19248社（A12913 B5452 C758） 3.8社/秒 残り約11分
[2026-09-18T05:42:49.081Z]   …19400/21779 検知19348社（A12969 B5493 C759） 3.8社/秒 残り約10分
[2026-09-18T05:43:14.972Z]   …19500/21779 検知19448社（A13029 B5528 C763） 3.8社/秒 残り約10分
[2026-09-18T05:43:40.234Z]   …19600/21779 検知19548社（A13085 B5569 C766） 3.8社/秒 残り約10分
[2026-09-18T05:44:06.838Z]   …19700/21779 検知19647社（A13147 B5595 C775） 3.8社/秒 残り約9分
[2026-09-18T05:44:23.273Z]   …19800/21779 検知19733社（A13186 B5616 C786） 3.8社/秒 残り約9分
[2026-09-18T05:44:34.791Z]   …19900/21779 検知19808社（A13222 B5621 C819） 3.8社/秒 残り約8分
[2026-09-18T05:44:46.710Z]   観測台帳を保存（20000社時点）
[2026-09-18T05:44:46.712Z]   …20000/21779 検知19861社（A13242 B5639 C831） 3.8社/秒 残り約8分
[2026-09-18T05:44:56.493Z]   …20100/21779 検知19928社（A13267 B5650 C852） 3.8社/秒 残り約7分
[2026-09-18T05:44:56.638Z]   …20200/21779 検知19967社（A13267 B5650 C880） 3.9社/秒 残り約7分
[2026-09-18T05:44:59.679Z]   …20300/21779 検知20014社（A13274 B5652 C903） 3.9社/秒 残り約6分
[2026-09-18T05:45:06.237Z]   …20400/21779 検知20078社（A13290 B5658 C938） 3.9社/秒 残り約6分
[2026-09-18T05:45:14.846Z]   …20500/21779 検知20134社（A13313 B5665 C959） 3.9社/秒 残り約5分
[2026-09-18T05:45:26.791Z]   …20600/21779 検知20213社（A13341 B5679 C991） 3.9社/秒 残り約5分
[2026-09-18T05:45:28.456Z]   …20700/21779 検知20261社（A13342 B5682 C1024） 3.9社/秒 残り約5分
[2026-09-18T05:45:28.617Z]   …20800/21779 検知20350社（A13342 B5682 C1112） 4.0社/秒 残り約4分
[2026-09-18T05:45:28.783Z]   …20900/21779 検知20382社（A13342 B5682 C1143） 4.0社/秒 残り約4分
[2026-09-18T05:45:28.944Z]   …21000/21779 検知20432社（A13342 B5682 C1193） 4.0社/秒 残り約3分
[2026-09-18T05:45:29.107Z]   …21100/21779 検知20461社（A13342 B5682 C1222） 4.0社/秒 残り約3分
[2026-09-18T05:45:29.255Z]   …21200/21779 検知20499社（A13342 B5682 C1260） 4.0社/秒 残り約2分
[2026-09-18T05:45:29.398Z]   …21300/21779 検知20543社（A13342 B5682 C1294） 4.0社/秒 残り約2分
[2026-09-18T05:45:29.508Z]   …21400/21779 検知20574社（A13342 B5682 C1323） 4.1社/秒 残り約2分
[2026-09-18T05:45:29.625Z]   …21500/21779 検知20618社（A13342 B5682 C1361） 4.1社/秒 残り約1分
[2026-09-18T05:45:29.757Z]   …21600/21779 検知20667社（A13342 B5682 C1407） 4.1社/秒 残り約1分
[2026-09-18T05:45:29.912Z]   …21700/21779 検知20714社（A13342 B5682 C1453） 4.1社/秒 残り約0分
[2026-09-18T05:45:31.627Z] 作業ファイルを並べ替えて書き出し中…
[2026-09-18T05:45:35.751Z]   21779行を書き出し
[2026-09-18T05:45:38.364Z] ---- 結果 ----
[2026-09-18T05:45:38.366Z] 処理 21779社／出力 80行／所要 88分
[2026-09-18T05:45:38.366Z] シグナル検知 20743社（95%）
[2026-09-18T05:45:38.367Z] 階層 A(即架電) 13345 ／ B 5686 ／ C 1473 ／ D 1275
[2026-09-18T05:45:38.367Z]   1. 人事・採用担当の中途求人: 0社
[2026-09-18T05:45:38.367Z]   2. 二次募集・秋採用・通年採用への切替: 13205社
[2026-09-18T05:45:38.367Z]   3. 採用専用メールアドレスの新設: 5937社
[2026-09-18T05:45:38.367Z]   4. 採用予定数の前年比増: 8662社
[2026-09-18T05:45:38.367Z]   5. 採用ページの新設・リニューアル: 7944社
[2026-09-18T05:45:38.367Z]   6. 採用用LINE公式アカウントの取得: 0社
[2026-09-18T05:45:38.367Z]   7. インターン・仕事体験の新規開始: 3418社
[2026-09-18T05:45:38.367Z]   8. 合同説明会の初出展: 403社
[2026-09-18T05:45:38.367Z]   9. 応募者情報の手作業・分散管理: 0社
[2026-09-18T05:45:38.367Z]   10. 面接日程調整・返信対応の負荷: 0社
[2026-09-18T05:45:38.367Z]   11. 選考辞退・連絡不通の課題: 0社
[2026-09-18T05:45:38.367Z]   12. 内定辞退・内定者フォローの強化: 1社
[2026-09-18T05:45:38.367Z]   13. 複数の応募経路の統合ニーズ: 0社
[2026-09-18T05:45:38.367Z]   14. 拠点・部門をまたぐ採用管理: 1社
[2026-09-18T05:45:38.367Z]   15. 採用管理システムの比較・見直し: 0社
[2026-09-18T05:45:38.367Z]   16. 採用業務のデジタル化投資・推進: 0社
[2026-09-18T05:45:38.367Z]   17. 応募受付が手作業動線（メール・電話・郵送）: 157社
[2026-09-18T05:45:38.367Z]   18. 次年度卒面の始動・先行更新: 6426社
[2026-09-18T05:45:38.368Z]   19. 選考プロセスの多段化: 3281社
[2026-09-18T05:45:38.368Z]   20. 初任給の引き上げ: 0社
[2026-09-18T05:45:38.368Z]   21. 募集コースの複線化: 2915社
[2026-09-18T05:45:38.368Z]   22. 昨年度の採用計画が未充足: 3458社
[2026-09-18T05:45:38.368Z]   23. 直近入社の早期離職（定着率の低下）: 9512社
[2026-09-18T05:45:38.368Z]   24. 採用難・計画未達の記載: 34社
[2026-09-18T05:45:38.368Z]   25. 新卒入社数の減少: 6593社
[2026-09-18T05:45:38.368Z]   26. 業績の伸長・安定黒字: 11755社
[2026-09-18T05:45:38.368Z]   27. 全国展開・多拠点／多店舗: 8013社
[2026-09-18T05:45:38.368Z]   28. 人が資本の業種（採用が事業の生命線）: 1129社
[2026-09-18T05:45:38.368Z]   29. 採用に配れる原資（売上規模）: 6312社
[2026-09-18T05:45:38.368Z]   30. 新卒中心の採用計画（中途より新卒が大きい）: 0社
[2026-09-18T05:45:38.368Z] 出力: C:\Users\NC00018174\saiyo_tantousha_poc\data\leads-intent-wide.csv
[2026-09-18T05:45:38.368Z] レポート: C:\Users\NC00018174\saiyo_tantousha_poc\data\intent-wide.md
[2026-09-18T05:45:38.368Z] 観測台帳: C:\Users\NC00018174\saiyo_tantousha_poc\data\intent\observations.json（次回この差分で“新設/切替”が立つ）
