[2026-09-02T18:09:55.044Z] 入力 2000社 → 処理 2000社 ／ 取得系統: csv+mynavi ／ 並列6
[2026-09-02T18:09:55.045Z] --reset-store: 観測台帳を捨てて採り直す（過去の検知は失われる）
[2026-09-02T18:09:55.602Z] baseline を 29334社ぶん敷いた（leads-consolidated-all.csv）＝次回から“新設”を判定できる
[2026-09-02T18:09:55.602Z] 観測台帳: 既知 0社（C:\Users\shofu\Desktop\saiyo_tantousha_poc\poc\data\intent\observations.json）
[2026-09-02T18:10:02.889Z]   …50/2000 検知45社（A1 B12 C25）
[2026-09-02T18:10:09.620Z]   …100/2000 検知93社（A8 B20 C49）
[2026-09-02T18:10:16.388Z]   …150/2000 検知139社（A13 B34 C65）
[2026-09-02T18:10:23.292Z]   …200/2000 検知187社（A15 B51 C87）
[2026-09-02T18:10:30.185Z]   …250/2000 検知233社（A18 B65 C109）
[2026-09-02T18:10:37.608Z]   …300/2000 検知279社（A23 B81 C127）
[2026-09-02T18:10:44.172Z]   …350/2000 検知323社（A30 B92 C143）
[2026-09-02T18:10:51.473Z]   …400/2000 検知372社（A34 B98 C168）
[2026-09-02T18:10:58.303Z]   …450/2000 検知419社（A38 B110 C195）
[2026-09-02T18:11:05.596Z]   …500/2000 検知468社（A41 B124 C216）
[2026-09-02T18:11:12.622Z]   …550/2000 検知517社（A42 B141 C241）
[2026-09-02T18:11:20.040Z]   …600/2000 検知561社（A45 B152 C261）
[2026-09-02T18:11:27.286Z]   …650/2000 検知606社（A53 B169 C275）
[2026-09-02T18:11:34.155Z]   …700/2000 検知649社（A60 B178 C295）
[2026-09-02T18:11:41.753Z]   …750/2000 検知696社（A62 B197 C310）
[2026-09-02T18:11:48.866Z]   …800/2000 検知742社（A64 B217 C330）
[2026-09-02T18:11:55.883Z]   …850/2000 検知792社（A71 B231 C353）
[2026-09-02T18:12:03.145Z]   …900/2000 検知837社（A74 B244 C376）
[2026-09-02T18:12:09.852Z]   …950/2000 検知882社（A78 B256 C398）
[2026-09-02T18:12:16.789Z]   …1000/2000 検知929社（A80 B272 C421）
[2026-09-02T18:12:23.806Z]   …1050/2000 検知976社（A89 B282 C443）
[2026-09-02T18:12:31.150Z]   …1100/2000 検知1023社（A92 B305 C460）
[2026-09-02T18:12:38.347Z]   …1150/2000 検知1068社（A98 B318 C479）
[2026-09-02T18:12:45.615Z]   …1200/2000 検知1113社（A102 B331 C497）
[2026-09-02T18:12:52.701Z]   …1250/2000 検知1161社（A107 B352 C512）
[2026-09-02T18:12:59.619Z]   …1300/2000 検知1210社（A113 B371 C524）
[2026-09-02T18:13:06.869Z]   …1350/2000 検知1256社（A117 B385 C539）
[2026-09-02T18:13:13.662Z]   …1400/2000 検知1304社（A122 B406 C554）
[2026-09-02T18:13:20.302Z]   …1450/2000 検知1351社（A124 B425 C571）
[2026-09-02T18:13:27.303Z]   …1500/2000 検知1401社（A126 B449 C589）
[2026-09-02T18:13:34.158Z]   …1550/2000 検知1448社（A128 B472 C606）
[2026-09-02T18:13:41.100Z]   …1600/2000 検知1496社（A131 B490 C623）
[2026-09-02T18:13:48.281Z]   …1650/2000 検知1543社（A135 B507 C641）
[2026-09-02T18:13:55.322Z]   …1700/2000 検知1590社（A138 B524 C662）
[2026-09-02T18:14:02.399Z]   …1750/2000 検知1640社（A143 B546 C677）
[2026-09-02T18:14:08.902Z]   …1800/2000 検知1689社（A146 B572 C693）
[2026-09-02T18:14:15.697Z]   …1850/2000 検知1735社（A148 B593 C709）
[2026-09-02T18:14:22.797Z]   …1900/2000 検知1780社（A151 B606 C725）
[2026-09-02T18:14:30.016Z]   …1950/2000 検知1826社（A157 B629 C733）
[2026-09-02T18:14:37.449Z]   …2000/2000 検知1873社（A162 B647 C751）
[2026-09-02T18:14:37.564Z] ---- 結果 ----
[2026-09-02T18:14:37.564Z] 処理 2000社／シグナル検知 1873社（94%）
[2026-09-02T18:14:37.564Z] 階層 A(即架電) 162 ／ B 647 ／ C 751 ／ D 440
[2026-09-02T18:14:37.564Z]   1. 人事・採用担当の中途求人: 0社
[2026-09-02T18:14:37.565Z]   2. 二次募集・秋採用・通年採用への切替: 1166社
[2026-09-02T18:14:37.565Z]   3. 採用専用メールアドレスの新設: 767社
[2026-09-02T18:14:37.565Z]   4. 採用予定数の前年比増: 1184社
[2026-09-02T18:14:37.565Z]   5. 採用ページの新設・リニューアル: 914社
[2026-09-02T18:14:37.565Z]   6. 採用用LINE公式アカウントの取得: 0社
[2026-09-02T18:14:37.565Z]   7. インターン・仕事体験の新規開始: 92社
[2026-09-02T18:14:37.565Z]   8. 合同説明会の初出展: 73社
[2026-09-02T18:14:37.565Z] 出力: C:\Users\shofu\Desktop\saiyo_tantousha_poc\poc\data\leads-intent-scored.csv
[2026-09-02T18:14:37.565Z] レポート: C:\Users\shofu\Desktop\saiyo_tantousha_poc\poc\data\intent-hot.md
[2026-09-02T18:14:37.565Z] 観測台帳: C:\Users\shofu\Desktop\saiyo_tantousha_poc\poc\data\intent\observations.json（次回この差分で“新設/切替”が立つ）
