
> saiyo-tantousha-poc@0.1.0 intent:wide
> node --max-old-space-size=4096 src/intent-analyze.js --in data/intent-pool.csv --out data/leads-intent-wide.csv --report data/intent-wide.md --sources csv,mynavi,faces --conc 6 --delay 120 --resume

[2026-09-14T16:37:13.826Z] 入力 20928社 → 処理 20928社 ／ 取得系統: csv+mynavi+faces ／ 並列6
[2026-09-14T16:37:13.945Z] 観測台帳: 既知 32780社（C:\Users\shofu\Desktop\saiyo_tantousha_poc\poc\data\intent\observations.json）
[2026-09-14T16:37:13.945Z] 根拠本文は別ファイルに出す（20928社 > 3000社）: data\leads-intent-wide.evidence.jsonl
[2026-09-14T16:37:13.946Z]   → CSVには根拠URLと引用だけが載る。本文を使う後段は --evidence inline で採り直すこと。
[2026-09-14T16:37:40.057Z]   …100/20928 検知99社（A31 B37 C16） 3.8社/秒 残り約92分
[2026-09-14T16:38:06.621Z]   …200/20928 検知197社（A57 B82 C33） 3.8社/秒 残り約92分
[2026-09-14T16:38:31.253Z]   …300/20928 検知292社（A72 B133 C51） 3.9社/秒 残り約89分
[2026-09-14T16:38:56.749Z]   …400/20928 検知390社（A92 B184 C73） 3.9社/秒 残り約88分
[2026-09-14T16:39:24.476Z]   …500/20928 検知489社（A115 B238 C90） 3.8社/秒 残り約89分
[2026-09-14T16:39:51.322Z]   …600/20928 検知588社（A154 B286 C101） 3.8社/秒 残り約89分
[2026-09-14T16:40:19.131Z]   …700/20928 検知685社（A192 B333 C108） 3.8社/秒 残り約89分
[2026-09-14T16:40:45.968Z]   …800/20928 検知783社（A229 B369 C130） 3.8社/秒 残り約89分
[2026-09-14T16:41:12.613Z]   …900/20928 検知883社（A258 B417 C147） 3.8社/秒 残り約89分
[2026-09-14T16:41:40.077Z]   …1000/20928 検知981社（A291 B453 C166） 3.8社/秒 残り約89分
[2026-09-14T16:42:07.764Z]   …1100/20928 検知1080社（A318 B489 C190） 3.7社/秒 残り約88分
[2026-09-14T16:42:34.004Z]   …1200/20928 検知1180社（A352 B530 C204） 3.7社/秒 残り約88分
[2026-09-14T16:43:01.644Z]   …1300/20928 検知1278社（A382 B577 C217） 3.7社/秒 残り約88分
[2026-09-14T16:43:28.669Z]   …1400/20928 検知1374社（A414 B622 C233） 3.7社/秒 残り約87分
[2026-09-14T16:43:53.750Z]   …1500/20928 検知1474社（A437 B666 C254） 3.7社/秒 残り約86分
[2026-09-14T16:44:18.796Z]   …1600/20928 検知1571社（A458 B705 C279） 3.8社/秒 残り約86分
[2026-09-14T16:44:43.928Z]   …1700/20928 検知1667社（A474 B748 C302） 3.8社/秒 残り約85分
[2026-09-14T16:45:09.208Z]   …1800/20928 検知1759社（A486 B784 C322） 3.8社/秒 残り約84分
[2026-09-14T16:45:35.685Z]   …1900/20928 検知1856社（A497 B828 C351） 3.8社/秒 残り約84分
[2026-09-14T16:46:01.383Z]   観測台帳を保存（2000社時点）
[2026-09-14T16:46:01.383Z]   …2000/20928 検知1951社（A513 B871 C374） 3.8社/秒 残り約83分
[2026-09-14T16:46:26.542Z]   …2100/20928 検知2050社（A528 B920 C395） 3.8社/秒 残り約83分
[2026-09-14T16:46:51.420Z]   …2200/20928 検知2144社（A545 B968 C411） 3.8社/秒 残り約82分
[2026-09-14T16:47:17.777Z]   …2300/20928 検知2242社（A557 B1024 C430） 3.8社/秒 残り約82分
[2026-09-14T16:47:44.315Z]   …2400/20928 検知2337社（A575 B1061 C456） 3.8社/秒 残り約81分
[2026-09-14T16:48:16.313Z]   …2500/20928 検知2436社（A588 B1105 C484） 3.8社/秒 残り約81分
[2026-09-14T16:48:43.058Z]   …2600/20928 検知2535社（A607 B1142 C505） 3.8社/秒 残り約81分
[2026-09-14T16:49:14.649Z]   …2700/20928 検知2633社（A628 B1180 C527） 3.7社/秒 残り約81分
[2026-09-14T16:49:45.618Z]   …2800/20928 検知2727社（A653 B1219 C545） 3.7社/秒 残り約81分
[2026-09-14T16:50:13.428Z]   …2900/20928 検知2821社（A671 B1261 C569） 3.7社/秒 残り約81分
[2026-09-14T16:50:38.458Z]   …3000/20928 検知2919社（A685 B1296 C598） 3.7社/秒 残り約80分
[2026-09-14T16:51:04.301Z]   …3100/20928 検知3014社（A699 B1342 C616） 3.7社/秒 残り約80分
[2026-09-14T16:51:30.114Z]   …3200/20928 検知3110社（A717 B1375 C646） 3.7社/秒 残り約79分
[2026-09-14T16:51:57.087Z]   …3300/20928 検知3206社（A741 B1408 C667） 3.7社/秒 残り約79分
[2026-09-14T16:52:24.900Z]   …3400/20928 検知3306社（A773 B1448 C688） 3.7社/秒 残り約78分
[2026-09-14T16:52:49.272Z]   …3500/20928 検知3402社（A794 B1491 C711） 3.7社/秒 残り約78分
[2026-09-14T16:53:17.275Z]   …3600/20928 検知3499社（A812 B1537 C735） 3.7社/秒 残り約77分
[2026-09-14T16:53:44.506Z]   …3700/20928 検知3598社（A842 B1583 C752） 3.7社/秒 残り約77分
[2026-09-14T16:54:10.619Z]   …3800/20928 検知3696社（A872 B1624 C774） 3.7社/秒 残り約76分
[2026-09-14T16:54:36.844Z]   …3900/20928 検知3795社（A907 B1658 C797） 3.7社/秒 残り約76分
[2026-09-14T16:55:04.472Z]   観測台帳を保存（4000社時点）
[2026-09-14T16:55:04.473Z]   …4000/20928 検知3894社（A949 B1697 C812） 3.7社/秒 残り約76分
[2026-09-14T16:55:31.635Z]   …4100/20928 検知3992社（A978 B1741 C826） 3.7社/秒 残り約75分
[2026-09-14T16:55:57.772Z]   …4200/20928 検知4091社（A1008 B1782 C847） 3.7社/秒 残り約75分
[2026-09-14T16:56:24.072Z]   …4300/20928 検知4190社（A1037 B1823 C862） 3.7社/秒 残り約74分
[2026-09-14T16:56:50.577Z]   …4400/20928 検知4290社（A1069 B1870 C881） 3.7社/秒 残り約74分
[2026-09-14T16:57:16.128Z]   …4500/20928 検知4387社（A1100 B1918 C894） 3.7社/秒 残り約73分
[2026-09-14T16:57:42.796Z]   …4600/20928 検知4487社（A1128 B1964 C910） 3.7社/秒 残り約73分
[2026-09-14T16:58:09.591Z]   …4700/20928 検知4585社（A1164 B1997 C929） 3.7社/秒 残り約72分
[2026-09-14T16:58:35.224Z]   …4800/20928 検知4683社（A1192 B2043 C949） 3.7社/秒 残り約72分
[2026-09-14T16:59:01.598Z]   …4900/20928 検知4783社（A1225 B2080 C971） 3.7社/秒 残り約71分
[2026-09-14T16:59:27.794Z]   …5000/20928 検知4881社（A1254 B2125 C991） 3.7社/秒 残り約71分
[2026-09-14T16:59:53.998Z]   …5100/20928 検知4981社（A1289 B2169 C1003） 3.7社/秒 残り約70分
[2026-09-14T17:00:20.614Z]   …5200/20928 検知5079社（A1322 B2211 C1019） 3.7社/秒 残り約70分
[2026-09-14T17:00:46.707Z]   …5300/20928 検知5178社（A1362 B2244 C1039） 3.8社/秒 残り約69分
[2026-09-14T17:01:13.865Z]   …5400/20928 検知5277社（A1384 B2291 C1056） 3.7社/秒 残り約69分
[2026-09-14T17:01:41.124Z]   …5500/20928 検知5377社（A1414 B2334 C1079） 3.7社/秒 残り約69分
[2026-09-14T17:02:07.985Z]   …5600/20928 検知5476社（A1444 B2387 C1090） 3.7社/秒 残り約68分
[2026-09-14T17:02:33.564Z]   …5700/20928 検知5576社（A1470 B2436 C1108） 3.7社/秒 残り約68分
[2026-09-14T17:02:59.840Z]   …5800/20928 検知5673社（A1498 B2479 C1128） 3.8社/秒 残り約67分
[2026-09-14T17:03:25.856Z]   …5900/20928 検知5772社（A1526 B2523 C1144） 3.8社/秒 残り約67分
[2026-09-14T17:03:52.048Z]   観測台帳を保存（6000社時点）
[2026-09-14T17:03:52.048Z]   …6000/20928 検知5870社（A1549 B2574 C1161） 3.8社/秒 残り約66分
[2026-09-14T17:04:18.504Z]   …6100/20928 検知5967社（A1581 B2616 C1177） 3.8社/秒 残り約66分
[2026-09-14T17:04:45.721Z]   …6200/20928 検知6065社（A1618 B2652 C1191） 3.8社/秒 残り約65分
[2026-09-14T17:05:13.255Z]   …6300/20928 検知6164社（A1645 B2698 C1208） 3.8社/秒 残り約65分
[2026-09-14T17:05:39.474Z]   …6400/20928 検知6264社（A1671 B2743 C1224） 3.8社/秒 残り約65分
[2026-09-14T17:06:06.973Z]   …6500/20928 検知6362社（A1697 B2789 C1243） 3.7社/秒 残り約64分
[2026-09-14T17:06:34.075Z]   …6600/20928 検知6462社（A1721 B2839 C1261） 3.7社/秒 残り約64分
[2026-09-14T17:07:00.688Z]   …6700/20928 検知6561社（A1752 B2881 C1279） 3.7社/秒 残り約63分
[2026-09-14T17:07:26.129Z]   …6800/20928 検知6658社（A1774 B2924 C1295） 3.8社/秒 残り約63分
[2026-09-14T17:07:51.380Z]   …6900/20928 検知6752社（A1796 B2976 C1308） 3.8社/秒 残り約62分
[2026-09-14T17:08:17.410Z]   …7000/20928 検知6848社（A1814 B3019 C1332） 3.8社/秒 残り約62分
[2026-09-14T17:08:42.267Z]   …7100/20928 検知6940社（A1830 B3062 C1351） 3.8社/秒 残り約61分
[2026-09-14T17:09:07.066Z]   …7200/20928 検知7034社（A1843 B3104 C1373） 3.8社/秒 残り約61分
[2026-09-14T17:09:32.044Z]   …7300/20928 検知7129社（A1859 B3146 C1393） 3.8社/秒 残り約60分
[2026-09-14T17:09:56.591Z]   …7400/20928 検知7221社（A1876 B3195 C1410） 3.8社/秒 残り約60分
[2026-09-14T17:10:22.634Z]   …7500/20928 検知7314社（A1887 B3239 C1435） 3.8社/秒 残り約59分
[2026-09-14T17:10:47.001Z]   …7600/20928 検知7410社（A1902 B3287 C1453） 3.8社/秒 残り約59分
[2026-09-14T17:11:12.462Z]   …7700/20928 検知7508社（A1927 B3334 C1469） 3.8社/秒 残り約58分
[2026-09-14T17:11:37.758Z]   …7800/20928 検知7603社（A1943 B3376 C1492） 3.8社/秒 残り約58分
[2026-09-14T17:12:02.898Z]   …7900/20928 検知7699社（A1969 B3414 C1511） 3.8社/秒 残り約57分
[2026-09-14T17:12:27.805Z]   観測台帳を保存（8000社時点）
[2026-09-14T17:12:27.807Z]   …8000/20928 検知7795社（A1988 B3450 C1541） 3.8社/秒 残り約57分
[2026-09-14T17:12:52.436Z]   …8100/20928 検知7890社（A2010 B3482 C1568） 3.8社/秒 残り約56分
[2026-09-14T17:13:17.414Z]   …8200/20928 検知7987社（A2037 B3515 C1585） 3.8社/秒 残り約56分
[2026-09-14T17:13:42.114Z]   …8300/20928 検知8084社（A2053 B3560 C1606） 3.8社/秒 残り約55分
[2026-09-14T17:14:07.808Z]   …8400/20928 検知8177社（A2071 B3598 C1630） 3.8社/秒 残り約55分
[2026-09-14T17:14:32.919Z]   …8500/20928 検知8273社（A2089 B3640 C1653） 3.8社/秒 残り約55分
[2026-09-14T17:14:58.003Z]   …8600/20928 検知8370社（A2110 B3680 C1675） 3.8社/秒 残り約54分
[2026-09-14T17:15:22.967Z]   …8700/20928 検知8465社（A2130 B3726 C1693） 3.8社/秒 残り約54分
[2026-09-14T17:15:47.458Z]   …8800/20928 検知8559社（A2153 B3767 C1711） 3.8社/秒 残り約53分
[2026-09-14T17:16:12.764Z]   …8900/20928 検知8652社（A2175 B3808 C1732） 3.8社/秒 残り約53分
[2026-09-14T17:16:37.763Z]   …9000/20928 検知8752社（A2202 B3848 C1754） 3.8社/秒 残り約52分
[2026-09-14T17:17:02.892Z]   …9100/20928 検知8850社（A2217 B3888 C1779） 3.8社/秒 残り約52分
[2026-09-14T17:17:28.336Z]   …9200/20928 検知8945社（A2237 B3944 C1795） 3.8社/秒 残り約51分
[2026-09-14T17:17:53.644Z]   …9300/20928 検知9045社（A2253 B3990 C1818） 3.8社/秒 残り約51分
[2026-09-14T17:18:18.711Z]   …9400/20928 検知9141社（A2268 B4032 C1848） 3.8社/秒 残り約50分
[2026-09-14T17:18:44.001Z]   …9500/20928 検知9236社（A2284 B4071 C1881） 3.8社/秒 残り約50分
[2026-09-14T17:19:09.777Z]   …9600/20928 検知9334社（A2301 B4116 C1905） 3.8社/秒 残り約49分
[2026-09-14T17:19:35.537Z]   …9700/20928 検知9430社（A2322 B4159 C1926） 3.8社/秒 残り約49分
[2026-09-14T17:20:00.895Z]   …9800/20928 検知9526社（A2343 B4199 C1949） 3.8社/秒 残り約49分
[2026-09-14T17:20:25.981Z]   …9900/20928 検知9622社（A2368 B4231 C1971） 3.8社/秒 残り約48分
[2026-09-14T17:20:51.293Z]   観測台帳を保存（10000社時点）
[2026-09-14T17:20:51.293Z]   …10000/20928 検知9717社（A2384 B4259 C1999） 3.8社/秒 残り約48分
[2026-09-14T17:21:16.174Z]   …10100/20928 検知9814社（A2405 B4303 C2018） 3.8社/秒 残り約47分
[2026-09-14T17:21:41.643Z]   …10200/20928 検知9911社（A2426 B4344 C2044） 3.8社/秒 残り約47分
[2026-09-14T17:22:06.607Z]   …10300/20928 検知10003社（A2441 B4378 C2068） 3.8社/秒 残り約46分
[2026-09-14T17:22:31.771Z]   …10400/20928 検知10102社（A2454 B4426 C2090） 3.8社/秒 残り約46分
[2026-09-14T17:22:57.382Z]   …10500/20928 検知10199社（A2465 B4471 C2117） 3.8社/秒 残り約45分
[2026-09-14T17:23:21.777Z]   …10600/20928 検知10293社（A2479 B4520 C2136） 3.8社/秒 残り約45分
[2026-09-14T17:23:46.496Z]   …10700/20928 検知10390社（A2496 B4567 C2152） 3.8社/秒 残り約44分
[2026-09-14T17:24:11.456Z]   …10800/20928 検知10485社（A2511 B4603 C2187） 3.8社/秒 残り約44分
[2026-09-14T17:24:36.341Z]   …10900/20928 検知10576社（A2528 B4646 C2204） 3.8社/秒 残り約44分
[2026-09-14T17:25:01.629Z]   …11000/20928 検知10674社（A2547 B4686 C2229） 3.8社/秒 残り約43分
[2026-09-14T17:25:26.856Z]   …11100/20928 検知10771社（A2563 B4734 C2250） 3.8社/秒 残り約43分
[2026-09-14T17:25:52.010Z]   …11200/20928 検知10861社（A2581 B4768 C2280） 3.8社/秒 残り約42分
[2026-09-14T17:26:17.615Z]   …11300/20928 検知10959社（A2598 B4813 C2309） 3.8社/秒 残り約42分
[2026-09-14T17:26:42.843Z]   …11400/20928 検知11054社（A2614 B4849 C2341） 3.8社/秒 残り約41分
[2026-09-14T17:27:08.630Z]   …11500/20928 検知11150社（A2634 B4886 C2366） 3.8社/秒 残り約41分
[2026-09-14T17:27:35.097Z]   …11600/20928 検知11245社（A2661 B4924 C2382） 3.8社/秒 残り約40分
[2026-09-14T17:28:01.854Z]   …11700/20928 検知11340社（A2676 B4961 C2408） 3.8社/秒 残り約40分
[2026-09-14T17:28:27.872Z]   …11800/20928 検知11437社（A2691 B5012 C2430） 3.8社/秒 残り約40分
[2026-09-14T17:28:54.950Z]   …11900/20928 検知11534社（A2716 B5055 C2452） 3.8社/秒 残り約39分
[2026-09-14T17:29:23.694Z]   観測台帳を保存（12000社時点）
[2026-09-14T17:29:23.696Z]   …12000/20928 検知11632社（A2748 B5099 C2468） 3.8社/秒 残り約39分
[2026-09-14T17:29:49.507Z]   …12100/20928 検知11725社（A2766 B5137 C2489） 3.8社/秒 残り約38分
[2026-09-14T17:30:15.606Z]   …12200/20928 検知11818社（A2777 B5172 C2518） 3.8社/秒 残り約38分
[2026-09-14T17:30:41.821Z]   …12300/20928 検知11913社（A2798 B5213 C2540） 3.8社/秒 残り約38分
[2026-09-14T17:31:06.775Z]   …12400/20928 検知12012社（A2816 B5261 C2568） 3.8社/秒 残り約37分
[2026-09-14T17:31:31.476Z]   …12500/20928 検知12109社（A2838 B5303 C2583） 3.8社/秒 残り約37分
[2026-09-14T17:31:57.867Z]   …12600/20928 検知12206社（A2854 B5350 C2610） 3.8社/秒 残り約36分
[2026-09-14T17:32:24.807Z]   …12700/20928 検知12302社（A2884 B5385 C2632） 3.8社/秒 残り約36分
[2026-09-14T17:32:52.798Z]   …12800/20928 検知12401社（A2910 B5426 C2656） 3.8社/秒 残り約35分
[2026-09-14T17:33:18.215Z]   …12900/20928 検知12499社（A2934 B5472 C2676） 3.8社/秒 残り約35分
[2026-09-14T17:33:44.738Z]   …13000/20928 検知12598社（A2964 B5512 C2696） 3.8社/秒 残り約34分
[2026-09-14T17:34:10.524Z]   …13100/20928 検知12695社（A2990 B5559 C2712） 3.8社/秒 残り約34分
[2026-09-14T17:34:37.528Z]   …13200/20928 検知12794社（A3019 B5613 C2721） 3.8社/秒 残り約34分
[2026-09-14T17:35:04.694Z]   …13300/20928 検知12893社（A3041 B5661 C2740） 3.8社/秒 残り約33分
[2026-09-14T17:35:31.680Z]   …13400/20928 検知12991社（A3069 B5707 C2755） 3.8社/秒 残り約33分
[2026-09-14T17:35:58.452Z]   …13500/20928 検知13089社（A3093 B5752 C2774） 3.8社/秒 残り約32分
[2026-09-14T17:36:24.774Z]   …13600/20928 検知13188社（A3120 B5795 C2796） 3.8社/秒 残り約32分
[2026-09-14T17:36:51.140Z]   …13700/20928 検知13285社（A3144 B5834 C2818） 3.8社/秒 残り約31分
[2026-09-14T17:37:16.312Z]   …13800/20928 検知13385社（A3168 B5879 C2838） 3.8社/秒 残り約31分
[2026-09-14T17:37:41.189Z]   …13900/20928 検知13478社（A3186 B5929 C2853） 3.8社/秒 残り約31分
[2026-09-14T17:38:07.186Z]   観測台帳を保存（14000社時点）
[2026-09-14T17:38:07.186Z]   …14000/20928 検知13569社（A3201 B5960 C2884） 3.8社/秒 残り約30分
[2026-09-14T17:38:32.510Z]   …14100/20928 検知13665社（A3222 B5995 C2910） 3.8社/秒 残り約30分
[2026-09-14T17:38:56.761Z]   …14200/20928 検知13761社（A3236 B6034 C2938） 3.8社/秒 残り約29分
[2026-09-14T17:39:21.725Z]   …14300/20928 検知13854社（A3249 B6072 C2967） 3.8社/秒 残り約29分
[2026-09-14T17:39:45.944Z]   …14400/20928 検知13949社（A3268 B6110 C2994） 3.8社/秒 残り約28分
[2026-09-14T17:40:10.610Z]   …14500/20928 検知14042社（A3287 B6152 C3009） 3.8社/秒 残り約28分
[2026-09-14T17:40:35.335Z]   …14600/20928 検知14138社（A3310 B6196 C3029） 3.8社/秒 残り約27分
[2026-09-14T17:41:00.453Z]   …14700/20928 検知14234社（A3335 B6233 C3049） 3.8社/秒 残り約27分
[2026-09-14T17:41:25.058Z]   …14800/20928 検知14326社（A3351 B6266 C3074） 3.8社/秒 残り約27分
[2026-09-14T17:41:49.352Z]   …14900/20928 検知14418社（A3367 B6305 C3094） 3.8社/秒 残り約26分
[2026-09-14T17:42:13.408Z]   …15000/20928 検知14511社（A3381 B6345 C3119） 3.8社/秒 残り約26分
[2026-09-14T17:42:37.506Z]   …15100/20928 検知14608社（A3396 B6381 C3153） 3.8社/秒 残り約25分
[2026-09-14T17:43:02.256Z]   …15200/20928 検知14707社（A3410 B6421 C3178） 3.8社/秒 残り約25分
[2026-09-14T17:43:27.408Z]   …15300/20928 検知14801社（A3426 B6457 C3204） 3.9社/秒 残り約24分
[2026-09-14T17:43:51.874Z]   …15400/20928 検知14894社（A3444 B6494 C3230） 3.9社/秒 残り約24分
[2026-09-14T17:44:16.121Z]   …15500/20928 検知14990社（A3458 B6542 C3253） 3.9社/秒 残り約23分
[2026-09-14T17:44:41.195Z]   …15600/20928 検知15088社（A3480 B6581 C3276） 3.9社/秒 残り約23分
[2026-09-14T17:45:05.524Z]   …15700/20928 検知15185社（A3499 B6622 C3300） 3.9社/秒 残り約23分
[2026-09-14T17:45:29.815Z]   …15800/20928 検知15283社（A3521 B6665 C3321） 3.9社/秒 残り約22分
[2026-09-14T17:45:55.070Z]   …15900/20928 検知15376社（A3536 B6706 C3341） 3.9社/秒 残り約22分
[2026-09-14T17:46:21.491Z]   観測台帳を保存（16000社時点）
[2026-09-14T17:46:21.491Z]   …16000/20928 検知15474社（A3558 B6751 C3358） 3.9社/秒 残り約21分
[2026-09-14T17:46:48.450Z]   …16100/20928 検知15573社（A3578 B6793 C3377） 3.9社/秒 残り約21分
[2026-09-14T17:47:14.299Z]   …16200/20928 検知15672社（A3594 B6826 C3414） 3.9社/秒 残り約20分
[2026-09-14T17:47:39.703Z]   …16300/20928 検知15771社（A3608 B6868 C3444） 3.9社/秒 残り約20分
[2026-09-14T17:48:05.896Z]   …16400/20928 検知15866社（A3631 B6908 C3461） 3.9社/秒 残り約20分
[2026-09-14T17:48:32.344Z]   …16500/20928 検知15963社（A3645 B6954 C3486） 3.9社/秒 残り約19分
[2026-09-14T17:48:57.239Z]   …16600/20928 検知16059社（A3665 B6993 C3507） 3.9社/秒 残り約19分
[2026-09-14T17:49:23.218Z]   …16700/20928 検知16155社（A3682 B7024 C3537） 3.9社/秒 残り約18分
[2026-09-14T17:49:49.504Z]   …16800/20928 検知16253社（A3703 B7059 C3560） 3.9社/秒 残り約18分
[2026-09-14T17:50:15.241Z]   …16900/20928 検知16349社（A3715 B7096 C3588） 3.9社/秒 残り約17分
[2026-09-14T17:50:41.104Z]   …17000/20928 検知16447社（A3729 B7140 C3611） 3.9社/秒 残り約17分
[2026-09-14T17:51:06.914Z]   …17100/20928 検知16544社（A3742 B7176 C3643） 3.9社/秒 残り約17分
[2026-09-14T17:51:32.918Z]   …17200/20928 検知16641社（A3761 B7215 C3669） 3.9社/秒 残り約16分
[2026-09-14T17:51:57.987Z]   …17300/20928 検知16735社（A3776 B7253 C3697） 3.9社/秒 残り約16分
[2026-09-14T17:52:22.977Z]   …17400/20928 検知16829社（A3786 B7288 C3725） 3.9社/秒 残り約15分
[2026-09-14T17:52:48.070Z]   …17500/20928 検知16923社（A3797 B7323 C3755） 3.9社/秒 残り約15分
[2026-09-14T17:53:13.011Z]   …17600/20928 検知17017社（A3806 B7357 C3785） 3.9社/秒 残り約14分
[2026-09-14T17:53:39.018Z]   …17700/20928 検知17113社（A3823 B7394 C3814） 3.9社/秒 残り約14分
[2026-09-14T17:54:05.426Z]   …17800/20928 検知17209社（A3839 B7423 C3840） 3.9社/秒 残り約14分
[2026-09-14T17:54:30.479Z]   …17900/20928 検知17305社（A3852 B7461 C3866） 3.9社/秒 残り約13分
[2026-09-14T17:54:57.258Z]   観測台帳を保存（18000社時点）
[2026-09-14T17:54:57.258Z]   …18000/20928 検知17401社（A3861 B7491 C3903） 3.9社/秒 残り約13分
[2026-09-14T17:55:25.408Z]   …18100/20928 検知17499社（A3889 B7524 C3931） 3.9社/秒 残り約12分
[2026-09-14T17:55:52.317Z]   …18200/20928 検知17594社（A3906 B7571 C3954） 3.9社/秒 残り約12分
[2026-09-14T17:56:08.031Z]   …18300/20928 検知17658社（A3919 B7596 C3970） 3.9社/秒 残り約11分
[2026-09-14T17:56:19.217Z]   …18400/20928 検知17699社（A3933 B7614 C3973） 3.9社/秒 残り約11分
[2026-09-14T17:56:27.373Z]   …18500/20928 検知17729社（A3937 B7627 C3982） 3.9社/秒 残り約10分
[2026-09-14T17:56:36.275Z]   …18600/20928 検知17758社（A3946 B7640 C3987） 3.9社/秒 残り約10分
[2026-09-14T17:56:36.527Z]   …18700/20928 検知17759社（A3946 B7640 C3988） 3.9社/秒 残り約9分
[2026-09-14T17:56:43.480Z]   …18800/20928 検知17785社（A3959 B7646 C3993） 3.9社/秒 残り約9分
[2026-09-14T17:56:47.290Z]   …18900/20928 検知17800社（A3961 B7651 C3997） 4.0社/秒 残り約9分
[2026-09-14T17:56:57.998Z]   …19000/20928 検知17837社（A3970 B7666 C4008） 4.0社/秒 残り約8分
[2026-09-14T17:57:05.502Z]   …19100/20928 検知17868社（A3976 B7680 C4014） 4.0社/秒 残り約8分
[2026-09-14T17:57:05.560Z]   …19200/20928 検知17872社（A3976 B7680 C4014） 4.0社/秒 残り約7分
[2026-09-14T17:57:05.602Z]   …19300/20928 検知17873社（A3976 B7680 C4014） 4.0社/秒 残り約7分
[2026-09-14T17:57:05.641Z]   …19400/20928 検知17873社（A3976 B7680 C4014） 4.0社/秒 残り約6分
[2026-09-14T17:57:05.679Z]   …19500/20928 検知17873社（A3976 B7680 C4014） 4.1社/秒 残り約6分
[2026-09-14T17:57:05.721Z]   …19600/20928 検知17873社（A3976 B7680 C4014） 4.1社/秒 残り約5分
[2026-09-14T17:57:05.759Z]   …19700/20928 検知17873社（A3976 B7680 C4014） 4.1社/秒 残り約5分
[2026-09-14T17:57:05.806Z]   …19800/20928 検知17874社（A3976 B7680 C4014） 4.1社/秒 残り約5分
[2026-09-14T17:57:05.848Z]   …19900/20928 検知17874社（A3976 B7680 C4014） 4.2社/秒 残り約4分
[2026-09-14T17:57:07.476Z]   観測台帳を保存（20000社時点）
[2026-09-14T17:57:07.477Z]   …20000/20928 検知17875社（A3976 B7681 C4014） 4.2社/秒 残り約4分
[2026-09-14T17:57:07.557Z]   …20100/20928 検知17876社（A3976 B7681 C4015） 4.2社/秒 残り約3分
[2026-09-14T17:57:07.595Z]   …20200/20928 検知17876社（A3976 B7681 C4015） 4.2社/秒 残り約3分
[2026-09-14T17:57:07.632Z]   …20300/20928 検知17877社（A3976 B7682 C4015） 4.2社/秒 残り約2分
[2026-09-14T17:57:07.682Z]   …20400/20928 検知17877社（A3976 B7682 C4015） 4.3社/秒 残り約2分
[2026-09-14T17:57:07.745Z]   …20500/20928 検知17877社（A3976 B7682 C4015） 4.3社/秒 残り約2分
[2026-09-14T17:57:07.785Z]   …20600/20928 検知17877社（A3976 B7682 C4015） 4.3社/秒 残り約1分
[2026-09-14T17:57:07.825Z]   …20700/20928 検知17877社（A3976 B7682 C4015） 4.3社/秒 残り約1分
[2026-09-14T17:57:07.881Z]   …20800/20928 検知17877社（A3976 B7682 C4015） 4.3社/秒 残り約0分
[2026-09-14T17:57:07.973Z]   …20900/20928 検知17877社（A3976 B7682 C4015） 4.4社/秒 残り約0分
[2026-09-14T17:57:09.390Z] 作業ファイルを読み直して並べ替え中…
[2026-09-14T17:57:20.916Z] ---- 結果 ----
[2026-09-14T17:57:20.916Z] 処理 20928社／出力 20928行／所要 80分
[2026-09-14T17:57:20.916Z] シグナル検知 17882社（85%）
[2026-09-14T17:57:20.916Z] 階層 A(即架電) 3977 ／ B 7684 ／ C 4016 ／ D 5251
[2026-09-14T17:57:20.916Z]   1. 人事・採用担当の中途求人: 10社
[2026-09-14T17:57:20.916Z]   2. 二次募集・秋採用・通年採用への切替: 12172社
[2026-09-14T17:57:20.916Z]   3. 採用専用メールアドレスの新設: 5309社
[2026-09-14T17:57:20.916Z]   4. 採用予定数の前年比増: 7960社
[2026-09-14T17:57:20.916Z]   5. 採用ページの新設・リニューアル: 7751社
[2026-09-14T17:57:20.916Z]   6. 採用用LINE公式アカウントの取得: 0社
[2026-09-14T17:57:20.916Z]   7. インターン・仕事体験の新規開始: 3121社
[2026-09-14T17:57:20.916Z]   8. 合同説明会の初出展: 380社
[2026-09-14T17:57:20.916Z]   9. 応募者情報の手作業・分散管理: 0社
[2026-09-14T17:57:20.916Z]   10. 面接日程調整・返信対応の負荷: 0社
[2026-09-14T17:57:20.916Z]   11. 選考辞退・連絡不通の課題: 0社
[2026-09-14T17:57:20.916Z]   12. 内定辞退・内定者フォローの強化: 1社
[2026-09-14T17:57:20.916Z]   13. 複数の応募経路の統合ニーズ: 0社
[2026-09-14T17:57:20.916Z]   14. 拠点・部門をまたぐ採用管理: 1社
[2026-09-14T17:57:20.916Z]   15. 採用管理システムの比較・見直し: 0社
[2026-09-14T17:57:20.916Z]   16. 採用業務のデジタル化投資・推進: 0社
[2026-09-14T17:57:20.916Z]   17. 応募受付が手作業動線（メール・電話・郵送）: 144社
[2026-09-14T17:57:20.916Z]   18. 次年度卒面の始動・先行更新: 5861社
[2026-09-14T17:57:20.916Z]   19. 選考プロセスの多段化: 2997社
[2026-09-14T17:57:20.916Z]   20. 初任給の引き上げ: 0社
[2026-09-14T17:57:20.916Z]   21. 募集コースの複線化: 2707社
[2026-09-14T17:57:20.916Z] 出力: C:\Users\shofu\Desktop\saiyo_tantousha_poc\poc\data\leads-intent-wide.csv
[2026-09-14T17:57:20.916Z] レポート: C:\Users\shofu\Desktop\saiyo_tantousha_poc\poc\data\intent-wide.md
[2026-09-14T17:57:20.916Z] 観測台帳: C:\Users\shofu\Desktop\saiyo_tantousha_poc\poc\data\intent\observations.json（次回この差分で“新設/切替”が立つ）
