==================== 2026-06-21 14:19:08  monitor --once (pages=1 top=10) ====================
[2026-06-21T05:19:13.023Z] サイクル開始: 12クエリ × 1ページ
[2026-06-21T05:19:13.025Z]   クエリ: 新卒 営業 東京 / 新卒 営業 大阪 / 新卒 営業 名古屋 / 新卒 営業 福岡 / 新卒 営業 横浜 / 新卒 営業 札幌 / 新卒 営業 仙台 / 新卒 エンジニア 東京 / 新卒 企画 東京 / 新卒 総合職 東京 / 新卒 マーケティング 東京 / 新卒 コンサル 東京
[2026-06-21T05:21:11.368Z]   観測: 248社
[2026-06-21T05:21:11.379Z]   差分: 241社に変化（うち初出 196）
[2026-06-21T05:21:11.399Z]   出力: 10社 → C:\Users\shofu\Desktop\saiyo_tantousha_poc\poc\data\monitor\hottest.md
[2026-06-21T05:21:11.401Z]   🔥 TOP5: 1.株式会社バンダイ(45.3)  2.森永製菓株式会社(45.3)  3.日本航空株式会社(45.3)  4.株式会社ロッテ(45.3)  5.アサヒグループジャパン株式会社(45.3)
[2026-06-21T05:21:11.404Z]   🧠 クエリ増殖: +35（例 新卒 エンジニア 名古屋, 新卒 企画 名古屋, 新卒 総合職 名古屋）

---- exit code: 0 ----
==================== 2026-06-21 14:23:17  monitor --once (pages=1 top=10) ====================
[2026-06-21T05:23:17.844Z] サイクル開始: 12クエリ × 1ページ
[2026-06-21T05:23:17.846Z]   クエリ: 新卒 営業 東京 / 新卒 営業 大阪 / 新卒 営業 名古屋 / 新卒 営業 福岡 / 新卒 営業 横浜 / 新卒 営業 札幌 / 新卒 営業 仙台 / 新卒 エンジニア 東京 / 新卒 企画 東京 / 新卒 総合職 東京 / 新卒 マーケティング 東京 / 新卒 コンサル 東京
[2026-06-21T05:23:18.579Z]   観測: 248社
[2026-06-21T05:23:18.595Z]   差分: 0社に変化（うち初出 0）
[2026-06-21T05:23:18.607Z]   出力: 10社 → C:\Users\shofu\Desktop\saiyo_tantousha_poc\poc\data\monitor\hottest.md
[2026-06-21T05:23:18.609Z]   🔥 TOP5: 1.株式会社バンダイ(45.2)  2.森永製菓株式会社(45.2)  3.日本航空株式会社(45.2)  4.株式会社ロッテ(45.2)  5.アサヒグループジャパン株式会社(45.2)

---- exit code: 0 ----
==================== 2026-07-04 01:00:03  monitor --once (pages=1 top=30) ====================
node: C:\Program Files\nodejs\node.exe
[2026-07-03T16:00:07.554Z] サイクル開始: 1クエリ × 1ページ
[2026-07-03T16:00:07.559Z]   クエリ: 新卒 営業 東京
[2026-07-03T16:00:23.285Z]   観測: 67社
[2026-07-03T16:00:23.306Z]   差分: 36社に変化（うち初出 19）
[2026-07-03T16:00:23.326Z]   出力: 30社 → C:\Users\shofu\Desktop\saiyo_tantousha_poc\poc\data\monitor\hottest.md
[2026-07-03T16:00:23.327Z]   🔥 TOP5: 1.株式会社王将フードサービス(13.0)  2.生活協同組合コープみらい(13.0)  3.セコム株式会社(13.0)  4.株式会社マルエツ(13.0)  5.農林中央金庫(13.0)
[2026-07-03T16:00:23.902Z]   ⚠ スプシ書込失敗: webhook HTTP 401

---- exit code: 0 ----
==================== 2026-07-04 07:00:03  monitor --once (pages=1 top=30) ====================
node: C:\Program Files\nodejs\node.exe
[2026-07-03T22:00:08.289Z] サイクル開始: 12クエリ × 1ページ
[2026-07-03T22:00:08.293Z]   クエリ: 新卒 営業 東京 / 新卒 事務 東京 / 新卒 販売 東京 / 新卒 エンジニア 大阪 / 新卒 企画 大阪 / 新卒 総合職 大阪 / 新卒 マーケティング 大阪 / 新卒 コンサル 大阪 / 新卒 事務 大阪 / 新卒 販売 大阪 / 新卒 エンジニア 名古屋 / 新卒 企画 名古屋
[2026-07-03T22:02:07.083Z]   観測: 262社
[2026-07-03T22:02:07.137Z]   差分: 251社に変化（うち初出 203）
[2026-07-03T22:02:07.194Z]   出力: 30社 → C:\Users\shofu\Desktop\saiyo_tantousha_poc\poc\data\monitor\hottest.md
[2026-07-03T22:02:07.195Z]   🔥 TOP5: 1.株式会社バンダイ(41.6)  2.森永製菓株式会社(41.6)  3.日本航空株式会社(41.6)  4.株式会社ロッテ(41.6)  5.アサヒグループジャパン株式会社(41.6)
[2026-07-03T22:02:07.825Z]   ⚠ スプシ書込失敗: webhook HTTP 401

---- exit code: 0 ----
==================== 2026-07-04 13:00:02  monitor --once (pages=1 top=30) ====================
node: C:\Program Files\nodejs\node.exe
[2026-07-04T04:00:03.364Z] サイクル開始: 12クエリ × 1ページ
[2026-07-04T04:00:03.368Z]   クエリ: 新卒 営業 東京 / 新卒 事務 東京 / 新卒 販売 東京 / 新卒 エンジニア 大阪 / 新卒 企画 大阪 / 新卒 総合職 大阪 / 新卒 マーケティング 大阪 / 新卒 コンサル 大阪 / 新卒 事務 大阪 / 新卒 販売 大阪 / 新卒 エンジニア 名古屋 / 新卒 企画 名古屋
[2026-07-04T04:01:58.571Z]   観測: 250社
[2026-07-04T04:01:58.595Z]   差分: 123社に変化（うち初出 38）
[2026-07-04T04:01:58.638Z]   出力: 30社 → C:\Users\shofu\Desktop\saiyo_tantousha_poc\poc\data\monitor\hottest.md
[2026-07-04T04:01:58.639Z]   🔥 TOP5: 1.本田技研工業株式会社(59.6)  2.株式会社Creer(44.6)  3.株式会社バンダイ(39.3)  4.森永製菓株式会社(39.3)  5.日本航空株式会社(39.3)
[2026-07-04T04:01:59.160Z]   ⚠ スプシ書込失敗: webhook HTTP 401

---- exit code: 0 ----
==================== 2026-07-04 19:00:03  monitor --once (pages=1 top=30) ====================
node: C:\Program Files\nodejs\node.exe
[2026-07-04T10:00:09.214Z] サイクル開始: 12クエリ × 1ページ
[2026-07-04T10:00:09.219Z]   クエリ: 新卒 営業 東京 / 新卒 事務 東京 / 新卒 販売 東京 / 新卒 エンジニア 大阪 / 新卒 企画 大阪 / 新卒 総合職 大阪 / 新卒 マーケティング 大阪 / 新卒 コンサル 大阪 / 新卒 事務 大阪 / 新卒 販売 大阪 / 新卒 エンジニア 名古屋 / 新卒 企画 名古屋
[2026-07-04T10:02:06.392Z]   観測: 233社
[2026-07-04T10:02:06.417Z]   差分: 166社に変化（うち初出 61）
[2026-07-04T10:02:06.496Z]   出力: 30社 → C:\Users\shofu\Desktop\saiyo_tantousha_poc\poc\data\monitor\hottest.md
[2026-07-04T10:02:06.498Z]   🔥 TOP5: 1.本田技研工業株式会社(55.0)  2.株式会社Creer(42.1)  3.株式会社バンダイ(37.1)  4.森永製菓株式会社(37.1)  5.日本航空株式会社(37.1)
[2026-07-04T10:02:07.157Z]   ⚠ スプシ書込失敗: webhook HTTP 401

---- exit code: 0 ----
==================== 2026-07-05 01:00:02  monitor --once (pages=1 top=30) ====================
node: C:\Program Files\nodejs\node.exe
[2026-07-04T16:00:02.383Z] サイクル開始: 12クエリ × 1ページ
[2026-07-04T16:00:02.387Z]   クエリ: 新卒 営業 東京 / 新卒 事務 東京 / 新卒 販売 東京 / 新卒 エンジニア 大阪 / 新卒 企画 大阪 / 新卒 総合職 大阪 / 新卒 マーケティング 大阪 / 新卒 コンサル 大阪 / 新卒 事務 大阪 / 新卒 販売 大阪 / 新卒 エンジニア 名古屋 / 新卒 企画 名古屋
[2026-07-04T16:01:58.634Z]   観測: 224社
[2026-07-04T16:01:58.650Z]   差分: 159社に変化（うち初出 62）
[2026-07-04T16:01:58.691Z]   出力: 30社 → C:\Users\shofu\Desktop\saiyo_tantousha_poc\poc\data\monitor\hottest.md
[2026-07-04T16:01:58.692Z]   🔥 TOP5: 1.本田技研工業株式会社(52.0)  2.株式会社Creer(39.7)  3.株式会社バンダイ(35.0)  4.森永製菓株式会社(35.0)  5.日本航空株式会社(35.0)
[2026-07-04T16:01:59.254Z]   ⚠ スプシ書込失敗: webhook HTTP 401

---- exit code: 0 ----
==================== 2026-07-05 07:00:03  monitor --once (pages=1 top=30) ====================
node: C:\Program Files\nodejs\node.exe
[2026-07-04T22:00:09.458Z] サイクル開始: 12クエリ × 1ページ
[2026-07-04T22:00:09.462Z]   クエリ: 新卒 営業 東京 / 新卒 事務 東京 / 新卒 販売 東京 / 新卒 エンジニア 大阪 / 新卒 企画 大阪 / 新卒 総合職 大阪 / 新卒 マーケティング 大阪 / 新卒 コンサル 大阪 / 新卒 事務 大阪 / 新卒 販売 大阪 / 新卒 エンジニア 名古屋 / 新卒 企画 名古屋
[2026-07-04T22:02:07.174Z]   観測: 245社
[2026-07-04T22:02:07.245Z]   差分: 151社に変化（うち初出 69）
[2026-07-04T22:02:07.298Z]   出力: 30社 → C:\Users\shofu\Desktop\saiyo_tantousha_poc\poc\data\monitor\hottest.md
[2026-07-04T22:02:07.300Z]   🔥 TOP5: 1.本田技研工業株式会社(49.0)  2.株式会社Creer(37.5)  3.株式会社バンダイ(33.1)  4.森永製菓株式会社(33.1)  5.日本航空株式会社(33.1)
[2026-07-04T22:02:07.812Z]   ⚠ スプシ書込失敗: webhook HTTP 401

---- exit code: 0 ----
