入力 170社 / 電話あり&採用人数不明 170社 / 今回対象 170社
卒年マイナビ28 / 間隔2500ms
[1/170] アート梱包運輸(株) … — マイナビ採用データに募集人数記載なし
[2/170] 株式会社スズキ自販埼玉 … 16~20名(1コース)
[3/170] 大和機工株式会社 … — マイナビ採用データに募集人数記載なし
[4/170] 島津産機システムズ株式会社 … — マイナビ採用データに募集人数記載なし
[5/170] 日本高圧コンクリート株式会社 … 6~10名(1コース)
[6/170] 株式会社タナカ … — マイナビ採用データに募集人数記載なし
[7/170] 株式会社奥井組 … — マイナビ検索ヒット無し
[8/170] 株式会社渡商会 … — マイナビ採用データに募集人数記載なし
[9/170] (株)ホンダカーズ市川 … — マイナビ採用データに募集人数記載なし
[10/170] (株)ミチルワグループ スプライフカンパニー … — マイナビ採用データに募集人数記載なし
[11/170] セレスティカ・ジャパン(株) … — マイナビ採用データに募集人数記載なし
[12/170] テイカ製薬(株) … — マイナビ採用データに募集人数記載なし
[13/170] 医療法人 誠安会 … — マイナビ採用データに募集人数記載なし
[14/170] 関西熱化学(株) … — マイナビ採用データに募集人数記載なし
[15/170] 金属技研(株) … — マイナビ採用データに募集人数記載なし
[16/170] 寿精版印刷(株) … — マイナビ採用データに募集人数記載なし
[17/170] 信和ホテルズ(株)【ホテルプラザ神戸・ライズホテル大阪北新地・天然温泉ひなたの湯】 … — マイナビ検索ヒット無し
[18/170] 大同薬品工業(株) … — マイナビ採用データに募集人数記載なし
[19/170] 竹田印刷(株)【竹田iPグループ】 … — マイナビ採用データに募集人数記載なし
[20/170] 島田商事(株) … — マイナビ採用データに募集人数記載なし
[21/170] 東洋製鉄(株) … — マイナビ採用データに募集人数記載なし
[22/170] 堂本食品(株) … — マイナビ採用データに募集人数記載なし
[23/170] 不二電子工業(株) … — マイナビ採用データに募集人数記載なし
[24/170] 平林金属(株) … — マイナビ採用データに募集人数記載なし
[25/170] (株)DSGN【Dr.stretch】 … — マイナビ採用データに募集人数記載なし
[26/170] (株)アソウ・アルファ【長崎エリア/採用窓口】 … — マイナビ検索ヒット無し
[27/170] (株)アミノ … — マイナビ採用データに募集人数記載なし
[28/170] (株)サンエー … — マイナビ採用データ面が取得できず
[29/170] (株)サンユウ【東証スタンダード市場上場】 … — マイナビ採用データに募集人数記載なし
[30/170] (株)サンリッツ【住友化学グループ】 … — マイナビ採用データに募集人数記載なし
[31/170] (株)スーパーホテル … — マイナビ採用データに募集人数記載なし
[32/170] (株)テクノ月星【ムーンスターグループ】 … — マイナビ採用データに募集人数記載なし
[33/170] (株)デリクックちくま … — マイナビ採用データに募集人数記載なし
[34/170] (株)はいむるぶし【三井不動産グループ】 … — マイナビ採用データに募集人数記載なし
[35/170] (株)ペヤングホールディングス/まるか食品(株)/まるか商事(株) … — マイナビ検索ヒット無し
[36/170] (株)ベルポリエステルプロダクツ … — マイナビ採用データに募集人数記載なし
[37/170] (株)ホテル紅や … — マイナビ採用データに募集人数記載なし
[38/170] (株)ミヤコシ … — マイナビ採用データに募集人数記載なし
[39/170] (株)強羅花壇 … — マイナビ採用データに募集人数記載なし
[40/170] (株)国興 … — マイナビ採用データに募集人数記載なし
[41/170] (株)山梅 … — マイナビ採用データに募集人数記載なし
[42/170] (株)瞬報社 … — マイナビ採用データに募集人数記載なし
[43/170] (株)新みやぎサービス … — マイナビ採用データに募集人数記載なし
[44/170] (株)新川食品 … — マイナビ採用データに募集人数記載なし
[45/170] (株)水上 … — マイナビ採用データに募集人数記載なし
[46/170] (株)成田デンタル … — マイナビ採用データに募集人数記載なし
[47/170] (株)千鳥饅頭総本舗 … — マイナビ採用データに募集人数記載なし
[48/170] (株)足利フラワーリゾート … — マイナビ採用データに募集人数記載なし
[49/170] (株)中沢ヴィレッジ【草津温泉 ホテルヴィレッジ】 … — マイナビ採用データに募集人数記載なし
[50/170] (株)藤庄メディアプラス【旧社名：藤庄印刷(株)】 … — マイナビ採用データに募集人数記載なし
[51/170] (株)日産サティオ徳島 … — マイナビ採用データに募集人数記載なし
[52/170] (株)豊島製作所 … — マイナビ採用データに募集人数記載なし
[53/170] アタックベース(株) … — マイナビ採用データに募集人数記載なし
[54/170] クロダルマ(株) … — マイナビ採用データに募集人数記載なし
[55/170] スバル九州(株)【2026年4月より福岡スバル(株)、西九州スバル(株)、熊本スバル自動車(株)、大分スバル自動車(株)、南九州スバル(株)、沖縄スバル(株)が統合】 … — マイナビ検索ヒット無し
[56/170] ニデックコンポーネンツ(株)【旧社名：日本電産コパル電子(株)】 … — マイナビ採用データに募集人数記載なし
[57/170] ニュー小湊ホテル(株) … — マイナビ採用データに募集人数記載なし
[58/170] パール金属(株)【PEARL LIFE・CAPTAIN STAG】 … — マイナビ採用データに募集人数記載なし
[59/170] フジタ自動車工業(株) … — マイナビ採用データに募集人数記載なし
[60/170] フジノ食品(株) … — マイナビ採用データに募集人数記載なし
[61/170] 宇仁繊維(株) … — マイナビ採用データに募集人数記載なし
[62/170] 遠鉄システムサービス(株) … — マイナビ採用データに募集人数記載なし
[63/170] 沖縄ハーバービューホテル【ザ・ホテリエ・グループ那覇(株)】 … — マイナビ採用データに募集人数記載なし
[64/170] 喜多機械産業(株) … — マイナビ採用データに募集人数記載なし
[65/170] 宮坂建設工業(株) … — マイナビ採用データに募集人数記載なし
[66/170] 宮脇鋼管(株) … — マイナビ採用データに募集人数記載なし
[67/170] 京都日産自動車(株) … — マイナビ採用データに募集人数記載なし
[68/170] 協同精版印刷(株) … — マイナビ採用データに募集人数記載なし
[69/170] 協和ビル管理株式会社 … — マイナビ検索ヒット無し
[70/170] 桂不動産(株) … — マイナビ採用データに募集人数記載なし
[71/170] 五栄土木(株)【五洋建設グループ】 … — マイナビ採用データに募集人数記載なし
[72/170] 高信化学(株) … — マイナビ採用データに募集人数記載なし
[73/170] 三洋製紙(株) … — マイナビ採用データに募集人数記載なし
[74/170] 山清工業(株) … — マイナビ採用データに募集人数記載なし
[75/170] 芝原工業(株) … — マイナビ採用データに募集人数記載なし
[76/170] 勝美印刷(株) … — マイナビ採用データに募集人数記載なし
[77/170] 小金井不動産(株)【LIXIL不動産ショップ】 … — マイナビ採用データに募集人数記載なし
[78/170] 上田交通グループ【上田交通(株)、上田電鉄(株)、(株)上田東急REIホテル】 … — マイナビ採用データに募集人数記載なし
[79/170] 伸晃化学(株)【Shinko Chemical Co.,Ltd.】 … — マイナビ採用データに募集人数記載なし
[80/170] 信越定期自動車(株)【SLINE長野】 … — マイナビ採用データに募集人数記載なし
[81/170] 信州名鉄運輸(株) … — マイナビ採用データに募集人数記載なし
[82/170] 新日本印刷(株) … — マイナビ採用データに募集人数記載なし
[83/170] 神島化学工業(株)【東証スタンダード市場上場】 … — マイナビ採用データに募集人数記載なし
[84/170] 親和パッケージ株式会社 … — マイナビ検索ヒット無し
[85/170] 須山建設(株) … — マイナビ採用データに募集人数記載なし
[86/170] 千葉製粉(株) … — マイナビ採用データに募集人数記載なし
[87/170] 川嶋印刷(株) … — マイナビ採用データに募集人数記載なし
[88/170] 大商硝子(株) … — マイナビ採用データに募集人数記載なし
[89/170] 大島造園土木(株) … — マイナビ採用データに募集人数記載なし
[90/170] 大福製紙(株) … — マイナビ採用データに募集人数記載なし
[91/170] 中国新聞印刷(株)【中国新聞グループ】 … — マイナビ採用データに募集人数記載なし
[92/170] 直江津電子工業(株)【信越化学グループ】 … — マイナビ採用データに募集人数記載なし
[93/170] 天竜丸澤(株) … — マイナビ採用データに募集人数記載なし
[94/170] 東洋熱工業株式会社 … — マイナビ採用データに募集人数記載なし
[95/170] 日軽形材(株)【日本軽金属グループ】 … — マイナビ採用データに募集人数記載なし
[96/170] 日立セメント(株) … — マイナビ採用データに募集人数記載なし
[97/170] 富永電機(株) … — マイナビ採用データに募集人数記載なし
[98/170] 富士食品工業(株) … — マイナビ採用データに募集人数記載なし
[99/170] 冨木医療器(株) … — マイナビ採用データに募集人数記載なし
[100/170] 祐徳自動車(株) … — マイナビ採用データに募集人数記載なし
[101/170] 琉球物流(株) … — マイナビ採用データに募集人数記載なし
[102/170] 六甲金属(株) … — マイナビ採用データに募集人数記載なし
[103/170] JFE瀬戸内物流(株) … — マイナビ検索ヒット無し
[104/170] 札幌定温運輸(株) … — マイナビ採用データに募集人数記載なし
[105/170] 讃陽食品工業(株) … — マイナビ採用データに募集人数記載なし
[106/170] 瀬戸運輸(株) … — マイナビ採用データに募集人数記載なし
[107/170] 東邦レオ株式会社 … — マイナビ検索ヒット無し
[108/170] (株)タクマ食品 … — マイナビ採用データに募集人数記載なし
[109/170] (株)パーカーコーポレーション【東証スタンダード市場上場】 … — マイナビ採用データに募集人数記載なし
[110/170] (株)ホクチク … — マイナビ採用データに募集人数記載なし
[111/170] (株)朝日ラバー【東証スタンダード市場上場】 … — マイナビ採用データに募集人数記載なし
[112/170] (株)奈良自動車学校【マスオ商事】 … — マイナビ採用データに募集人数記載なし
[113/170] (株)明治ゴム化成 … — マイナビ採用データに募集人数記載なし
[114/170] イノテック(株)【東証プライム上場】 … — マイナビ採用データに募集人数記載なし
[115/170] 株式会社ユーマート … — マイナビ検索ヒット無し
[116/170] 光村印刷(株)【東証スタンダード上場】 … — マイナビ採用データに募集人数記載なし
[117/170] 大阪シーリング印刷(株)【OSPグループ】 … — マイナビ採用データに募集人数記載なし
[118/170] 東和総合住宅(株)【アイフルホーム・アイムの家】 … — マイナビ採用データに募集人数記載なし
[119/170] 虹技(株)【東証スタンダード市場上場】 … — マイナビ採用データに募集人数記載なし
[120/170] 福岡運輸(株) … — マイナビ採用データに募集人数記載なし
[121/170] 株式会社Ｂ・Ｉ … 6~10名(1コース)
[122/170] 関場建設株式会社 … — マイナビ採用データに募集人数記載なし
[123/170] 池田煖房工業株式会社 … — マイナビ採用データに募集人数記載なし
[124/170] いしのまき農業協同組合(JAいしのまき) … — マイナビ採用データに募集人数記載なし
[125/170] 株式会社カネトモ … — マイナビ採用データ面が取得できず
[126/170] 株式会社藤伸 … — マイナビ検索ヒット無し
[127/170] 丸水札幌中央水産株式会社 … 6~10名(1コース)
[128/170] 中央アルプス観光株式会社 … — マイナビ検索ヒット無し
[129/170] 豊運輸株式会社 … — マイナビ検索ヒット無し
[130/170] カメヤマ株式会社 … — マイナビ検索ヒット無し
[131/170] 柿原工業株式会社 … — マイナビ採用データ面が取得できず
[132/170] 株式会社松永製作所 … — マイナビ採用データに募集人数記載なし
[133/170] 株式会社天龍 … — マイナビ採用データに募集人数記載なし
[134/170] 菊水酒造株式会社 … — マイナビ検索ヒット無し
[135/170] 山口金属曲板工業株式会社 … — マイナビ検索ヒット無し
[136/170] 山陽マシン株式会社 … 1~5名(1コース)
[137/170] 株式会社近藤紡績所 … — マイナビ採用データに募集人数記載なし
[138/170] 国分東北株式会社 … — マイナビ採用データ面が取得できず
[139/170] シブヤ食品株式会社 … — マイナビ検索ヒット無し
[140/170] 東洋株式会社 … 6~10名(1コース)
[141/170] 東洋警備保障株式会社 … — マイナビ検索ヒット無し
[142/170] 株式会社イワサキ経営 … 1~5名(1コース)
[143/170] 株式会社スカイパレスアソシエイツ … — マイナビ検索ヒット無し
[144/170] 株式会社ビック … 201~300名(1コース)
[145/170] 石上車輌株式会社 … 1~5名(1コース)
[146/170] 株式会社テクアノーツ … — マイナビ採用データに募集人数記載なし
[147/170] (株)GANKO【旧社名：がんこフードサービス(株)】 … — マイナビ採用データに募集人数記載なし
[148/170] (株)ハイメディック【リゾートトラストグループ】 … — マイナビ採用データに募集人数記載なし
[149/170] フタムラ化学(株) … — マイナビ採用データに募集人数記載なし
[150/170] ミサワホーム甲信株式会社 … 1~5名(1コース)
[151/170] 愛知機械工業(株)【日産グループ】 … — マイナビ採用データに募集人数記載なし
[152/170] 株式会社スズケン … 1~5名(1コース)
[153/170] 東京建物リゾート(株)【ホテル事業部】 … — マイナビ採用データに募集人数記載なし
[154/170] 文化シヤッターサービス(株) … — マイナビ採用データに募集人数記載なし
[155/170] 株式会社エッサム … — マイナビ採用データに募集人数記載なし
[156/170] (株)ハートフレンド【フレスコ(FRESCO)】 … — マイナビ採用データに募集人数記載なし
[157/170] ポラスグループ … — マイナビ採用データに募集人数記載なし
[158/170] 株式会社加賀田組 … — マイナビ採用データに募集人数記載なし
[159/170] ダイワボウ情報システム株式会社 … — マイナビ採用データに募集人数記載なし
[160/170] 株式会社エコワーク … — マイナビ検索ヒット無し
[161/170] 帝人株式会社 … 36~40名(1コース)
[162/170] 東洋アルミニウム株式会社 … — マイナビ採用データに募集人数記載なし
[163/170] 東洋電機株式会社 … — マイナビ採用データに募集人数記載なし
[164/170] 株式会社こうゆう … 21~25名(1コース)
[165/170] 福岡地所株式会社 … — マイナビ採用データに募集人数記載なし
[166/170] 株式会社リブドゥコーポレーション … — マイナビ採用データに募集人数記載なし
[167/170] ビューテック株式会社 … — マイナビ採用データに募集人数記載なし
[168/170] 札建工業株式会社 … — マイナビ採用データに募集人数記載なし
[169/170] 日鉄テックスエンジ(株)【日本製鉄グループ】 … — マイナビ採用データに募集人数記載なし
[170/170] フェンリル … — マイナビ採用データに募集人数記載なし

埋まった 13社 / うち採用6名以上 8社 → C:\Users\NC00018174\saiyo_tantousha_poc\data\hire-enriched-mynavi.csv
