[2026-07-11T09:39:40.474Z] 再開: 既存 1000 行 / 採用担当者名あり 1000 / 処理済ID 4888
[2026-07-11T09:39:40.476Z] sitemap index 取得...
[2026-07-11T09:39:40.810Z] 子sitemap 32 件
[2026-07-11T09:40:09.064Z]   sitemap29.xml.gz +47553 (cum 47553)
[2026-07-11T09:40:10.103Z]   sitemap30.xml.gz +50000 (cum 97553)
[2026-07-11T09:40:11.109Z]   sitemap31.xml.gz +50000 (cum 147553)
[2026-07-11T09:40:12.064Z]   sitemap32.xml.gz +24355 (cum 171908)
[2026-07-11T09:40:12.874Z] 募集ID プール: 171908 件
[2026-07-11T09:40:12.887Z] 未処理 167304 件を stride サンプリング順で処理（取得上限 25000）
[2026-07-11T09:41:32.632Z] fetched 25 | named 1005/4000 (hit 5 dup 20 noname 0 dead 0)
[2026-07-11T09:42:50.165Z] fetched 50 | named 1008/4000 (hit 8 dup 42 noname 0 dead 0)
[2026-07-11T09:44:06.488Z] fetched 75 | named 1010/4000 (hit 10 dup 65 noname 0 dead 0)
[2026-07-11T09:45:22.985Z] fetched 100 | named 1015/4000 (hit 15 dup 85 noname 0 dead 0)
[2026-07-11T09:46:40.614Z] fetched 125 | named 1021/4000 (hit 21 dup 103 noname 1 dead 0)
[2026-07-11T09:47:57.118Z] fetched 150 | named 1028/4000 (hit 28 dup 121 noname 1 dead 0)
[2026-07-11T09:49:15.065Z] fetched 175 | named 1031/4000 (hit 31 dup 142 noname 2 dead 0)
[2026-07-11T09:50:30.826Z] fetched 200 | named 1033/4000 (hit 33 dup 165 noname 2 dead 0)
[2026-07-11T09:51:46.983Z] fetched 225 | named 1034/4000 (hit 34 dup 189 noname 2 dead 0)
[2026-07-11T09:53:04.026Z] fetched 250 | named 1034/4000 (hit 34 dup 214 noname 2 dead 0)
[2026-07-11T09:54:18.925Z] fetched 275 | named 1035/4000 (hit 35 dup 238 noname 2 dead 0)
[2026-07-11T09:55:35.807Z] fetched 300 | named 1038/4000 (hit 38 dup 260 noname 2 dead 0)
[2026-07-11T09:56:52.565Z] fetched 325 | named 1040/4000 (hit 40 dup 283 noname 2 dead 0)
[2026-07-11T09:58:07.969Z] fetched 350 | named 1043/4000 (hit 43 dup 305 noname 2 dead 0)
[2026-07-11T09:59:22.952Z] fetched 375 | named 1044/4000 (hit 44 dup 327 noname 4 dead 0)
[2026-07-11T10:00:40.718Z] fetched 400 | named 1046/4000 (hit 46 dup 350 noname 4 dead 0)
[2026-07-11T10:01:55.743Z] fetched 425 | named 1049/4000 (hit 49 dup 372 noname 4 dead 0)
[2026-07-11T10:03:11.184Z] fetched 450 | named 1053/4000 (hit 53 dup 393 noname 4 dead 0)
[2026-07-11T10:04:26.421Z] fetched 475 | named 1054/4000 (hit 54 dup 417 noname 4 dead 0)
[2026-07-11T10:05:42.212Z] fetched 500 | named 1060/4000 (hit 60 dup 436 noname 4 dead 0)
[2026-07-11T10:06:57.257Z] fetched 525 | named 1061/4000 (hit 61 dup 460 noname 4 dead 0)
[2026-07-11T10:08:13.219Z] fetched 550 | named 1063/4000 (hit 63 dup 483 noname 4 dead 0)
[2026-07-11T10:09:29.976Z] fetched 575 | named 1064/4000 (hit 64 dup 507 noname 4 dead 0)
[2026-07-11T10:10:47.197Z] fetched 600 | named 1067/4000 (hit 67 dup 529 noname 4 dead 0)
[2026-07-11T10:12:05.515Z] fetched 625 | named 1067/4000 (hit 67 dup 554 noname 4 dead 0)
[2026-07-11T10:13:24.036Z] fetched 650 | named 1068/4000 (hit 68 dup 578 noname 4 dead 0)
[2026-07-11T10:14:40.737Z] fetched 675 | named 1069/4000 (hit 69 dup 602 noname 4 dead 0)
[2026-07-11T10:15:57.224Z] fetched 700 | named 1070/4000 (hit 70 dup 625 noname 5 dead 0)
[2026-07-11T10:17:15.432Z] fetched 725 | named 1073/4000 (hit 73 dup 647 noname 5 dead 0)
[2026-07-11T10:18:31.136Z] fetched 750 | named 1074/4000 (hit 74 dup 671 noname 5 dead 0)
[2026-07-11T10:19:47.735Z] fetched 775 | named 1075/4000 (hit 75 dup 694 noname 6 dead 0)
[2026-07-11T10:21:04.244Z] fetched 800 | named 1078/4000 (hit 78 dup 716 noname 6 dead 0)
[2026-07-11T10:22:20.842Z] fetched 825 | named 1080/4000 (hit 80 dup 738 noname 7 dead 0)
[2026-07-11T10:23:36.517Z] fetched 850 | named 1081/4000 (hit 81 dup 760 noname 9 dead 0)
[2026-07-11T10:24:53.000Z] fetched 875 | named 1087/4000 (hit 87 dup 778 noname 10 dead 0)
[2026-07-11T10:26:11.007Z] fetched 900 | named 1089/4000 (hit 89 dup 801 noname 10 dead 0)
[2026-07-11T10:27:27.551Z] fetched 925 | named 1091/4000 (hit 91 dup 823 noname 11 dead 0)
[2026-07-11T10:28:45.129Z] fetched 950 | named 1092/4000 (hit 92 dup 843 noname 15 dead 0)
[2026-07-11T10:30:01.121Z] fetched 975 | named 1092/4000 (hit 92 dup 867 noname 16 dead 0)
[2026-07-11T10:31:19.327Z] fetched 1000 | named 1094/4000 (hit 94 dup 890 noname 16 dead 0)
[2026-07-11T10:32:34.794Z] fetched 1025 | named 1096/4000 (hit 96 dup 913 noname 16 dead 0)
[2026-07-11T10:33:51.626Z] fetched 1050 | named 1099/4000 (hit 99 dup 935 noname 16 dead 0)
[2026-07-11T10:35:09.209Z] fetched 1075 | named 1100/4000 (hit 100 dup 959 noname 16 dead 0)
[2026-07-11T10:36:25.440Z] fetched 1100 | named 1104/4000 (hit 104 dup 980 noname 16 dead 0)
[2026-07-11T10:37:42.841Z] fetched 1125 | named 1108/4000 (hit 108 dup 1001 noname 16 dead 0)
[2026-07-11T10:39:00.015Z] fetched 1150 | named 1108/4000 (hit 108 dup 1026 noname 16 dead 0)
[2026-07-11T10:40:17.128Z] fetched 1175 | named 1108/4000 (hit 108 dup 1051 noname 16 dead 0)
[2026-07-11T10:41:34.463Z] fetched 1200 | named 1110/4000 (hit 110 dup 1074 noname 16 dead 0)
[2026-07-11T10:42:52.801Z] fetched 1225 | named 1110/4000 (hit 110 dup 1099 noname 16 dead 0)
[2026-07-11T10:44:10.291Z] fetched 1250 | named 1113/4000 (hit 113 dup 1120 noname 17 dead 0)
[2026-07-11T10:45:27.262Z] fetched 1275 | named 1117/4000 (hit 117 dup 1141 noname 17 dead 0)
[2026-07-11T10:46:45.020Z] fetched 1300 | named 1119/4000 (hit 119 dup 1164 noname 17 dead 0)
[2026-07-11T10:48:01.685Z] fetched 1325 | named 1122/4000 (hit 122 dup 1186 noname 17 dead 0)
[2026-07-11T10:49:18.592Z] fetched 1350 | named 1124/4000 (hit 124 dup 1209 noname 17 dead 0)
[2026-07-11T10:50:37.168Z] fetched 1375 | named 1129/4000 (hit 129 dup 1229 noname 17 dead 0)
[2026-07-11T10:51:53.954Z] fetched 1400 | named 1133/4000 (hit 133 dup 1249 noname 18 dead 0)
[2026-07-11T10:53:14.067Z] fetched 1425 | named 1136/4000 (hit 136 dup 1271 noname 18 dead 0)
[2026-07-11T10:54:30.697Z] fetched 1450 | named 1137/4000 (hit 137 dup 1295 noname 18 dead 0)
[2026-07-11T10:55:48.105Z] fetched 1475 | named 1140/4000 (hit 140 dup 1317 noname 18 dead 0)
[2026-07-11T10:57:05.513Z] fetched 1500 | named 1142/4000 (hit 142 dup 1339 noname 19 dead 0)
[2026-07-11T10:58:23.258Z] fetched 1525 | named 1144/4000 (hit 144 dup 1361 noname 20 dead 0)
[2026-07-11T10:59:38.869Z] fetched 1550 | named 1145/4000 (hit 145 dup 1383 noname 22 dead 0)
[2026-07-11T11:00:57.152Z] fetched 1575 | named 1150/4000 (hit 150 dup 1403 noname 22 dead 0)
[2026-07-11T11:02:13.905Z] fetched 1600 | named 1152/4000 (hit 152 dup 1426 noname 22 dead 0)
[2026-07-11T11:03:32.072Z] fetched 1625 | named 1155/4000 (hit 155 dup 1448 noname 22 dead 0)
[2026-07-11T11:04:50.858Z] fetched 1650 | named 1158/4000 (hit 158 dup 1470 noname 22 dead 0)
[2026-07-11T11:06:08.143Z] fetched 1675 | named 1162/4000 (hit 162 dup 1491 noname 22 dead 0)
[2026-07-11T11:07:25.024Z] fetched 1700 | named 1166/4000 (hit 166 dup 1511 noname 23 dead 0)
[2026-07-11T11:08:43.361Z] fetched 1725 | named 1166/4000 (hit 166 dup 1536 noname 23 dead 0)
[2026-07-11T11:10:01.685Z] fetched 1750 | named 1167/4000 (hit 167 dup 1560 noname 23 dead 0)
[2026-07-11T11:11:19.576Z] fetched 1775 | named 1169/4000 (hit 169 dup 1583 noname 23 dead 0)
[2026-07-11T11:12:37.787Z] fetched 1800 | named 1171/4000 (hit 171 dup 1606 noname 23 dead 0)
[2026-07-11T11:13:56.040Z] fetched 1825 | named 1172/4000 (hit 172 dup 1630 noname 23 dead 0)
[2026-07-11T11:15:11.124Z] fetched 1850 | named 1175/4000 (hit 175 dup 1651 noname 24 dead 0)
[2026-07-11T11:16:28.658Z] fetched 1875 | named 1175/4000 (hit 175 dup 1676 noname 24 dead 0)
[2026-07-11T11:17:44.808Z] fetched 1900 | named 1177/4000 (hit 177 dup 1699 noname 24 dead 0)
[2026-07-11T11:19:02.946Z] fetched 1925 | named 1184/4000 (hit 184 dup 1717 noname 24 dead 0)
[2026-07-11T11:20:19.620Z] fetched 1950 | named 1185/4000 (hit 185 dup 1741 noname 24 dead 0)
[2026-07-11T11:21:35.271Z] fetched 1975 | named 1190/4000 (hit 190 dup 1761 noname 24 dead 0)
[2026-07-11T11:22:52.247Z] fetched 2000 | named 1193/4000 (hit 193 dup 1783 noname 24 dead 0)
[2026-07-11T11:24:09.966Z] fetched 2025 | named 1195/4000 (hit 195 dup 1805 noname 25 dead 0)
[2026-07-11T11:25:28.380Z] fetched 2050 | named 1199/4000 (hit 199 dup 1825 noname 26 dead 0)
[2026-07-11T11:26:46.338Z] fetched 2075 | named 1202/4000 (hit 202 dup 1846 noname 27 dead 0)
[2026-07-11T11:28:04.156Z] fetched 2100 | named 1205/4000 (hit 205 dup 1866 noname 29 dead 0)
[2026-07-11T11:29:21.901Z] fetched 2125 | named 1207/4000 (hit 207 dup 1886 noname 32 dead 0)
[2026-07-11T11:30:38.731Z] fetched 2150 | named 1207/4000 (hit 207 dup 1911 noname 32 dead 0)
[2026-07-11T11:31:57.434Z] fetched 2175 | named 1210/4000 (hit 210 dup 1931 noname 34 dead 0)
[2026-07-11T11:33:15.367Z] fetched 2200 | named 1212/4000 (hit 212 dup 1952 noname 36 dead 0)
[2026-07-11T11:34:33.831Z] fetched 2225 | named 1215/4000 (hit 215 dup 1973 noname 37 dead 0)
[2026-07-11T11:35:50.190Z] fetched 2250 | named 1220/4000 (hit 220 dup 1990 noname 40 dead 0)
[2026-07-11T11:37:06.562Z] fetched 2275 | named 1222/4000 (hit 222 dup 2012 noname 41 dead 0)
[2026-07-11T11:38:26.223Z] fetched 2300 | named 1222/4000 (hit 222 dup 2036 noname 42 dead 0)
[2026-07-11T11:39:42.636Z] fetched 2325 | named 1224/4000 (hit 224 dup 2058 noname 43 dead 0)
[2026-07-11T11:40:59.776Z] fetched 2350 | named 1225/4000 (hit 225 dup 2081 noname 44 dead 0)
[2026-07-11T11:42:15.931Z] fetched 2375 | named 1228/4000 (hit 228 dup 2101 noname 46 dead 0)
[2026-07-11T11:43:32.854Z] fetched 2400 | named 1230/4000 (hit 230 dup 2124 noname 46 dead 0)
[2026-07-11T11:44:52.443Z] fetched 2425 | named 1233/4000 (hit 233 dup 2145 noname 47 dead 0)
[2026-07-11T11:46:10.064Z] fetched 2450 | named 1234/4000 (hit 234 dup 2169 noname 47 dead 0)
[2026-07-11T11:47:25.348Z] fetched 2475 | named 1237/4000 (hit 237 dup 2190 noname 48 dead 0)
[2026-07-11T11:48:42.348Z] fetched 2500 | named 1239/4000 (hit 239 dup 2211 noname 50 dead 0)
[2026-07-11T11:50:00.054Z] fetched 2525 | named 1239/4000 (hit 239 dup 2235 noname 51 dead 0)
[2026-07-11T11:51:17.362Z] fetched 2550 | named 1242/4000 (hit 242 dup 2257 noname 51 dead 0)
[2026-07-11T11:52:34.166Z] fetched 2575 | named 1245/4000 (hit 245 dup 2279 noname 51 dead 0)
[2026-07-11T11:53:50.965Z] fetched 2600 | named 1248/4000 (hit 248 dup 2300 noname 52 dead 0)
[2026-07-11T11:55:07.734Z] fetched 2625 | named 1251/4000 (hit 251 dup 2322 noname 52 dead 0)
[2026-07-11T11:56:24.342Z] fetched 2650 | named 1255/4000 (hit 255 dup 2342 noname 53 dead 0)
[2026-07-11T11:57:40.229Z] fetched 2675 | named 1256/4000 (hit 256 dup 2365 noname 54 dead 0)
[2026-07-11T11:58:58.618Z] fetched 2700 | named 1259/4000 (hit 259 dup 2387 noname 54 dead 0)
[2026-07-11T12:00:18.678Z] fetched 2725 | named 1259/4000 (hit 259 dup 2412 noname 54 dead 0)
[2026-07-11T12:01:36.713Z] fetched 2750 | named 1263/4000 (hit 263 dup 2431 noname 56 dead 0)
[2026-07-11T12:02:53.727Z] fetched 2775 | named 1264/4000 (hit 264 dup 2455 noname 56 dead 0)
[2026-07-11T12:04:12.241Z] fetched 2800 | named 1266/4000 (hit 266 dup 2478 noname 56 dead 0)
[2026-07-11T12:05:29.339Z] fetched 2825 | named 1267/4000 (hit 267 dup 2501 noname 57 dead 0)
[2026-07-11T12:06:46.575Z] fetched 2850 | named 1268/4000 (hit 268 dup 2525 noname 57 dead 0)
[2026-07-11T12:08:04.019Z] fetched 2875 | named 1271/4000 (hit 271 dup 2545 noname 59 dead 0)
[2026-07-11T12:09:22.334Z] fetched 2900 | named 1275/4000 (hit 275 dup 2566 noname 59 dead 0)
[2026-07-11T12:10:40.899Z] fetched 2925 | named 1275/4000 (hit 275 dup 2591 noname 59 dead 0)
[2026-07-11T12:11:56.802Z] fetched 2950 | named 1276/4000 (hit 276 dup 2615 noname 59 dead 0)
[2026-07-11T12:13:18.876Z] fetched 2975 | named 1280/4000 (hit 280 dup 2635 noname 60 dead 0)
[2026-07-11T12:14:35.491Z] fetched 3000 | named 1284/4000 (hit 284 dup 2654 noname 62 dead 0)
[2026-07-11T12:15:53.798Z] fetched 3025 | named 1285/4000 (hit 285 dup 2674 noname 66 dead 0)
[2026-07-11T12:17:09.977Z] fetched 3050 | named 1285/4000 (hit 285 dup 2698 noname 67 dead 0)
[2026-07-11T12:18:27.185Z] fetched 3075 | named 1287/4000 (hit 287 dup 2720 noname 68 dead 0)
[2026-07-11T12:19:43.612Z] fetched 3100 | named 1288/4000 (hit 288 dup 2743 noname 69 dead 0)
[2026-07-11T12:21:00.207Z] fetched 3125 | named 1289/4000 (hit 289 dup 2764 noname 72 dead 0)
[2026-07-11T12:22:17.577Z] fetched 3150 | named 1290/4000 (hit 290 dup 2788 noname 72 dead 0)
[2026-07-11T12:23:36.461Z] fetched 3175 | named 1293/4000 (hit 293 dup 2808 noname 74 dead 0)
[2026-07-11T12:24:53.355Z] fetched 3200 | named 1294/4000 (hit 294 dup 2831 noname 75 dead 0)
[2026-07-11T12:26:09.240Z] fetched 3225 | named 1300/4000 (hit 300 dup 2850 noname 75 dead 0)
[2026-07-11T12:27:25.596Z] fetched 3250 | named 1300/4000 (hit 300 dup 2874 noname 76 dead 0)
[2026-07-11T12:28:41.858Z] fetched 3275 | named 1301/4000 (hit 301 dup 2897 noname 77 dead 0)
[2026-07-11T12:29:59.279Z] fetched 3300 | named 1302/4000 (hit 302 dup 2920 noname 78 dead 0)
[2026-07-11T12:31:16.184Z] fetched 3325 | named 1304/4000 (hit 304 dup 2942 noname 79 dead 0)
[2026-07-11T12:32:34.508Z] fetched 3350 | named 1305/4000 (hit 305 dup 2966 noname 79 dead 0)
[2026-07-11T12:33:51.042Z] fetched 3375 | named 1305/4000 (hit 305 dup 2990 noname 80 dead 0)
[2026-07-11T12:35:06.713Z] fetched 3400 | named 1311/4000 (hit 311 dup 3008 noname 81 dead 0)
[2026-07-11T12:36:23.983Z] fetched 3425 | named 1312/4000 (hit 312 dup 3030 noname 83 dead 0)
[2026-07-11T12:37:40.774Z] fetched 3450 | named 1314/4000 (hit 314 dup 3053 noname 83 dead 0)
[2026-07-11T12:38:57.571Z] fetched 3475 | named 1316/4000 (hit 316 dup 3074 noname 85 dead 0)
[2026-07-11T12:40:13.614Z] fetched 3500 | named 1317/4000 (hit 317 dup 3098 noname 85 dead 0)
[2026-07-11T12:41:33.266Z] fetched 3525 | named 1320/4000 (hit 320 dup 3119 noname 86 dead 0)
[2026-07-11T12:42:52.256Z] fetched 3550 | named 1322/4000 (hit 322 dup 3142 noname 86 dead 0)
[2026-07-11T12:44:08.667Z] fetched 3575 | named 1322/4000 (hit 322 dup 3167 noname 86 dead 0)
[2026-07-11T12:45:26.501Z] fetched 3600 | named 1323/4000 (hit 323 dup 3190 noname 87 dead 0)
[2026-07-11T12:46:44.707Z] fetched 3625 | named 1325/4000 (hit 325 dup 3212 noname 88 dead 0)
[2026-07-11T12:48:01.875Z] fetched 3650 | named 1326/4000 (hit 326 dup 3236 noname 88 dead 0)
[2026-07-11T12:49:19.289Z] fetched 3675 | named 1328/4000 (hit 328 dup 3258 noname 89 dead 0)
[2026-07-11T12:50:38.845Z] fetched 3700 | named 1331/4000 (hit 331 dup 3280 noname 89 dead 0)
[2026-07-11T12:51:58.795Z] fetched 3725 | named 1332/4000 (hit 332 dup 3304 noname 89 dead 0)
[2026-07-11T12:53:16.348Z] fetched 3750 | named 1334/4000 (hit 334 dup 3327 noname 89 dead 0)
[2026-07-11T12:54:33.412Z] fetched 3775 | named 1334/4000 (hit 334 dup 3352 noname 89 dead 0)
[2026-07-11T12:55:50.743Z] fetched 3800 | named 1336/4000 (hit 336 dup 3375 noname 89 dead 0)
[2026-07-11T12:57:07.774Z] fetched 3825 | named 1338/4000 (hit 338 dup 3397 noname 90 dead 0)
[2026-07-11T12:58:25.511Z] fetched 3850 | named 1339/4000 (hit 339 dup 3421 noname 90 dead 0)
[2026-07-11T12:59:44.770Z] fetched 3875 | named 1342/4000 (hit 342 dup 3443 noname 90 dead 0)
[2026-07-11T13:01:04.467Z] fetched 3900 | named 1343/4000 (hit 343 dup 3465 noname 92 dead 0)
[2026-07-11T13:02:20.345Z] fetched 3925 | named 1344/4000 (hit 344 dup 3489 noname 92 dead 0)
[2026-07-11T13:03:38.577Z] fetched 3950 | named 1346/4000 (hit 346 dup 3511 noname 93 dead 0)
[2026-07-11T13:04:54.716Z] fetched 3975 | named 1348/4000 (hit 348 dup 3533 noname 94 dead 0)
[2026-07-11T13:06:13.750Z] fetched 4000 | named 1349/4000 (hit 349 dup 3557 noname 94 dead 0)
[2026-07-11T13:07:31.767Z] fetched 4025 | named 1352/4000 (hit 352 dup 3579 noname 94 dead 0)
[2026-07-11T13:08:47.589Z] fetched 4050 | named 1354/4000 (hit 354 dup 3601 noname 95 dead 0)
[2026-07-11T13:10:04.599Z] fetched 4075 | named 1356/4000 (hit 356 dup 3624 noname 95 dead 0)
[2026-07-11T13:11:23.086Z] fetched 4100 | named 1357/4000 (hit 357 dup 3647 noname 96 dead 0)
[2026-07-11T13:12:40.000Z] fetched 4125 | named 1359/4000 (hit 359 dup 3669 noname 97 dead 0)
[2026-07-11T13:13:56.234Z] fetched 4150 | named 1360/4000 (hit 360 dup 3693 noname 97 dead 0)
[2026-07-11T13:15:13.964Z] fetched 4175 | named 1361/4000 (hit 361 dup 3717 noname 97 dead 0)
[2026-07-11T13:16:34.479Z] fetched 4200 | named 1363/4000 (hit 363 dup 3740 noname 97 dead 0)
[2026-07-11T13:17:50.705Z] fetched 4225 | named 1365/4000 (hit 365 dup 3761 noname 99 dead 0)
[2026-07-11T13:19:07.076Z] fetched 4250 | named 1366/4000 (hit 366 dup 3785 noname 99 dead 0)
[2026-07-11T13:20:25.438Z] fetched 4275 | named 1367/4000 (hit 367 dup 3809 noname 99 dead 0)
[2026-07-11T13:21:43.968Z] fetched 4300 | named 1368/4000 (hit 368 dup 3832 noname 100 dead 0)
[2026-07-11T13:23:00.232Z] fetched 4325 | named 1368/4000 (hit 368 dup 3857 noname 100 dead 0)
[2026-07-11T13:24:18.446Z] fetched 4350 | named 1369/4000 (hit 369 dup 3881 noname 100 dead 0)
[2026-07-11T13:25:35.355Z] fetched 4375 | named 1370/4000 (hit 370 dup 3905 noname 100 dead 0)
[2026-07-11T13:26:52.240Z] fetched 4400 | named 1372/4000 (hit 372 dup 3928 noname 100 dead 0)
[2026-07-11T13:28:10.122Z] fetched 4425 | named 1374/4000 (hit 374 dup 3951 noname 100 dead 0)
[2026-07-11T13:29:26.218Z] fetched 4450 | named 1376/4000 (hit 376 dup 3973 noname 101 dead 0)
[2026-07-11T13:30:44.567Z] fetched 4475 | named 1377/4000 (hit 377 dup 3994 noname 104 dead 0)
[2026-07-11T13:32:02.615Z] fetched 4500 | named 1380/4000 (hit 380 dup 4016 noname 104 dead 0)
[2026-07-11T13:33:18.932Z] fetched 4525 | named 1381/4000 (hit 381 dup 4040 noname 104 dead 0)
[2026-07-11T13:34:35.763Z] fetched 4550 | named 1384/4000 (hit 384 dup 4061 noname 105 dead 0)
[2026-07-11T13:35:52.703Z] fetched 4575 | named 1385/4000 (hit 385 dup 4084 noname 106 dead 0)
[2026-07-11T13:37:08.775Z] fetched 4600 | named 1386/4000 (hit 386 dup 4108 noname 106 dead 0)
[2026-07-11T13:38:25.064Z] fetched 4625 | named 1387/4000 (hit 387 dup 4131 noname 107 dead 0)
[2026-07-11T13:39:44.948Z] fetched 4650 | named 1388/4000 (hit 388 dup 4154 noname 108 dead 0)
[2026-07-11T13:41:04.561Z] fetched 4675 | named 1389/4000 (hit 389 dup 4177 noname 109 dead 0)
[2026-07-11T13:42:21.141Z] fetched 4700 | named 1392/4000 (hit 392 dup 4199 noname 109 dead 0)
[2026-07-11T13:43:38.144Z] fetched 4725 | named 1393/4000 (hit 393 dup 4223 noname 109 dead 0)
[2026-07-11T13:44:54.586Z] fetched 4750 | named 1396/4000 (hit 396 dup 4245 noname 109 dead 0)
[2026-07-11T13:46:11.230Z] fetched 4775 | named 1397/4000 (hit 397 dup 4268 noname 110 dead 0)
[2026-07-11T13:47:26.798Z] fetched 4800 | named 1399/4000 (hit 399 dup 4291 noname 110 dead 0)
[2026-07-11T13:48:43.706Z] fetched 4825 | named 1400/4000 (hit 400 dup 4314 noname 111 dead 0)
[2026-07-11T13:49:59.935Z] fetched 4850 | named 1402/4000 (hit 402 dup 4336 noname 112 dead 0)
[2026-07-11T13:51:17.139Z] fetched 4875 | named 1402/4000 (hit 402 dup 4361 noname 112 dead 0)
[2026-07-11T13:52:32.826Z] fetched 4900 | named 1405/4000 (hit 405 dup 4381 noname 114 dead 0)
[2026-07-11T13:53:50.631Z] fetched 4925 | named 1405/4000 (hit 405 dup 4404 noname 116 dead 0)
[2026-07-11T13:55:07.578Z] fetched 4950 | named 1405/4000 (hit 405 dup 4429 noname 116 dead 0)
[2026-07-11T13:56:25.940Z] fetched 4975 | named 1406/4000 (hit 406 dup 4452 noname 117 dead 0)
[2026-07-11T13:57:41.927Z] fetched 5000 | named 1408/4000 (hit 408 dup 4475 noname 117 dead 0)
[2026-07-11T13:58:58.712Z] fetched 5025 | named 1410/4000 (hit 410 dup 4495 noname 120 dead 0)
[2026-07-11T14:00:17.039Z] fetched 5050 | named 1414/4000 (hit 414 dup 4516 noname 120 dead 0)
[2026-07-11T14:01:36.100Z] fetched 5075 | named 1417/4000 (hit 417 dup 4538 noname 120 dead 0)
[2026-07-11T14:02:53.518Z] fetched 5100 | named 1417/4000 (hit 417 dup 4562 noname 121 dead 0)
[2026-07-11T14:04:09.851Z] fetched 5125 | named 1418/4000 (hit 418 dup 4584 noname 123 dead 0)
[2026-07-11T14:05:27.863Z] fetched 5150 | named 1418/4000 (hit 418 dup 4608 noname 124 dead 0)
[2026-07-11T14:06:46.401Z] fetched 5175 | named 1418/4000 (hit 418 dup 4633 noname 124 dead 0)
[2026-07-11T14:08:03.288Z] fetched 5200 | named 1419/4000 (hit 419 dup 4657 noname 124 dead 0)
[2026-07-11T14:09:19.457Z] fetched 5225 | named 1421/4000 (hit 421 dup 4679 noname 125 dead 0)
[2026-07-11T14:10:36.872Z] fetched 5250 | named 1424/4000 (hit 424 dup 4698 noname 128 dead 0)
[2026-07-11T14:11:54.798Z] fetched 5275 | named 1424/4000 (hit 424 dup 4719 noname 132 dead 0)
[2026-07-11T14:13:12.222Z] fetched 5300 | named 1424/4000 (hit 424 dup 4744 noname 132 dead 0)
[2026-07-11T14:14:28.835Z] fetched 5325 | named 1427/4000 (hit 427 dup 4766 noname 132 dead 0)
[2026-07-11T14:15:45.378Z] fetched 5350 | named 1429/4000 (hit 429 dup 4788 noname 133 dead 0)
[2026-07-11T14:17:03.303Z] fetched 5375 | named 1430/4000 (hit 430 dup 4812 noname 133 dead 0)
[2026-07-11T14:18:21.564Z] fetched 5400 | named 1431/4000 (hit 431 dup 4836 noname 133 dead 0)
[2026-07-11T14:19:40.184Z] fetched 5425 | named 1431/4000 (hit 431 dup 4859 noname 135 dead 0)
[2026-07-11T14:20:57.547Z] fetched 5450 | named 1432/4000 (hit 432 dup 4883 noname 135 dead 0)
[2026-07-11T14:22:15.601Z] fetched 5475 | named 1433/4000 (hit 433 dup 4906 noname 136 dead 0)
[2026-07-11T14:23:32.663Z] fetched 5500 | named 1436/4000 (hit 436 dup 4925 noname 139 dead 0)
[2026-07-11T14:24:50.967Z] fetched 5525 | named 1438/4000 (hit 438 dup 4945 noname 142 dead 0)
[2026-07-11T14:26:10.854Z] fetched 5550 | named 1440/4000 (hit 440 dup 4968 noname 142 dead 0)
[2026-07-11T14:27:27.630Z] fetched 5575 | named 1442/4000 (hit 442 dup 4989 noname 144 dead 0)
[2026-07-11T14:28:44.662Z] fetched 5600 | named 1445/4000 (hit 445 dup 5011 noname 144 dead 0)
[2026-07-11T14:30:00.689Z] fetched 5625 | named 1446/4000 (hit 446 dup 5034 noname 145 dead 0)
[2026-07-11T14:31:20.115Z] fetched 5650 | named 1447/4000 (hit 447 dup 5058 noname 145 dead 0)
[2026-07-11T14:32:36.430Z] fetched 5675 | named 1449/4000 (hit 449 dup 5079 noname 147 dead 0)
[2026-07-11T14:33:53.395Z] fetched 5700 | named 1450/4000 (hit 450 dup 5102 noname 148 dead 0)
[2026-07-11T14:35:11.181Z] fetched 5725 | named 1452/4000 (hit 452 dup 5124 noname 149 dead 0)
[2026-07-11T14:36:30.470Z] fetched 5750 | named 1453/4000 (hit 453 dup 5146 noname 151 dead 0)
[2026-07-11T14:37:47.356Z] fetched 5775 | named 1455/4000 (hit 455 dup 5166 noname 154 dead 0)
[2026-07-11T14:39:05.878Z] fetched 5800 | named 1458/4000 (hit 458 dup 5186 noname 156 dead 0)
[2026-07-11T14:40:23.616Z] fetched 5825 | named 1458/4000 (hit 458 dup 5209 noname 158 dead 0)
[2026-07-11T14:41:41.592Z] fetched 5850 | named 1459/4000 (hit 459 dup 5230 noname 161 dead 0)
[2026-07-11T14:42:58.346Z] fetched 5875 | named 1461/4000 (hit 461 dup 5253 noname 161 dead 0)
[2026-07-11T14:44:15.930Z] fetched 5900 | named 1462/4000 (hit 462 dup 5275 noname 163 dead 0)
[2026-07-11T14:45:32.133Z] fetched 5925 | named 1465/4000 (hit 465 dup 5297 noname 163 dead 0)
[2026-07-11T14:46:50.840Z] fetched 5950 | named 1465/4000 (hit 465 dup 5322 noname 163 dead 0)
[2026-07-11T14:48:08.611Z] fetched 5975 | named 1465/4000 (hit 465 dup 5347 noname 163 dead 0)
[2026-07-11T14:49:26.846Z] fetched 6000 | named 1466/4000 (hit 466 dup 5371 noname 163 dead 0)
[2026-07-11T14:50:45.600Z] fetched 6025 | named 1469/4000 (hit 469 dup 5391 noname 165 dead 0)
[2026-07-11T14:52:03.993Z] fetched 6050 | named 1470/4000 (hit 470 dup 5415 noname 165 dead 0)
[2026-07-11T14:53:23.669Z] fetched 6075 | named 1471/4000 (hit 471 dup 5439 noname 165 dead 0)
[2026-07-11T14:54:41.918Z] fetched 6100 | named 1474/4000 (hit 474 dup 5461 noname 165 dead 0)
[2026-07-11T14:55:58.271Z] fetched 6125 | named 1475/4000 (hit 475 dup 5484 noname 166 dead 0)
[2026-07-11T14:57:16.093Z] fetched 6150 | named 1479/4000 (hit 479 dup 5504 noname 167 dead 0)
[2026-07-11T14:58:34.185Z] fetched 6175 | named 1481/4000 (hit 481 dup 5526 noname 168 dead 0)
[2026-07-11T14:59:52.366Z] fetched 6200 | named 1483/4000 (hit 483 dup 5548 noname 169 dead 0)
[2026-07-11T15:01:11.375Z] fetched 6225 | named 1484/4000 (hit 484 dup 5569 noname 172 dead 0)
[2026-07-11T15:02:28.448Z] fetched 6250 | named 1485/4000 (hit 485 dup 5591 noname 174 dead 0)
[2026-07-11T15:03:45.583Z] fetched 6275 | named 1485/4000 (hit 485 dup 5615 noname 175 dead 0)
[2026-07-11T15:05:01.946Z] fetched 6300 | named 1487/4000 (hit 487 dup 5636 noname 177 dead 0)
[2026-07-11T15:06:19.108Z] fetched 6325 | named 1489/4000 (hit 489 dup 5658 noname 178 dead 0)
[2026-07-11T15:07:35.915Z] fetched 6350 | named 1492/4000 (hit 492 dup 5679 noname 179 dead 0)
[2026-07-11T15:08:53.859Z] fetched 6375 | named 1493/4000 (hit 493 dup 5700 noname 182 dead 0)
[2026-07-11T15:10:13.502Z] fetched 6400 | named 1493/4000 (hit 493 dup 5725 noname 182 dead 0)
[2026-07-11T15:11:30.897Z] fetched 6425 | named 1496/4000 (hit 496 dup 5747 noname 182 dead 0)
[2026-07-11T15:12:47.272Z] fetched 6450 | named 1498/4000 (hit 498 dup 5769 noname 183 dead 0)
[2026-07-11T15:14:03.366Z] fetched 6475 | named 1499/4000 (hit 499 dup 5793 noname 183 dead 0)
[2026-07-11T15:15:20.812Z] fetched 6500 | named 1502/4000 (hit 502 dup 5812 noname 186 dead 0)
[2026-07-11T15:16:41.953Z] fetched 6525 | named 1507/4000 (hit 507 dup 5831 noname 187 dead 0)
[2026-07-11T15:17:59.901Z] fetched 6550 | named 1507/4000 (hit 507 dup 5856 noname 187 dead 0)
[2026-07-11T15:19:19.076Z] fetched 6575 | named 1508/4000 (hit 508 dup 5879 noname 188 dead 0)
[2026-07-11T15:20:36.758Z] fetched 6600 | named 1508/4000 (hit 508 dup 5904 noname 188 dead 0)
[2026-07-11T15:21:55.558Z] fetched 6625 | named 1510/4000 (hit 510 dup 5926 noname 189 dead 0)
[2026-07-11T15:23:13.184Z] fetched 6650 | named 1511/4000 (hit 511 dup 5948 noname 191 dead 0)
[2026-07-11T15:24:30.600Z] fetched 6675 | named 1511/4000 (hit 511 dup 5972 noname 192 dead 0)
[2026-07-11T15:25:47.459Z] fetched 6700 | named 1512/4000 (hit 512 dup 5995 noname 193 dead 0)
[2026-07-11T15:27:04.863Z] fetched 6725 | named 1513/4000 (hit 513 dup 6019 noname 193 dead 0)
[2026-07-11T15:28:27.440Z] fetched 6750 | named 1514/4000 (hit 514 dup 6043 noname 193 dead 0)
[2026-07-11T15:29:45.701Z] fetched 6775 | named 1515/4000 (hit 515 dup 6067 noname 193 dead 0)
[2026-07-11T15:31:04.678Z] fetched 6800 | named 1515/4000 (hit 515 dup 6091 noname 194 dead 0)
[2026-07-11T15:32:22.826Z] fetched 6825 | named 1517/4000 (hit 517 dup 6114 noname 194 dead 0)
[2026-07-11T15:33:39.620Z] fetched 6850 | named 1517/4000 (hit 517 dup 6137 noname 196 dead 0)
[2026-07-11T15:34:55.426Z] fetched 6875 | named 1517/4000 (hit 517 dup 6160 noname 198 dead 0)
[2026-07-11T15:36:11.870Z] fetched 6900 | named 1517/4000 (hit 517 dup 6183 noname 200 dead 0)
[2026-07-11T15:37:31.416Z] fetched 6925 | named 1517/4000 (hit 517 dup 6208 noname 200 dead 0)
[2026-07-11T15:38:48.633Z] fetched 6950 | named 1518/4000 (hit 518 dup 6231 noname 201 dead 0)
[2026-07-11T15:40:05.490Z] fetched 6975 | named 1520/4000 (hit 520 dup 6254 noname 201 dead 0)
[2026-07-11T15:41:24.221Z] fetched 7000 | named 1521/4000 (hit 521 dup 6278 noname 201 dead 0)
[2026-07-11T15:42:43.259Z] fetched 7025 | named 1521/4000 (hit 521 dup 6302 noname 202 dead 0)
[2026-07-11T15:44:03.592Z] fetched 7050 | named 1524/4000 (hit 524 dup 6324 noname 202 dead 0)
[2026-07-11T15:45:22.084Z] fetched 7075 | named 1529/4000 (hit 529 dup 6344 noname 202 dead 0)
[2026-07-11T15:46:40.031Z] fetched 7100 | named 1530/4000 (hit 530 dup 6368 noname 202 dead 0)
[2026-07-11T15:47:55.986Z] fetched 7125 | named 1531/4000 (hit 531 dup 6392 noname 202 dead 0)
[2026-07-11T15:49:11.024Z] fetched 7150 | named 1531/4000 (hit 531 dup 6417 noname 202 dead 0)
[2026-07-11T15:50:27.567Z] fetched 7175 | named 1533/4000 (hit 533 dup 6440 noname 202 dead 0)
[2026-07-11T15:51:45.468Z] fetched 7200 | named 1533/4000 (hit 533 dup 6465 noname 202 dead 0)
[2026-07-11T15:53:02.989Z] fetched 7225 | named 1533/4000 (hit 533 dup 6490 noname 202 dead 0)
[2026-07-11T15:54:20.255Z] fetched 7250 | named 1534/4000 (hit 534 dup 6512 noname 204 dead 0)
[2026-07-11T15:55:39.096Z] fetched 7275 | named 1537/4000 (hit 537 dup 6534 noname 204 dead 0)
[2026-07-11T15:56:57.739Z] fetched 7300 | named 1539/4000 (hit 539 dup 6557 noname 204 dead 0)
[2026-07-11T15:58:15.186Z] fetched 7325 | named 1540/4000 (hit 540 dup 6580 noname 205 dead 0)
[2026-07-11T15:59:32.494Z] fetched 7350 | named 1541/4000 (hit 541 dup 6601 noname 208 dead 0)
[2026-07-11T16:00:55.317Z] fetched 7375 | named 1541/4000 (hit 541 dup 6626 noname 208 dead 0)
[2026-07-11T16:02:16.261Z] fetched 7400 | named 1543/4000 (hit 543 dup 6649 noname 208 dead 0)
[2026-07-11T16:03:32.805Z] fetched 7425 | named 1545/4000 (hit 545 dup 6671 noname 209 dead 0)
[2026-07-11T16:04:51.391Z] fetched 7450 | named 1546/4000 (hit 546 dup 6694 noname 210 dead 0)
[2026-07-11T16:06:09.758Z] fetched 7475 | named 1549/4000 (hit 549 dup 6716 noname 210 dead 0)
[2026-07-11T16:07:29.639Z] fetched 7500 | named 1551/4000 (hit 551 dup 6739 noname 210 dead 0)
[2026-07-11T16:08:47.866Z] fetched 7525 | named 1551/4000 (hit 551 dup 6763 noname 211 dead 0)
[2026-07-11T16:10:07.610Z] fetched 7550 | named 1551/4000 (hit 551 dup 6788 noname 211 dead 0)
[2026-07-11T16:11:28.483Z] fetched 7575 | named 1553/4000 (hit 553 dup 6810 noname 212 dead 0)
[2026-07-11T16:12:46.648Z] fetched 7600 | named 1553/4000 (hit 553 dup 6835 noname 212 dead 0)
[2026-07-11T16:14:01.952Z] fetched 7625 | named 1554/4000 (hit 554 dup 6857 noname 214 dead 0)
[2026-07-11T16:15:18.454Z] fetched 7650 | named 1554/4000 (hit 554 dup 6882 noname 214 dead 0)
[2026-07-11T16:16:33.666Z] fetched 7675 | named 1554/4000 (hit 554 dup 6907 noname 214 dead 0)
[2026-07-11T16:17:52.396Z] fetched 7700 | named 1555/4000 (hit 555 dup 6931 noname 214 dead 0)
[2026-07-11T16:19:11.816Z] fetched 7725 | named 1557/4000 (hit 557 dup 6954 noname 214 dead 0)
[2026-07-11T16:20:29.605Z] fetched 7750 | named 1559/4000 (hit 559 dup 6975 noname 216 dead 0)
[2026-07-11T16:21:47.819Z] fetched 7775 | named 1563/4000 (hit 563 dup 6996 noname 216 dead 0)
[2026-07-11T16:23:05.463Z] fetched 7800 | named 1564/4000 (hit 564 dup 7019 noname 217 dead 0)
[2026-07-11T16:24:23.044Z] fetched 7825 | named 1564/4000 (hit 564 dup 7044 noname 217 dead 0)
[2026-07-11T16:25:40.922Z] fetched 7850 | named 1564/4000 (hit 564 dup 7069 noname 217 dead 0)
[2026-07-11T16:27:00.256Z] fetched 7875 | named 1565/4000 (hit 565 dup 7092 noname 218 dead 0)
[2026-07-11T16:28:18.317Z] fetched 7900 | named 1565/4000 (hit 565 dup 7116 noname 219 dead 0)
[2026-07-11T16:29:38.677Z] fetched 7925 | named 1567/4000 (hit 567 dup 7139 noname 219 dead 0)
[2026-07-11T16:30:57.371Z] fetched 7950 | named 1569/4000 (hit 569 dup 7162 noname 219 dead 0)
[2026-07-11T16:32:16.742Z] fetched 7975 | named 1569/4000 (hit 569 dup 7187 noname 219 dead 0)
[2026-07-11T16:33:36.202Z] fetched 8000 | named 1569/4000 (hit 569 dup 7212 noname 219 dead 0)
[2026-07-11T16:34:54.203Z] fetched 8025 | named 1571/4000 (hit 571 dup 7234 noname 220 dead 0)
[2026-07-11T16:36:11.927Z] fetched 8050 | named 1572/4000 (hit 572 dup 7256 noname 222 dead 0)
[2026-07-11T16:37:31.198Z] fetched 8075 | named 1573/4000 (hit 573 dup 7280 noname 222 dead 0)
[2026-07-11T16:38:49.780Z] fetched 8100 | named 1574/4000 (hit 574 dup 7304 noname 222 dead 0)
[2026-07-11T16:40:05.688Z] fetched 8125 | named 1574/4000 (hit 574 dup 7328 noname 223 dead 0)
[2026-07-11T16:41:24.434Z] fetched 8150 | named 1575/4000 (hit 575 dup 7352 noname 223 dead 0)
[2026-07-11T16:42:42.685Z] fetched 8175 | named 1577/4000 (hit 577 dup 7375 noname 223 dead 0)
[2026-07-11T16:43:59.001Z] fetched 8200 | named 1579/4000 (hit 579 dup 7395 noname 226 dead 0)
[2026-07-11T16:45:17.721Z] fetched 8225 | named 1580/4000 (hit 580 dup 7419 noname 226 dead 0)
[2026-07-11T16:46:38.696Z] fetched 8250 | named 1582/4000 (hit 582 dup 7441 noname 227 dead 0)
[2026-07-11T16:47:56.616Z] fetched 8275 | named 1583/4000 (hit 583 dup 7465 noname 227 dead 0)
[2026-07-11T16:49:14.696Z] fetched 8300 | named 1584/4000 (hit 584 dup 7488 noname 228 dead 0)
[2026-07-11T16:50:32.215Z] fetched 8325 | named 1584/4000 (hit 584 dup 7513 noname 228 dead 0)
[2026-07-11T16:51:50.699Z] fetched 8350 | named 1585/4000 (hit 585 dup 7535 noname 230 dead 0)
[2026-07-11T16:53:09.170Z] fetched 8375 | named 1586/4000 (hit 586 dup 7559 noname 230 dead 0)
[2026-07-11T16:54:27.555Z] fetched 8400 | named 1588/4000 (hit 588 dup 7582 noname 230 dead 0)
[2026-07-11T16:55:45.054Z] fetched 8425 | named 1589/4000 (hit 589 dup 7605 noname 231 dead 0)
[2026-07-11T16:57:03.425Z] fetched 8450 | named 1591/4000 (hit 591 dup 7626 noname 233 dead 0)
[2026-07-11T16:58:21.283Z] fetched 8475 | named 1593/4000 (hit 593 dup 7649 noname 233 dead 0)
[2026-07-11T16:59:38.099Z] fetched 8500 | named 1595/4000 (hit 595 dup 7671 noname 234 dead 0)
[2026-07-11T17:00:58.487Z] fetched 8525 | named 1596/4000 (hit 596 dup 7694 noname 235 dead 0)
[2026-07-11T17:02:18.074Z] fetched 8550 | named 1596/4000 (hit 596 dup 7719 noname 235 dead 0)
[2026-07-11T17:03:38.440Z] fetched 8575 | named 1599/4000 (hit 599 dup 7740 noname 236 dead 0)
[2026-07-11T17:04:56.743Z] fetched 8600 | named 1601/4000 (hit 601 dup 7761 noname 238 dead 0)
[2026-07-11T17:06:14.837Z] fetched 8625 | named 1605/4000 (hit 605 dup 7782 noname 238 dead 0)
[2026-07-11T17:07:32.962Z] fetched 8650 | named 1607/4000 (hit 607 dup 7804 noname 239 dead 0)
[2026-07-11T17:08:50.683Z] fetched 8675 | named 1610/4000 (hit 610 dup 7824 noname 241 dead 0)
[2026-07-11T17:10:09.267Z] fetched 8700 | named 1611/4000 (hit 611 dup 7848 noname 241 dead 0)
[2026-07-11T17:11:26.254Z] fetched 8725 | named 1615/4000 (hit 615 dup 7869 noname 241 dead 0)
[2026-07-11T17:12:42.004Z] fetched 8750 | named 1615/4000 (hit 615 dup 7893 noname 242 dead 0)
[2026-07-11T17:13:59.805Z] fetched 8775 | named 1618/4000 (hit 618 dup 7915 noname 242 dead 0)
[2026-07-11T17:15:17.620Z] fetched 8800 | named 1621/4000 (hit 621 dup 7937 noname 242 dead 0)
[2026-07-11T17:16:34.257Z] fetched 8825 | named 1621/4000 (hit 621 dup 7962 noname 242 dead 0)
[2026-07-11T17:17:51.009Z] fetched 8850 | named 1622/4000 (hit 622 dup 7986 noname 242 dead 0)
[2026-07-11T17:19:10.008Z] fetched 8875 | named 1624/4000 (hit 624 dup 8009 noname 242 dead 0)
[2026-07-11T17:20:26.556Z] fetched 8900 | named 1626/4000 (hit 626 dup 8030 noname 244 dead 0)
[2026-07-11T17:21:46.831Z] fetched 8925 | named 1627/4000 (hit 627 dup 8054 noname 244 dead 0)
[2026-07-11T17:23:04.858Z] fetched 8950 | named 1627/4000 (hit 627 dup 8079 noname 244 dead 0)
[2026-07-11T17:24:23.857Z] fetched 8975 | named 1629/4000 (hit 629 dup 8101 noname 245 dead 0)
[2026-07-11T17:25:40.350Z] fetched 9000 | named 1632/4000 (hit 632 dup 8122 noname 246 dead 0)
[2026-07-11T17:26:56.149Z] fetched 9025 | named 1634/4000 (hit 634 dup 8145 noname 246 dead 0)
[2026-07-11T17:28:13.340Z] fetched 9050 | named 1635/4000 (hit 635 dup 8169 noname 246 dead 0)
[2026-07-11T17:29:29.199Z] fetched 9075 | named 1638/4000 (hit 638 dup 8190 noname 247 dead 0)
[2026-07-11T17:30:48.679Z] fetched 9100 | named 1639/4000 (hit 639 dup 8214 noname 247 dead 0)
[2026-07-11T17:32:07.866Z] fetched 9125 | named 1640/4000 (hit 640 dup 8238 noname 247 dead 0)
[2026-07-11T17:33:24.682Z] fetched 9150 | named 1643/4000 (hit 643 dup 8259 noname 248 dead 0)
[2026-07-11T17:34:44.077Z] fetched 9175 | named 1645/4000 (hit 645 dup 8282 noname 248 dead 0)
[2026-07-11T17:36:01.291Z] fetched 9200 | named 1646/4000 (hit 646 dup 8306 noname 248 dead 0)
[2026-07-11T17:37:19.340Z] fetched 9225 | named 1648/4000 (hit 648 dup 8328 noname 249 dead 0)
[2026-07-11T17:38:34.935Z] fetched 9250 | named 1649/4000 (hit 649 dup 8352 noname 249 dead 0)
[2026-07-11T17:39:50.375Z] fetched 9275 | named 1650/4000 (hit 650 dup 8375 noname 250 dead 0)
[2026-07-11T17:41:10.034Z] fetched 9300 | named 1653/4000 (hit 653 dup 8397 noname 250 dead 0)
[2026-07-11T17:42:26.482Z] fetched 9325 | named 1653/4000 (hit 653 dup 8421 noname 251 dead 0)
[2026-07-11T17:43:44.332Z] fetched 9350 | named 1654/4000 (hit 654 dup 8445 noname 251 dead 0)
[2026-07-11T17:45:00.548Z] fetched 9375 | named 1656/4000 (hit 656 dup 8466 noname 253 dead 0)
[2026-07-11T17:46:17.354Z] fetched 9400 | named 1659/4000 (hit 659 dup 8487 noname 254 dead 0)
[2026-07-11T17:47:33.902Z] fetched 9425 | named 1662/4000 (hit 662 dup 8508 noname 255 dead 0)
[2026-07-11T17:48:51.477Z] fetched 9450 | named 1663/4000 (hit 663 dup 8532 noname 255 dead 0)
[2026-07-11T17:50:07.598Z] fetched 9475 | named 1666/4000 (hit 666 dup 8554 noname 255 dead 0)
[2026-07-11T17:51:24.276Z] fetched 9500 | named 1668/4000 (hit 668 dup 8577 noname 255 dead 0)
[2026-07-11T17:52:40.663Z] fetched 9525 | named 1670/4000 (hit 670 dup 8600 noname 255 dead 0)
[2026-07-11T17:53:57.045Z] fetched 9550 | named 1671/4000 (hit 671 dup 8623 noname 256 dead 0)
[2026-07-11T17:55:14.957Z] fetched 9575 | named 1674/4000 (hit 674 dup 8645 noname 256 dead 0)
[2026-07-11T17:56:30.367Z] fetched 9600 | named 1676/4000 (hit 676 dup 8667 noname 257 dead 0)
[2026-07-11T17:57:45.373Z] fetched 9625 | named 1678/4000 (hit 678 dup 8690 noname 257 dead 0)
[2026-07-11T17:59:02.260Z] fetched 9650 | named 1681/4000 (hit 681 dup 8711 noname 258 dead 0)
[2026-07-11T18:00:18.061Z] fetched 9675 | named 1682/4000 (hit 682 dup 8735 noname 258 dead 0)
[2026-07-11T18:01:35.024Z] fetched 9700 | named 1683/4000 (hit 683 dup 8759 noname 258 dead 0)
[2026-07-11T18:02:51.903Z] fetched 9725 | named 1684/4000 (hit 684 dup 8783 noname 258 dead 0)
[2026-07-11T18:04:08.331Z] fetched 9750 | named 1684/4000 (hit 684 dup 8808 noname 258 dead 0)
[2026-07-11T18:05:25.596Z] fetched 9775 | named 1686/4000 (hit 686 dup 8830 noname 259 dead 0)
[2026-07-11T18:06:43.475Z] fetched 9800 | named 1687/4000 (hit 687 dup 8854 noname 259 dead 0)
[2026-07-11T18:08:02.112Z] fetched 9825 | named 1687/4000 (hit 687 dup 8878 noname 260 dead 0)
[2026-07-11T18:09:19.183Z] fetched 9850 | named 1688/4000 (hit 688 dup 8902 noname 260 dead 0)
[2026-07-11T18:10:36.606Z] fetched 9875 | named 1688/4000 (hit 688 dup 8925 noname 262 dead 0)
[2026-07-11T18:11:53.649Z] fetched 9900 | named 1688/4000 (hit 688 dup 8949 noname 263 dead 0)
[2026-07-11T18:13:10.603Z] fetched 9925 | named 1688/4000 (hit 688 dup 8974 noname 263 dead 0)
[2026-07-11T18:14:26.927Z] fetched 9950 | named 1688/4000 (hit 688 dup 8999 noname 263 dead 0)
[2026-07-11T18:15:43.767Z] fetched 9975 | named 1689/4000 (hit 689 dup 9023 noname 263 dead 0)
[2026-07-11T18:17:03.421Z] fetched 10000 | named 1690/4000 (hit 690 dup 9047 noname 263 dead 0)
[2026-07-11T18:18:19.031Z] fetched 10025 | named 1692/4000 (hit 692 dup 9069 noname 264 dead 0)
[2026-07-11T18:19:38.974Z] fetched 10050 | named 1693/4000 (hit 693 dup 9092 noname 265 dead 0)
[2026-07-11T18:20:57.255Z] fetched 10075 | named 1699/4000 (hit 699 dup 9110 noname 266 dead 0)
[2026-07-11T18:22:13.310Z] fetched 10100 | named 1700/4000 (hit 700 dup 9134 noname 266 dead 0)
[2026-07-11T18:23:31.761Z] fetched 10125 | named 1704/4000 (hit 704 dup 9154 noname 267 dead 0)
[2026-07-11T18:24:48.312Z] fetched 10150 | named 1704/4000 (hit 704 dup 9178 noname 268 dead 0)
[2026-07-11T18:26:05.528Z] fetched 10175 | named 1707/4000 (hit 707 dup 9199 noname 269 dead 0)
[2026-07-11T18:27:21.671Z] fetched 10200 | named 1707/4000 (hit 707 dup 9224 noname 269 dead 0)
[2026-07-11T18:28:39.538Z] fetched 10225 | named 1707/4000 (hit 707 dup 9249 noname 269 dead 0)
[2026-07-11T18:29:58.348Z] fetched 10250 | named 1711/4000 (hit 711 dup 9269 noname 270 dead 0)
[2026-07-11T18:31:15.439Z] fetched 10275 | named 1712/4000 (hit 712 dup 9293 noname 270 dead 0)
[2026-07-11T18:32:33.279Z] fetched 10300 | named 1713/4000 (hit 713 dup 9317 noname 270 dead 0)
[2026-07-11T18:33:49.649Z] fetched 10325 | named 1714/4000 (hit 714 dup 9341 noname 270 dead 0)
[2026-07-11T18:35:08.230Z] fetched 10350 | named 1716/4000 (hit 716 dup 9364 noname 270 dead 0)
[2026-07-11T18:36:25.980Z] fetched 10375 | named 1719/4000 (hit 719 dup 9383 noname 273 dead 0)
[2026-07-11T18:37:41.557Z] fetched 10400 | named 1723/4000 (hit 723 dup 9404 noname 273 dead 0)
[2026-07-11T18:38:58.587Z] fetched 10425 | named 1730/4000 (hit 730 dup 9420 noname 275 dead 0)
[2026-07-11T18:40:18.277Z] fetched 10450 | named 1733/4000 (hit 733 dup 9441 noname 276 dead 0)
[2026-07-11T18:41:33.581Z] fetched 10475 | named 1735/4000 (hit 735 dup 9463 noname 277 dead 0)
[2026-07-11T18:42:50.156Z] fetched 10500 | named 1736/4000 (hit 736 dup 9487 noname 277 dead 0)
[2026-07-11T18:44:07.122Z] fetched 10525 | named 1737/4000 (hit 737 dup 9511 noname 277 dead 0)
[2026-07-11T18:45:24.747Z] fetched 10550 | named 1737/4000 (hit 737 dup 9536 noname 277 dead 0)
[2026-07-11T18:46:44.655Z] fetched 10575 | named 1738/4000 (hit 738 dup 9559 noname 278 dead 0)
[2026-07-11T18:48:05.044Z] fetched 10600 | named 1739/4000 (hit 739 dup 9583 noname 278 dead 0)
[2026-07-11T18:49:21.166Z] fetched 10625 | named 1740/4000 (hit 740 dup 9606 noname 279 dead 0)
[2026-07-11T18:50:37.095Z] fetched 10650 | named 1742/4000 (hit 742 dup 9627 noname 281 dead 0)
[2026-07-11T18:51:54.857Z] fetched 10675 | named 1745/4000 (hit 745 dup 9646 noname 284 dead 0)
[2026-07-11T18:53:11.500Z] fetched 10700 | named 1748/4000 (hit 748 dup 9667 noname 285 dead 0)
[2026-07-11T18:54:28.975Z] fetched 10725 | named 1753/4000 (hit 753 dup 9686 noname 286 dead 0)
[2026-07-11T18:55:47.532Z] fetched 10750 | named 1755/4000 (hit 755 dup 9709 noname 286 dead 0)
[2026-07-11T18:57:08.235Z] fetched 10775 | named 1755/4000 (hit 755 dup 9734 noname 286 dead 0)
[2026-07-11T18:58:25.755Z] fetched 10800 | named 1757/4000 (hit 757 dup 9756 noname 287 dead 0)
[2026-07-11T18:59:43.634Z] fetched 10825 | named 1758/4000 (hit 758 dup 9780 noname 287 dead 0)
[2026-07-11T19:01:00.444Z] fetched 10850 | named 1759/4000 (hit 759 dup 9804 noname 287 dead 0)
[2026-07-11T19:02:18.550Z] fetched 10875 | named 1759/4000 (hit 759 dup 9829 noname 287 dead 0)
[2026-07-11T19:03:34.392Z] fetched 10900 | named 1759/4000 (hit 759 dup 9854 noname 287 dead 0)
[2026-07-11T19:04:52.048Z] fetched 10925 | named 1762/4000 (hit 762 dup 9876 noname 287 dead 0)
[2026-07-11T19:06:10.252Z] fetched 10950 | named 1763/4000 (hit 763 dup 9898 noname 289 dead 0)
[2026-07-11T19:07:28.818Z] fetched 10975 | named 1763/4000 (hit 763 dup 9922 noname 290 dead 0)
[2026-07-11T19:08:46.426Z] fetched 11000 | named 1767/4000 (hit 767 dup 9942 noname 291 dead 0)
[2026-07-11T19:10:06.409Z] fetched 11025 | named 1768/4000 (hit 768 dup 9966 noname 291 dead 0)
[2026-07-11T19:11:24.311Z] fetched 11050 | named 1768/4000 (hit 768 dup 9991 noname 291 dead 0)
[2026-07-11T19:12:43.866Z] fetched 11075 | named 1769/4000 (hit 769 dup 10011 noname 295 dead 0)
[2026-07-11T19:14:06.436Z] fetched 11100 | named 1770/4000 (hit 770 dup 10035 noname 295 dead 0)
[2026-07-11T19:15:24.100Z] fetched 11125 | named 1770/4000 (hit 770 dup 10058 noname 297 dead 0)
[2026-07-11T19:16:39.423Z] fetched 11150 | named 1770/4000 (hit 770 dup 10082 noname 298 dead 0)
[2026-07-11T19:17:55.264Z] fetched 11175 | named 1772/4000 (hit 772 dup 10105 noname 298 dead 0)
[2026-07-11T19:19:11.768Z] fetched 11200 | named 1775/4000 (hit 775 dup 10127 noname 298 dead 0)
[2026-07-11T19:20:31.110Z] fetched 11225 | named 1777/4000 (hit 777 dup 10150 noname 298 dead 0)
[2026-07-11T19:21:49.082Z] fetched 11250 | named 1778/4000 (hit 778 dup 10173 noname 299 dead 0)
[2026-07-11T19:23:07.472Z] fetched 11275 | named 1778/4000 (hit 778 dup 10198 noname 299 dead 0)
[2026-07-11T19:24:22.380Z] fetched 11300 | named 1779/4000 (hit 779 dup 10221 noname 300 dead 0)
[2026-07-11T19:25:40.776Z] fetched 11325 | named 1781/4000 (hit 781 dup 10244 noname 300 dead 0)
[2026-07-11T19:26:57.709Z] fetched 11350 | named 1781/4000 (hit 781 dup 10269 noname 300 dead 0)
[2026-07-11T19:28:16.197Z] fetched 11375 | named 1782/4000 (hit 782 dup 10291 noname 302 dead 0)
[2026-07-11T19:29:32.263Z] fetched 11400 | named 1783/4000 (hit 783 dup 10314 noname 303 dead 0)
[2026-07-11T19:30:49.500Z] fetched 11425 | named 1784/4000 (hit 784 dup 10336 noname 305 dead 0)
[2026-07-11T19:32:06.859Z] fetched 11450 | named 1786/4000 (hit 786 dup 10359 noname 305 dead 0)
[2026-07-11T19:33:27.052Z] fetched 11475 | named 1786/4000 (hit 786 dup 10384 noname 305 dead 0)
[2026-07-11T19:34:44.477Z] fetched 11500 | named 1786/4000 (hit 786 dup 10409 noname 305 dead 0)
[2026-07-11T19:36:03.262Z] fetched 11525 | named 1786/4000 (hit 786 dup 10432 noname 307 dead 0)
[2026-07-11T19:37:19.860Z] fetched 11550 | named 1786/4000 (hit 786 dup 10457 noname 307 dead 0)
[2026-07-11T19:38:40.552Z] fetched 11575 | named 1787/4000 (hit 787 dup 10481 noname 307 dead 0)
[2026-07-11T19:39:59.498Z] fetched 11600 | named 1787/4000 (hit 787 dup 10506 noname 307 dead 0)
[2026-07-11T19:41:20.083Z] fetched 11625 | named 1789/4000 (hit 789 dup 10528 noname 308 dead 0)
[2026-07-11T19:42:37.106Z] fetched 11650 | named 1793/4000 (hit 793 dup 10547 noname 310 dead 0)
[2026-07-11T19:43:55.122Z] fetched 11675 | named 1797/4000 (hit 797 dup 10567 noname 311 dead 0)
[2026-07-11T19:45:11.574Z] fetched 11700 | named 1799/4000 (hit 799 dup 10589 noname 312 dead 0)
[2026-07-11T19:46:31.902Z] fetched 11725 | named 1801/4000 (hit 801 dup 10612 noname 312 dead 0)
[2026-07-11T19:47:48.584Z] fetched 11750 | named 1803/4000 (hit 803 dup 10634 noname 313 dead 0)
[2026-07-11T19:49:12.336Z] fetched 11775 | named 1805/4000 (hit 805 dup 10657 noname 313 dead 0)
[2026-07-11T19:50:28.410Z] fetched 11800 | named 1809/4000 (hit 809 dup 10676 noname 315 dead 0)
[2026-07-11T19:51:46.559Z] fetched 11825 | named 1810/4000 (hit 810 dup 10700 noname 315 dead 0)
[2026-07-11T19:53:01.236Z] fetched 11850 | named 1812/4000 (hit 812 dup 10721 noname 317 dead 0)
[2026-07-11T19:54:17.738Z] fetched 11875 | named 1814/4000 (hit 814 dup 10743 noname 318 dead 0)
[2026-07-11T19:55:34.476Z] fetched 11900 | named 1818/4000 (hit 818 dup 10763 noname 319 dead 0)
[2026-07-11T19:56:57.183Z] fetched 11925 | named 1818/4000 (hit 818 dup 10788 noname 319 dead 0)
[2026-07-11T19:58:13.889Z] fetched 11950 | named 1822/4000 (hit 822 dup 10809 noname 319 dead 0)
[2026-07-11T19:59:30.506Z] fetched 11975 | named 1825/4000 (hit 825 dup 10828 noname 322 dead 0)
[2026-07-11T20:00:48.274Z] fetched 12000 | named 1827/4000 (hit 827 dup 10850 noname 323 dead 0)
[2026-07-11T20:02:09.149Z] fetched 12025 | named 1829/4000 (hit 829 dup 10873 noname 323 dead 0)
[2026-07-11T20:03:24.478Z] fetched 12050 | named 1829/4000 (hit 829 dup 10897 noname 324 dead 0)
[2026-07-11T20:04:42.263Z] fetched 12075 | named 1830/4000 (hit 830 dup 10920 noname 325 dead 0)
[2026-07-11T20:05:58.555Z] fetched 12100 | named 1831/4000 (hit 831 dup 10942 noname 327 dead 0)
[2026-07-11T20:07:16.856Z] fetched 12125 | named 1834/4000 (hit 834 dup 10963 noname 328 dead 0)
[2026-07-11T20:08:32.982Z] fetched 12150 | named 1835/4000 (hit 835 dup 10986 noname 329 dead 0)
[2026-07-11T20:09:52.507Z] fetched 12175 | named 1837/4000 (hit 837 dup 11009 noname 329 dead 0)
[2026-07-11T20:11:10.362Z] fetched 12200 | named 1837/4000 (hit 837 dup 11033 noname 330 dead 0)
[2026-07-11T20:12:26.618Z] fetched 12225 | named 1840/4000 (hit 840 dup 11055 noname 330 dead 0)
[2026-07-11T20:13:45.007Z] fetched 12250 | named 1840/4000 (hit 840 dup 11080 noname 330 dead 0)
[2026-07-11T20:15:00.402Z] fetched 12275 | named 1844/4000 (hit 844 dup 11095 noname 336 dead 0)
[2026-07-11T20:16:18.682Z] fetched 12300 | named 1846/4000 (hit 846 dup 11118 noname 336 dead 0)
[2026-07-11T20:17:35.239Z] fetched 12325 | named 1851/4000 (hit 851 dup 11138 noname 336 dead 0)
[2026-07-11T20:18:52.414Z] fetched 12350 | named 1854/4000 (hit 854 dup 11160 noname 336 dead 0)
[2026-07-11T20:20:08.958Z] fetched 12375 | named 1856/4000 (hit 856 dup 11182 noname 337 dead 0)
[2026-07-11T20:21:27.670Z] fetched 12400 | named 1858/4000 (hit 858 dup 11205 noname 337 dead 0)
[2026-07-11T20:22:43.616Z] fetched 12425 | named 1863/4000 (hit 863 dup 11224 noname 338 dead 0)
[2026-07-11T20:24:01.356Z] fetched 12450 | named 1864/4000 (hit 864 dup 11247 noname 339 dead 0)
[2026-07-11T20:25:18.359Z] fetched 12475 | named 1866/4000 (hit 866 dup 11268 noname 341 dead 0)
[2026-07-11T20:26:35.300Z] fetched 12500 | named 1868/4000 (hit 868 dup 11291 noname 341 dead 0)
[2026-07-11T20:27:52.110Z] fetched 12525 | named 1869/4000 (hit 869 dup 11315 noname 341 dead 0)
[2026-07-11T20:29:09.162Z] fetched 12550 | named 1873/4000 (hit 873 dup 11335 noname 342 dead 0)
[2026-07-11T20:30:29.334Z] fetched 12575 | named 1875/4000 (hit 875 dup 11358 noname 342 dead 0)
[2026-07-11T20:31:46.926Z] fetched 12600 | named 1877/4000 (hit 877 dup 11380 noname 343 dead 0)
[2026-07-11T20:33:03.348Z] fetched 12625 | named 1878/4000 (hit 878 dup 11403 noname 344 dead 0)
[2026-07-11T20:34:21.292Z] fetched 12650 | named 1879/4000 (hit 879 dup 11427 noname 344 dead 0)
[2026-07-11T20:35:37.300Z] fetched 12675 | named 1882/4000 (hit 882 dup 11447 noname 346 dead 0)
[2026-07-11T20:36:54.491Z] fetched 12700 | named 1886/4000 (hit 886 dup 11467 noname 347 dead 0)
[2026-07-11T20:38:11.884Z] fetched 12725 | named 1889/4000 (hit 889 dup 11488 noname 348 dead 0)
[2026-07-11T20:39:29.352Z] fetched 12750 | named 1892/4000 (hit 892 dup 11510 noname 348 dead 0)
[2026-07-11T20:40:46.470Z] fetched 12775 | named 1896/4000 (hit 896 dup 11528 noname 351 dead 0)
[2026-07-11T20:42:05.211Z] fetched 12800 | named 1902/4000 (hit 902 dup 11545 noname 353 dead 0)
[2026-07-11T20:43:23.830Z] fetched 12825 | named 1903/4000 (hit 903 dup 11569 noname 353 dead 0)
[2026-07-11T20:44:42.685Z] fetched 12850 | named 1906/4000 (hit 906 dup 11591 noname 353 dead 0)
[2026-07-11T20:46:00.884Z] fetched 12875 | named 1906/4000 (hit 906 dup 11616 noname 353 dead 0)
[2026-07-11T20:47:18.536Z] fetched 12900 | named 1912/4000 (hit 912 dup 11635 noname 353 dead 0)
[2026-07-11T20:48:34.718Z] fetched 12925 | named 1912/4000 (hit 912 dup 11659 noname 354 dead 0)
[2026-07-11T20:49:51.912Z] fetched 12950 | named 1914/4000 (hit 914 dup 11682 noname 354 dead 0)
[2026-07-11T20:51:07.614Z] fetched 12975 | named 1917/4000 (hit 917 dup 11704 noname 354 dead 0)
[2026-07-11T20:52:29.287Z] fetched 13000 | named 1917/4000 (hit 917 dup 11729 noname 354 dead 0)
[2026-07-11T20:53:50.971Z] fetched 13025 | named 1922/4000 (hit 922 dup 11748 noname 355 dead 0)
[2026-07-11T20:55:06.178Z] fetched 13050 | named 1926/4000 (hit 926 dup 11769 noname 355 dead 0)
[2026-07-11T20:56:24.212Z] fetched 13075 | named 1928/4000 (hit 928 dup 11791 noname 356 dead 0)
[2026-07-11T20:57:40.085Z] fetched 13100 | named 1932/4000 (hit 932 dup 11808 noname 360 dead 0)
[2026-07-11T20:58:56.098Z] fetched 13125 | named 1936/4000 (hit 936 dup 11828 noname 361 dead 0)
[2026-07-11T21:00:11.863Z] fetched 13150 | named 1939/4000 (hit 939 dup 11850 noname 361 dead 0)
[2026-07-11T21:01:31.010Z] fetched 13175 | named 1943/4000 (hit 943 dup 11871 noname 361 dead 0)
[2026-07-11T21:02:46.863Z] fetched 13200 | named 1945/4000 (hit 945 dup 11891 noname 364 dead 0)
[2026-07-11T21:04:06.935Z] fetched 13225 | named 1948/4000 (hit 948 dup 11912 noname 365 dead 0)
[2026-07-11T21:05:24.667Z] fetched 13250 | named 1953/4000 (hit 953 dup 11932 noname 365 dead 0)
[2026-07-11T21:06:43.438Z] fetched 13275 | named 1954/4000 (hit 954 dup 11956 noname 365 dead 0)
[2026-07-11T21:08:02.825Z] fetched 13300 | named 1955/4000 (hit 955 dup 11979 noname 366 dead 0)
[2026-07-11T21:09:20.805Z] fetched 13325 | named 1958/4000 (hit 958 dup 11998 noname 369 dead 0)
[2026-07-11T21:10:39.898Z] fetched 13350 | named 1959/4000 (hit 959 dup 12021 noname 370 dead 0)
[2026-07-11T21:11:56.698Z] fetched 13375 | named 1962/4000 (hit 962 dup 12043 noname 370 dead 0)
[2026-07-11T21:13:14.511Z] fetched 13400 | named 1966/4000 (hit 966 dup 12062 noname 372 dead 0)
[2026-07-11T21:14:31.218Z] fetched 13425 | named 1972/4000 (hit 972 dup 12081 noname 372 dead 0)
[2026-07-11T21:15:47.766Z] fetched 13450 | named 1974/4000 (hit 974 dup 12101 noname 375 dead 0)
[2026-07-11T21:17:04.642Z] fetched 13475 | named 1978/4000 (hit 978 dup 12122 noname 375 dead 0)
[2026-07-11T21:18:22.234Z] fetched 13500 | named 1983/4000 (hit 983 dup 12141 noname 376 dead 0)
[2026-07-11T21:19:39.785Z] fetched 13525 | named 1984/4000 (hit 984 dup 12165 noname 376 dead 0)
[2026-07-11T21:20:56.442Z] fetched 13550 | named 1989/4000 (hit 989 dup 12184 noname 377 dead 0)
[2026-07-11T21:22:12.756Z] fetched 13575 | named 1992/4000 (hit 992 dup 12204 noname 379 dead 0)
[2026-07-11T21:23:31.116Z] fetched 13600 | named 1993/4000 (hit 993 dup 12226 noname 381 dead 0)
[2026-07-11T21:24:50.020Z] fetched 13625 | named 1996/4000 (hit 996 dup 12248 noname 381 dead 0)
[2026-07-11T21:26:05.798Z] fetched 13650 | named 2001/4000 (hit 1001 dup 12265 noname 384 dead 0)
[2026-07-11T21:27:21.402Z] fetched 13675 | named 2003/4000 (hit 1003 dup 12286 noname 386 dead 0)
[2026-07-11T21:28:37.167Z] fetched 13700 | named 2004/4000 (hit 1004 dup 12309 noname 387 dead 0)
[2026-07-11T21:29:54.889Z] fetched 13725 | named 2008/4000 (hit 1008 dup 12330 noname 387 dead 0)
[2026-07-11T21:31:12.484Z] fetched 13750 | named 2010/4000 (hit 1010 dup 12351 noname 389 dead 0)
[2026-07-11T21:32:33.235Z] fetched 13775 | named 2010/4000 (hit 1010 dup 12373 noname 392 dead 0)
[2026-07-11T21:33:49.472Z] fetched 13800 | named 2015/4000 (hit 1015 dup 12393 noname 392 dead 0)
[2026-07-11T21:35:06.076Z] fetched 13825 | named 2017/4000 (hit 1017 dup 12415 noname 393 dead 0)
[2026-07-11T21:36:23.469Z] fetched 13850 | named 2018/4000 (hit 1018 dup 12439 noname 393 dead 0)
[2026-07-11T21:37:39.143Z] fetched 13875 | named 2019/4000 (hit 1019 dup 12463 noname 393 dead 0)
[2026-07-11T21:38:55.521Z] fetched 13900 | named 2020/4000 (hit 1020 dup 12487 noname 393 dead 0)
[2026-07-11T21:40:15.557Z] fetched 13925 | named 2021/4000 (hit 1021 dup 12511 noname 393 dead 0)
[2026-07-11T21:41:31.722Z] fetched 13950 | named 2022/4000 (hit 1022 dup 12534 noname 394 dead 0)
[2026-07-11T21:42:48.203Z] fetched 13975 | named 2025/4000 (hit 1025 dup 12553 noname 397 dead 0)
[2026-07-11T21:44:05.329Z] fetched 14000 | named 2025/4000 (hit 1025 dup 12578 noname 397 dead 0)
[2026-07-11T21:45:23.618Z] fetched 14025 | named 2026/4000 (hit 1026 dup 12600 noname 399 dead 0)
[2026-07-11T21:46:39.359Z] fetched 14050 | named 2028/4000 (hit 1028 dup 12622 noname 400 dead 0)
[2026-07-11T21:47:55.576Z] fetched 14075 | named 2029/4000 (hit 1029 dup 12646 noname 400 dead 0)
[2026-07-11T21:49:13.786Z] fetched 14100 | named 2031/4000 (hit 1031 dup 12669 noname 400 dead 0)
[2026-07-11T21:50:31.534Z] fetched 14125 | named 2032/4000 (hit 1032 dup 12692 noname 401 dead 0)
[2026-07-11T21:51:51.188Z] fetched 14150 | named 2032/4000 (hit 1032 dup 12717 noname 401 dead 0)
[2026-07-11T21:53:08.994Z] fetched 14175 | named 2032/4000 (hit 1032 dup 12740 noname 403 dead 0)
[2026-07-11T21:54:25.721Z] fetched 14200 | named 2034/4000 (hit 1034 dup 12762 noname 404 dead 0)
[2026-07-11T21:55:41.385Z] fetched 14225 | named 2036/4000 (hit 1036 dup 12785 noname 404 dead 0)
[2026-07-11T21:56:58.318Z] fetched 14250 | named 2039/4000 (hit 1039 dup 12806 noname 405 dead 0)
[2026-07-11T21:58:15.161Z] fetched 14275 | named 2043/4000 (hit 1043 dup 12827 noname 405 dead 0)
[2026-07-11T21:59:32.317Z] fetched 14300 | named 2045/4000 (hit 1045 dup 12847 noname 408 dead 0)
[2026-07-11T22:00:49.121Z] fetched 14325 | named 2045/4000 (hit 1045 dup 12871 noname 409 dead 0)
[2026-07-11T22:02:10.571Z] fetched 14350 | named 2047/4000 (hit 1047 dup 12889 noname 414 dead 0)
[2026-07-11T22:03:29.707Z] fetched 14375 | named 2047/4000 (hit 1047 dup 12913 noname 415 dead 0)
[2026-07-11T22:04:47.082Z] fetched 14400 | named 2050/4000 (hit 1050 dup 12935 noname 415 dead 0)
[2026-07-11T22:06:04.175Z] fetched 14425 | named 2051/4000 (hit 1051 dup 12959 noname 415 dead 0)
[2026-07-11T22:07:22.172Z] fetched 14450 | named 2051/4000 (hit 1051 dup 12984 noname 415 dead 0)
[2026-07-11T22:08:43.092Z] fetched 14475 | named 2053/4000 (hit 1053 dup 13006 noname 416 dead 0)
[2026-07-11T22:10:00.688Z] fetched 14500 | named 2055/4000 (hit 1055 dup 13029 noname 416 dead 0)
[2026-07-11T22:11:18.127Z] fetched 14525 | named 2056/4000 (hit 1056 dup 13053 noname 416 dead 0)
[2026-07-11T22:12:36.268Z] fetched 14550 | named 2058/4000 (hit 1058 dup 13076 noname 416 dead 0)
[2026-07-11T22:13:52.898Z] fetched 14575 | named 2059/4000 (hit 1059 dup 13100 noname 416 dead 0)
[2026-07-11T22:15:10.184Z] fetched 14600 | named 2059/4000 (hit 1059 dup 13123 noname 418 dead 0)
[2026-07-11T22:16:27.621Z] fetched 14625 | named 2061/4000 (hit 1061 dup 13146 noname 418 dead 0)
[2026-07-11T22:17:44.462Z] fetched 14650 | named 2063/4000 (hit 1063 dup 13168 noname 419 dead 0)
[2026-07-11T22:19:00.384Z] fetched 14675 | named 2065/4000 (hit 1065 dup 13190 noname 420 dead 0)
[2026-07-11T22:20:17.251Z] fetched 14700 | named 2067/4000 (hit 1067 dup 13213 noname 420 dead 0)
[2026-07-11T22:21:35.010Z] fetched 14725 | named 2069/4000 (hit 1069 dup 13234 noname 422 dead 0)
[2026-07-11T22:22:53.764Z] fetched 14750 | named 2069/4000 (hit 1069 dup 13258 noname 423 dead 0)
[2026-07-11T22:24:12.522Z] fetched 14775 | named 2072/4000 (hit 1072 dup 13280 noname 423 dead 0)
[2026-07-11T22:25:29.581Z] fetched 14800 | named 2076/4000 (hit 1076 dup 13301 noname 423 dead 0)
[2026-07-11T22:26:46.294Z] fetched 14825 | named 2078/4000 (hit 1078 dup 13324 noname 423 dead 0)
[2026-07-11T22:28:03.342Z] fetched 14850 | named 2078/4000 (hit 1078 dup 13348 noname 424 dead 0)
[2026-07-11T22:29:21.046Z] fetched 14875 | named 2083/4000 (hit 1083 dup 13367 noname 425 dead 0)
[2026-07-11T22:30:37.214Z] fetched 14900 | named 2084/4000 (hit 1084 dup 13390 noname 426 dead 0)
[2026-07-11T22:31:59.924Z] fetched 14925 | named 2087/4000 (hit 1087 dup 13411 noname 427 dead 0)
[2026-07-11T22:33:19.532Z] fetched 14950 | named 2087/4000 (hit 1087 dup 13434 noname 429 dead 0)
[2026-07-11T22:34:37.492Z] fetched 14975 | named 2090/4000 (hit 1090 dup 13456 noname 429 dead 0)
[2026-07-11T22:35:55.473Z] fetched 15000 | named 2090/4000 (hit 1090 dup 13480 noname 430 dead 0)
[2026-07-11T22:37:12.653Z] fetched 15025 | named 2092/4000 (hit 1092 dup 13503 noname 430 dead 0)
[2026-07-11T22:38:29.842Z] fetched 15050 | named 2094/4000 (hit 1094 dup 13524 noname 432 dead 0)
[2026-07-11T22:39:47.343Z] fetched 15075 | named 2095/4000 (hit 1095 dup 13547 noname 433 dead 0)
[2026-07-11T22:41:04.764Z] fetched 15100 | named 2099/4000 (hit 1099 dup 13567 noname 434 dead 0)
[2026-07-11T22:42:21.529Z] fetched 15125 | named 2100/4000 (hit 1100 dup 13591 noname 434 dead 0)
[2026-07-11T22:43:40.103Z] fetched 15150 | named 2102/4000 (hit 1102 dup 13614 noname 434 dead 0)
[2026-07-11T22:44:57.890Z] fetched 15175 | named 2103/4000 (hit 1103 dup 13637 noname 435 dead 0)
[2026-07-11T22:46:14.330Z] fetched 15200 | named 2106/4000 (hit 1106 dup 13659 noname 435 dead 0)
[2026-07-11T22:47:30.974Z] fetched 15225 | named 2110/4000 (hit 1110 dup 13679 noname 436 dead 0)
[2026-07-11T22:48:48.761Z] fetched 15250 | named 2111/4000 (hit 1111 dup 13700 noname 439 dead 0)
[2026-07-11T22:50:04.171Z] fetched 15275 | named 2115/4000 (hit 1115 dup 13720 noname 440 dead 0)
[2026-07-11T22:51:20.805Z] fetched 15300 | named 2116/4000 (hit 1116 dup 13743 noname 441 dead 0)
[2026-07-11T22:52:35.918Z] fetched 15325 | named 2118/4000 (hit 1118 dup 13766 noname 441 dead 0)
[2026-07-11T22:53:57.226Z] fetched 15350 | named 2119/4000 (hit 1119 dup 13790 noname 441 dead 0)
[2026-07-11T22:55:16.280Z] fetched 15375 | named 2123/4000 (hit 1123 dup 13809 noname 443 dead 0)
[2026-07-11T22:56:32.342Z] fetched 15400 | named 2123/4000 (hit 1123 dup 13833 noname 444 dead 0)
[2026-07-11T22:57:49.149Z] fetched 15425 | named 2126/4000 (hit 1126 dup 13855 noname 444 dead 0)
[2026-07-11T22:59:05.279Z] fetched 15450 | named 2129/4000 (hit 1129 dup 13877 noname 444 dead 0)
[2026-07-11T23:00:23.103Z] fetched 15475 | named 2132/4000 (hit 1132 dup 13895 noname 448 dead 0)
[2026-07-11T23:01:39.056Z] fetched 15500 | named 2133/4000 (hit 1133 dup 13917 noname 450 dead 0)
[2026-07-11T23:02:54.394Z] fetched 15525 | named 2134/4000 (hit 1134 dup 13939 noname 452 dead 0)
[2026-07-11T23:04:11.025Z] fetched 15550 | named 2136/4000 (hit 1136 dup 13962 noname 452 dead 0)
[2026-07-11T23:05:28.003Z] fetched 15575 | named 2137/4000 (hit 1137 dup 13986 noname 452 dead 0)
[2026-07-11T23:06:46.537Z] fetched 15600 | named 2140/4000 (hit 1140 dup 14008 noname 452 dead 0)
[2026-07-11T23:08:05.272Z] fetched 15625 | named 2143/4000 (hit 1143 dup 14030 noname 452 dead 0)
[2026-07-11T23:09:21.307Z] fetched 15650 | named 2147/4000 (hit 1147 dup 14049 noname 454 dead 0)
[2026-07-11T23:10:38.699Z] fetched 15675 | named 2147/4000 (hit 1147 dup 14074 noname 454 dead 0)
[2026-07-11T23:11:57.896Z] fetched 15700 | named 2149/4000 (hit 1149 dup 14096 noname 455 dead 0)
[2026-07-11T23:13:16.697Z] fetched 15725 | named 2154/4000 (hit 1154 dup 14114 noname 457 dead 0)
[2026-07-11T23:14:32.225Z] fetched 15750 | named 2155/4000 (hit 1155 dup 14137 noname 458 dead 0)
[2026-07-11T23:15:50.194Z] fetched 15775 | named 2159/4000 (hit 1159 dup 14157 noname 459 dead 0)
[2026-07-11T23:17:06.687Z] fetched 15800 | named 2161/4000 (hit 1161 dup 14180 noname 459 dead 0)
[2026-07-11T23:18:25.909Z] fetched 15825 | named 2162/4000 (hit 1162 dup 14202 noname 461 dead 0)
[2026-07-11T23:19:41.488Z] fetched 15850 | named 2166/4000 (hit 1166 dup 14223 noname 461 dead 0)
[2026-07-11T23:20:58.166Z] fetched 15875 | named 2168/4000 (hit 1168 dup 14245 noname 462 dead 0)
[2026-07-11T23:22:15.550Z] fetched 15900 | named 2171/4000 (hit 1171 dup 14266 noname 463 dead 0)
[2026-07-11T23:23:34.143Z] fetched 15925 | named 2172/4000 (hit 1172 dup 14289 noname 464 dead 0)
[2026-07-11T23:24:50.586Z] fetched 15950 | named 2174/4000 (hit 1174 dup 14311 noname 465 dead 0)
[2026-07-11T23:26:09.333Z] fetched 15975 | named 2175/4000 (hit 1175 dup 14333 noname 467 dead 0)
[2026-07-11T23:27:27.416Z] fetched 16000 | named 2175/4000 (hit 1175 dup 14358 noname 467 dead 0)
[2026-07-11T23:28:43.581Z] fetched 16025 | named 2177/4000 (hit 1177 dup 14381 noname 467 dead 0)
[2026-07-11T23:29:59.403Z] fetched 16050 | named 2179/4000 (hit 1179 dup 14401 noname 470 dead 0)
[2026-07-11T23:31:20.154Z] fetched 16075 | named 2179/4000 (hit 1179 dup 14426 noname 470 dead 0)
[2026-07-11T23:32:35.313Z] fetched 16100 | named 2185/4000 (hit 1185 dup 14445 noname 470 dead 0)
[2026-07-11T23:33:51.526Z] fetched 16125 | named 2188/4000 (hit 1188 dup 14466 noname 471 dead 0)
[2026-07-11T23:35:07.271Z] fetched 16150 | named 2189/4000 (hit 1189 dup 14488 noname 473 dead 0)
[2026-07-11T23:36:26.422Z] fetched 16175 | named 2190/4000 (hit 1190 dup 14511 noname 474 dead 0)
[2026-07-11T23:37:42.991Z] fetched 16200 | named 2190/4000 (hit 1190 dup 14535 noname 475 dead 0)
[2026-07-11T23:38:59.507Z] fetched 16225 | named 2191/4000 (hit 1191 dup 14558 noname 476 dead 0)
[2026-07-11T23:40:19.028Z] fetched 16250 | named 2193/4000 (hit 1193 dup 14580 noname 477 dead 0)
[2026-07-11T23:41:36.182Z] fetched 16275 | named 2194/4000 (hit 1194 dup 14603 noname 478 dead 0)
[2026-07-11T23:42:55.124Z] fetched 16300 | named 2194/4000 (hit 1194 dup 14628 noname 478 dead 0)
[2026-07-11T23:44:11.526Z] fetched 16325 | named 2196/4000 (hit 1196 dup 14648 noname 481 dead 0)
[2026-07-11T23:45:29.829Z] fetched 16350 | named 2196/4000 (hit 1196 dup 14672 noname 482 dead 0)
[2026-07-11T23:46:48.695Z] fetched 16375 | named 2197/4000 (hit 1197 dup 14696 noname 482 dead 0)
[2026-07-11T23:48:03.608Z] fetched 16400 | named 2200/4000 (hit 1200 dup 14712 noname 488 dead 0)
[2026-07-11T23:49:19.669Z] fetched 16425 | named 2203/4000 (hit 1203 dup 14734 noname 488 dead 0)
[2026-07-11T23:50:36.779Z] fetched 16450 | named 2206/4000 (hit 1206 dup 14755 noname 489 dead 0)
[2026-07-11T23:51:54.365Z] fetched 16475 | named 2209/4000 (hit 1209 dup 14777 noname 489 dead 0)
[2026-07-11T23:53:10.904Z] fetched 16500 | named 2211/4000 (hit 1211 dup 14797 noname 492 dead 0)
[2026-07-11T23:54:29.474Z] fetched 16525 | named 2211/4000 (hit 1211 dup 14822 noname 492 dead 0)
[2026-07-11T23:55:48.795Z] fetched 16550 | named 2211/4000 (hit 1211 dup 14846 noname 493 dead 0)
[2026-07-11T23:57:06.918Z] fetched 16575 | named 2213/4000 (hit 1213 dup 14867 noname 495 dead 0)
[2026-07-11T23:58:23.580Z] fetched 16600 | named 2213/4000 (hit 1213 dup 14888 noname 499 dead 0)
[2026-07-11T23:59:41.349Z] fetched 16625 | named 2215/4000 (hit 1215 dup 14909 noname 501 dead 0)
[2026-07-12T00:00:58.321Z] fetched 16650 | named 2216/4000 (hit 1216 dup 14932 noname 502 dead 0)
[2026-07-12T00:02:16.008Z] fetched 16675 | named 2216/4000 (hit 1216 dup 14957 noname 502 dead 0)
[2026-07-12T00:03:32.611Z] fetched 16700 | named 2217/4000 (hit 1217 dup 14978 noname 505 dead 0)
[2026-07-12T00:04:47.592Z] fetched 16725 | named 2218/4000 (hit 1218 dup 15001 noname 506 dead 0)
[2026-07-12T00:06:05.244Z] fetched 16750 | named 2218/4000 (hit 1218 dup 15024 noname 508 dead 0)
[2026-07-12T00:07:21.463Z] fetched 16775 | named 2221/4000 (hit 1221 dup 15045 noname 509 dead 0)
[2026-07-12T00:08:37.905Z] fetched 16800 | named 2221/4000 (hit 1221 dup 15068 noname 511 dead 0)
[2026-07-12T00:09:55.070Z] fetched 16825 | named 2221/4000 (hit 1221 dup 15091 noname 513 dead 0)
[2026-07-12T00:11:10.903Z] fetched 16850 | named 2224/4000 (hit 1224 dup 15112 noname 514 dead 0)
[2026-07-12T00:12:30.091Z] fetched 16875 | named 2224/4000 (hit 1224 dup 15137 noname 514 dead 0)
[2026-07-12T00:13:47.612Z] fetched 16900 | named 2225/4000 (hit 1225 dup 15160 noname 515 dead 0)
[2026-07-12T00:15:03.828Z] fetched 16925 | named 2229/4000 (hit 1229 dup 15181 noname 515 dead 0)
[2026-07-12T00:16:20.157Z] fetched 16950 | named 2232/4000 (hit 1232 dup 15199 noname 519 dead 0)
[2026-07-12T00:17:37.093Z] fetched 16975 | named 2232/4000 (hit 1232 dup 15222 noname 521 dead 0)
[2026-07-12T00:18:54.033Z] fetched 17000 | named 2235/4000 (hit 1235 dup 15244 noname 521 dead 0)
[2026-07-12T00:20:12.435Z] fetched 17025 | named 2237/4000 (hit 1237 dup 15267 noname 521 dead 0)
[2026-07-12T00:21:29.743Z] fetched 17050 | named 2238/4000 (hit 1238 dup 15289 noname 523 dead 0)
[2026-07-12T00:22:46.240Z] fetched 17075 | named 2238/4000 (hit 1238 dup 15314 noname 523 dead 0)
[2026-07-12T00:24:05.360Z] fetched 17100 | named 2239/4000 (hit 1239 dup 15338 noname 523 dead 0)
[2026-07-12T00:25:28.540Z] fetched 17125 | named 2240/4000 (hit 1240 dup 15360 noname 525 dead 0)
[2026-07-12T00:26:46.934Z] fetched 17150 | named 2242/4000 (hit 1242 dup 15381 noname 527 dead 0)
[2026-07-12T00:28:03.718Z] fetched 17175 | named 2243/4000 (hit 1243 dup 15405 noname 527 dead 0)
[2026-07-12T00:29:20.005Z] fetched 17200 | named 2243/4000 (hit 1243 dup 15428 noname 529 dead 0)
[2026-07-12T00:30:36.305Z] fetched 17225 | named 2247/4000 (hit 1247 dup 15445 noname 533 dead 0)
[2026-07-12T00:31:54.354Z] fetched 17250 | named 2248/4000 (hit 1248 dup 15466 noname 536 dead 0)
[2026-07-12T00:33:11.321Z] fetched 17275 | named 2250/4000 (hit 1250 dup 15488 noname 537 dead 0)
[2026-07-12T00:34:28.908Z] fetched 17300 | named 2252/4000 (hit 1252 dup 15510 noname 538 dead 0)
[2026-07-12T00:35:45.182Z] fetched 17325 | named 2255/4000 (hit 1255 dup 15530 noname 540 dead 0)
[2026-07-12T00:37:03.273Z] fetched 17350 | named 2256/4000 (hit 1256 dup 15554 noname 540 dead 0)
[2026-07-12T00:38:22.041Z] fetched 17375 | named 2257/4000 (hit 1257 dup 15578 noname 540 dead 0)
[2026-07-12T00:39:37.381Z] fetched 17400 | named 2258/4000 (hit 1258 dup 15601 noname 541 dead 0)
[2026-07-12T00:40:53.284Z] fetched 17425 | named 2263/4000 (hit 1263 dup 15619 noname 543 dead 0)
[2026-07-12T00:42:10.507Z] fetched 17450 | named 2265/4000 (hit 1265 dup 15642 noname 543 dead 0)
[2026-07-12T00:43:27.600Z] fetched 17475 | named 2268/4000 (hit 1268 dup 15664 noname 543 dead 0)
[2026-07-12T00:44:46.875Z] fetched 17500 | named 2270/4000 (hit 1270 dup 15685 noname 545 dead 0)
[2026-07-12T00:46:04.767Z] fetched 17525 | named 2271/4000 (hit 1271 dup 15708 noname 546 dead 0)
[2026-07-12T00:47:23.712Z] fetched 17550 | named 2272/4000 (hit 1272 dup 15732 noname 546 dead 0)
[2026-07-12T00:48:42.390Z] fetched 17575 | named 2274/4000 (hit 1274 dup 15754 noname 547 dead 0)
[2026-07-12T00:50:00.494Z] fetched 17600 | named 2277/4000 (hit 1277 dup 15775 noname 548 dead 0)
[2026-07-12T00:51:18.966Z] fetched 17625 | named 2278/4000 (hit 1278 dup 15798 noname 549 dead 0)
[2026-07-12T00:52:36.098Z] fetched 17650 | named 2279/4000 (hit 1279 dup 15821 noname 550 dead 0)
[2026-07-12T00:53:52.539Z] fetched 17675 | named 2282/4000 (hit 1282 dup 15841 noname 552 dead 0)
[2026-07-12T00:55:09.284Z] fetched 17700 | named 2284/4000 (hit 1284 dup 15862 noname 554 dead 0)
[2026-07-12T00:56:27.021Z] fetched 17725 | named 2287/4000 (hit 1287 dup 15878 noname 560 dead 0)
[2026-07-12T00:57:44.772Z] fetched 17750 | named 2290/4000 (hit 1290 dup 15900 noname 560 dead 0)
[2026-07-12T00:59:02.412Z] fetched 17775 | named 2292/4000 (hit 1292 dup 15923 noname 560 dead 0)
[2026-07-12T01:00:20.024Z] fetched 17800 | named 2294/4000 (hit 1294 dup 15942 noname 564 dead 0)
[2026-07-12T01:01:38.564Z] fetched 17825 | named 2294/4000 (hit 1294 dup 15965 noname 566 dead 0)
[2026-07-12T01:02:56.904Z] fetched 17850 | named 2301/4000 (hit 1301 dup 15982 noname 567 dead 0)
[2026-07-12T01:04:13.370Z] fetched 17875 | named 2303/4000 (hit 1303 dup 16003 noname 569 dead 0)
[2026-07-12T01:05:31.168Z] fetched 17900 | named 2307/4000 (hit 1307 dup 16022 noname 571 dead 0)
[2026-07-12T01:06:50.787Z] fetched 17925 | named 2309/4000 (hit 1309 dup 16039 noname 577 dead 0)
[2026-07-12T01:08:06.977Z] fetched 17950 | named 2311/4000 (hit 1311 dup 16061 noname 578 dead 0)
[2026-07-12T01:09:22.776Z] fetched 17975 | named 2312/4000 (hit 1312 dup 16084 noname 579 dead 0)
[2026-07-12T01:10:38.805Z] fetched 18000 | named 2314/4000 (hit 1314 dup 16102 noname 584 dead 0)
[2026-07-12T01:11:54.909Z] fetched 18025 | named 2315/4000 (hit 1315 dup 16125 noname 585 dead 0)
[2026-07-12T01:13:14.579Z] fetched 18050 | named 2316/4000 (hit 1316 dup 16149 noname 585 dead 0)
[2026-07-12T01:14:33.036Z] fetched 18075 | named 2317/4000 (hit 1317 dup 16173 noname 585 dead 0)
[2026-07-12T01:15:49.961Z] fetched 18100 | named 2319/4000 (hit 1319 dup 16195 noname 586 dead 0)
[2026-07-12T01:17:06.739Z] fetched 18125 | named 2320/4000 (hit 1320 dup 16218 noname 587 dead 0)
[2026-07-12T01:18:25.467Z] fetched 18150 | named 2322/4000 (hit 1322 dup 16241 noname 587 dead 0)
[2026-07-12T01:19:41.872Z] fetched 18175 | named 2324/4000 (hit 1324 dup 16258 noname 593 dead 0)
[2026-07-12T01:20:59.449Z] fetched 18200 | named 2327/4000 (hit 1327 dup 16279 noname 594 dead 0)
[2026-07-12T01:22:15.403Z] fetched 18225 | named 2328/4000 (hit 1328 dup 16302 noname 595 dead 0)
[2026-07-12T01:23:31.248Z] fetched 18250 | named 2328/4000 (hit 1328 dup 16327 noname 595 dead 0)
[2026-07-12T01:24:47.277Z] fetched 18275 | named 2330/4000 (hit 1330 dup 16347 noname 598 dead 0)
[2026-07-12T01:26:06.071Z] fetched 18300 | named 2332/4000 (hit 1332 dup 16370 noname 598 dead 0)
[2026-07-12T01:27:25.485Z] fetched 18325 | named 2334/4000 (hit 1334 dup 16391 noname 600 dead 0)
[2026-07-12T01:28:43.854Z] fetched 18350 | named 2336/4000 (hit 1336 dup 16413 noname 601 dead 0)
[2026-07-12T01:30:01.651Z] fetched 18375 | named 2338/4000 (hit 1338 dup 16434 noname 603 dead 0)
[2026-07-12T01:31:17.697Z] fetched 18400 | named 2340/4000 (hit 1340 dup 16453 noname 607 dead 0)
[2026-07-12T01:32:36.627Z] fetched 18425 | named 2343/4000 (hit 1343 dup 16474 noname 608 dead 0)
[2026-07-12T01:33:53.330Z] fetched 18450 | named 2345/4000 (hit 1345 dup 16496 noname 609 dead 0)
[2026-07-12T01:35:11.283Z] fetched 18475 | named 2345/4000 (hit 1345 dup 16517 noname 613 dead 0)
[2026-07-12T01:36:29.738Z] fetched 18500 | named 2347/4000 (hit 1347 dup 16539 noname 614 dead 0)
[2026-07-12T01:37:49.330Z] fetched 18525 | named 2349/4000 (hit 1349 dup 16562 noname 614 dead 0)
[2026-07-12T01:39:06.519Z] fetched 18550 | named 2351/4000 (hit 1351 dup 16584 noname 615 dead 0)
[2026-07-12T01:40:25.272Z] fetched 18575 | named 2354/4000 (hit 1354 dup 16606 noname 615 dead 0)
[2026-07-12T01:41:43.621Z] fetched 18600 | named 2356/4000 (hit 1356 dup 16629 noname 615 dead 0)
[2026-07-12T01:43:01.985Z] fetched 18625 | named 2357/4000 (hit 1357 dup 16652 noname 616 dead 0)
[2026-07-12T01:44:21.332Z] fetched 18650 | named 2358/4000 (hit 1358 dup 16674 noname 618 dead 0)
[2026-07-12T01:45:38.679Z] fetched 18675 | named 2358/4000 (hit 1358 dup 16697 noname 620 dead 0)
[2026-07-12T01:46:57.894Z] fetched 18700 | named 2362/4000 (hit 1362 dup 16717 noname 621 dead 0)
[2026-07-12T01:48:14.473Z] fetched 18725 | named 2365/4000 (hit 1365 dup 16739 noname 621 dead 0)
[2026-07-12T01:49:31.951Z] fetched 18750 | named 2365/4000 (hit 1365 dup 16764 noname 621 dead 0)
[2026-07-12T01:50:49.920Z] fetched 18775 | named 2367/4000 (hit 1367 dup 16787 noname 621 dead 0)
[2026-07-12T01:52:08.232Z] fetched 18800 | named 2371/4000 (hit 1371 dup 16808 noname 621 dead 0)
[2026-07-12T01:53:25.532Z] fetched 18825 | named 2375/4000 (hit 1375 dup 16827 noname 623 dead 0)
[2026-07-12T01:54:43.291Z] fetched 18850 | named 2375/4000 (hit 1375 dup 16851 noname 624 dead 0)
[2026-07-12T01:56:03.203Z] fetched 18875 | named 2378/4000 (hit 1378 dup 16869 noname 628 dead 0)
[2026-07-12T01:57:22.132Z] fetched 18900 | named 2381/4000 (hit 1381 dup 16889 noname 630 dead 0)
[2026-07-12T01:58:39.043Z] fetched 18925 | named 2383/4000 (hit 1383 dup 16912 noname 630 dead 0)
[2026-07-12T01:59:57.315Z] fetched 18950 | named 2385/4000 (hit 1385 dup 16934 noname 631 dead 0)
[2026-07-12T02:01:16.971Z] fetched 18975 | named 2386/4000 (hit 1386 dup 16957 noname 632 dead 0)
[2026-07-12T02:02:34.819Z] fetched 19000 | named 2387/4000 (hit 1387 dup 16980 noname 633 dead 0)
[2026-07-12T02:03:51.207Z] fetched 19025 | named 2388/4000 (hit 1388 dup 17001 noname 636 dead 0)
[2026-07-12T02:05:09.990Z] fetched 19050 | named 2388/4000 (hit 1388 dup 17026 noname 636 dead 0)
[2026-07-12T02:06:26.994Z] fetched 19075 | named 2389/4000 (hit 1389 dup 17048 noname 638 dead 0)
[2026-07-12T02:07:46.142Z] fetched 19100 | named 2389/4000 (hit 1389 dup 17072 noname 639 dead 0)
[2026-07-12T02:09:04.681Z] fetched 19125 | named 2392/4000 (hit 1392 dup 17093 noname 640 dead 0)
[2026-07-12T02:10:21.334Z] fetched 19150 | named 2394/4000 (hit 1394 dup 17116 noname 640 dead 0)
[2026-07-12T02:11:39.193Z] fetched 19175 | named 2394/4000 (hit 1394 dup 17141 noname 640 dead 0)
[2026-07-12T02:12:57.343Z] fetched 19200 | named 2396/4000 (hit 1396 dup 17164 noname 640 dead 0)
[2026-07-12T02:14:16.968Z] fetched 19225 | named 2396/4000 (hit 1396 dup 17188 noname 641 dead 0)
[2026-07-12T02:15:34.134Z] fetched 19250 | named 2400/4000 (hit 1400 dup 17208 noname 642 dead 0)
[2026-07-12T02:16:52.203Z] fetched 19275 | named 2404/4000 (hit 1404 dup 17228 noname 643 dead 0)
[2026-07-12T02:18:08.374Z] fetched 19300 | named 2405/4000 (hit 1405 dup 17250 noname 645 dead 0)
[2026-07-12T02:19:26.376Z] fetched 19325 | named 2408/4000 (hit 1408 dup 17270 noname 647 dead 0)
[2026-07-12T02:20:43.300Z] fetched 19350 | named 2411/4000 (hit 1411 dup 17290 noname 649 dead 0)
[2026-07-12T02:22:00.132Z] fetched 19375 | named 2411/4000 (hit 1411 dup 17315 noname 649 dead 0)
[2026-07-12T02:23:16.978Z] fetched 19400 | named 2411/4000 (hit 1411 dup 17340 noname 649 dead 0)
[2026-07-12T02:24:37.223Z] fetched 19425 | named 2415/4000 (hit 1415 dup 17358 noname 652 dead 0)
[2026-07-12T02:25:54.087Z] fetched 19450 | named 2415/4000 (hit 1415 dup 17382 noname 653 dead 0)
[2026-07-12T02:27:11.039Z] fetched 19475 | named 2417/4000 (hit 1417 dup 17405 noname 653 dead 0)
[2026-07-12T02:28:28.055Z] fetched 19500 | named 2419/4000 (hit 1419 dup 17427 noname 654 dead 0)
[2026-07-12T02:29:44.311Z] fetched 19525 | named 2420/4000 (hit 1420 dup 17450 noname 655 dead 0)
[2026-07-12T02:31:01.503Z] fetched 19550 | named 2423/4000 (hit 1423 dup 17470 noname 657 dead 0)
[2026-07-12T02:32:18.419Z] fetched 19575 | named 2424/4000 (hit 1424 dup 17494 noname 657 dead 0)
[2026-07-12T02:33:36.407Z] fetched 19600 | named 2427/4000 (hit 1427 dup 17515 noname 658 dead 0)
[2026-07-12T02:34:54.137Z] fetched 19625 | named 2429/4000 (hit 1429 dup 17538 noname 658 dead 0)
[2026-07-12T02:36:12.466Z] fetched 19650 | named 2430/4000 (hit 1430 dup 17560 noname 660 dead 0)
[2026-07-12T02:37:31.027Z] fetched 19675 | named 2433/4000 (hit 1433 dup 17582 noname 660 dead 0)
[2026-07-12T02:38:48.258Z] fetched 19700 | named 2435/4000 (hit 1435 dup 17601 noname 664 dead 0)
[2026-07-12T02:40:04.639Z] fetched 19725 | named 2436/4000 (hit 1436 dup 17624 noname 665 dead 0)
[2026-07-12T02:41:22.569Z] fetched 19750 | named 2440/4000 (hit 1440 dup 17644 noname 666 dead 0)
[2026-07-12T02:42:40.252Z] fetched 19775 | named 2441/4000 (hit 1441 dup 17668 noname 666 dead 0)
[2026-07-12T02:43:59.071Z] fetched 19800 | named 2442/4000 (hit 1442 dup 17690 noname 668 dead 0)
[2026-07-12T02:45:17.743Z] fetched 19825 | named 2443/4000 (hit 1443 dup 17714 noname 668 dead 0)
[2026-07-12T02:46:33.481Z] fetched 19850 | named 2443/4000 (hit 1443 dup 17739 noname 668 dead 0)
[2026-07-12T02:47:52.344Z] fetched 19875 | named 2444/4000 (hit 1444 dup 17762 noname 669 dead 0)
[2026-07-12T02:49:09.740Z] fetched 19900 | named 2446/4000 (hit 1446 dup 17785 noname 669 dead 0)
[2026-07-12T02:50:25.794Z] fetched 19925 | named 2449/4000 (hit 1449 dup 17807 noname 669 dead 0)
[2026-07-12T02:51:41.075Z] fetched 19950 | named 2451/4000 (hit 1451 dup 17829 noname 670 dead 0)
[2026-07-12T02:52:58.038Z] fetched 19975 | named 2454/4000 (hit 1454 dup 17851 noname 670 dead 0)
[2026-07-12T02:54:15.205Z] fetched 20000 | named 2455/4000 (hit 1455 dup 17871 noname 674 dead 0)
[2026-07-12T02:55:30.824Z] fetched 20025 | named 2457/4000 (hit 1457 dup 17893 noname 675 dead 0)
[2026-07-12T02:56:49.285Z] fetched 20050 | named 2460/4000 (hit 1460 dup 17913 noname 677 dead 0)
[2026-07-12T02:58:05.683Z] fetched 20075 | named 2464/4000 (hit 1464 dup 17934 noname 677 dead 0)
[2026-07-12T02:59:22.523Z] fetched 20100 | named 2467/4000 (hit 1467 dup 17955 noname 678 dead 0)
[2026-07-12T03:00:42.436Z] fetched 20125 | named 2467/4000 (hit 1467 dup 17978 noname 680 dead 0)
[2026-07-12T03:02:05.331Z] fetched 20150 | named 2469/4000 (hit 1469 dup 18001 noname 680 dead 0)
[2026-07-12T03:03:23.003Z] fetched 20175 | named 2469/4000 (hit 1469 dup 18026 noname 680 dead 0)
[2026-07-12T03:04:43.008Z] fetched 20200 | named 2472/4000 (hit 1472 dup 18047 noname 681 dead 0)
[2026-07-12T03:06:00.017Z] fetched 20225 | named 2474/4000 (hit 1474 dup 18068 noname 683 dead 0)
[2026-07-12T03:07:17.242Z] fetched 20250 | named 2477/4000 (hit 1477 dup 18089 noname 684 dead 0)
[2026-07-12T03:08:34.870Z] fetched 20275 | named 2480/4000 (hit 1480 dup 18111 noname 684 dead 0)
[2026-07-12T03:09:53.264Z] fetched 20300 | named 2481/4000 (hit 1481 dup 18135 noname 684 dead 0)
[2026-07-12T03:11:12.358Z] fetched 20325 | named 2483/4000 (hit 1483 dup 18158 noname 684 dead 0)
[2026-07-12T03:12:36.489Z] fetched 20350 | named 2484/4000 (hit 1484 dup 18181 noname 685 dead 0)
[2026-07-12T03:13:55.903Z] fetched 20375 | named 2484/4000 (hit 1484 dup 18206 noname 685 dead 0)
[2026-07-12T03:15:13.051Z] fetched 20400 | named 2485/4000 (hit 1485 dup 18228 noname 687 dead 0)
[2026-07-12T03:16:31.995Z] fetched 20425 | named 2486/4000 (hit 1486 dup 18252 noname 687 dead 0)
[2026-07-12T03:17:49.412Z] fetched 20450 | named 2489/4000 (hit 1489 dup 18271 noname 690 dead 0)
[2026-07-12T03:19:10.827Z] fetched 20475 | named 2489/4000 (hit 1489 dup 18296 noname 690 dead 0)
[2026-07-12T03:20:29.917Z] fetched 20500 | named 2491/4000 (hit 1491 dup 18319 noname 690 dead 0)
[2026-07-12T03:21:47.459Z] fetched 20525 | named 2493/4000 (hit 1493 dup 18342 noname 690 dead 0)
[2026-07-12T03:23:04.054Z] fetched 20550 | named 2496/4000 (hit 1496 dup 18361 noname 693 dead 0)
[2026-07-12T03:24:20.936Z] fetched 20575 | named 2498/4000 (hit 1498 dup 18382 noname 695 dead 0)
[2026-07-12T03:25:39.376Z] fetched 20600 | named 2501/4000 (hit 1501 dup 18400 noname 699 dead 0)
[2026-07-12T03:26:58.411Z] fetched 20625 | named 2502/4000 (hit 1502 dup 18422 noname 701 dead 0)
[2026-07-12T03:28:15.514Z] fetched 20650 | named 2503/4000 (hit 1503 dup 18445 noname 702 dead 0)
[2026-07-12T03:29:33.935Z] fetched 20675 | named 2503/4000 (hit 1503 dup 18469 noname 703 dead 0)
[2026-07-12T03:30:53.279Z] fetched 20700 | named 2506/4000 (hit 1506 dup 18489 noname 705 dead 0)
[2026-07-12T03:32:14.596Z] fetched 20725 | named 2509/4000 (hit 1509 dup 18509 noname 707 dead 0)
[2026-07-12T03:33:35.571Z] fetched 20750 | named 2510/4000 (hit 1510 dup 18532 noname 708 dead 0)
[2026-07-12T03:34:53.608Z] fetched 20775 | named 2513/4000 (hit 1513 dup 18551 noname 711 dead 0)
[2026-07-12T03:36:11.215Z] fetched 20800 | named 2515/4000 (hit 1515 dup 18573 noname 712 dead 0)
[2026-07-12T03:37:28.863Z] fetched 20825 | named 2516/4000 (hit 1516 dup 18597 noname 712 dead 0)
[2026-07-12T03:38:45.932Z] fetched 20850 | named 2516/4000 (hit 1516 dup 18622 noname 712 dead 0)
[2026-07-12T03:40:03.531Z] fetched 20875 | named 2517/4000 (hit 1517 dup 18646 noname 712 dead 0)
[2026-07-12T03:41:20.484Z] fetched 20900 | named 2519/4000 (hit 1519 dup 18668 noname 713 dead 0)
[2026-07-12T03:42:36.663Z] fetched 20925 | named 2524/4000 (hit 1524 dup 18687 noname 714 dead 0)
[2026-07-12T03:43:52.473Z] fetched 20950 | named 2526/4000 (hit 1526 dup 18708 noname 716 dead 0)
[2026-07-12T03:45:08.907Z] fetched 20975 | named 2526/4000 (hit 1526 dup 18733 noname 716 dead 0)
[2026-07-12T03:46:28.031Z] fetched 21000 | named 2529/4000 (hit 1529 dup 18754 noname 717 dead 0)
[2026-07-12T03:47:44.879Z] fetched 21025 | named 2532/4000 (hit 1532 dup 18774 noname 719 dead 0)
[2026-07-12T03:49:02.767Z] fetched 21050 | named 2534/4000 (hit 1534 dup 18795 noname 721 dead 0)
[2026-07-12T03:50:20.774Z] fetched 21075 | named 2537/4000 (hit 1537 dup 18817 noname 721 dead 0)
[2026-07-12T03:51:37.672Z] fetched 21100 | named 2538/4000 (hit 1538 dup 18841 noname 721 dead 0)
[2026-07-12T03:52:53.370Z] fetched 21125 | named 2542/4000 (hit 1542 dup 18861 noname 722 dead 0)
[2026-07-12T03:54:09.182Z] fetched 21150 | named 2543/4000 (hit 1543 dup 18883 noname 724 dead 0)
[2026-07-12T03:55:26.696Z] fetched 21175 | named 2543/4000 (hit 1543 dup 18908 noname 724 dead 0)
[2026-07-12T03:56:44.318Z] fetched 21200 | named 2545/4000 (hit 1545 dup 18931 noname 724 dead 0)
[2026-07-12T03:58:00.652Z] fetched 21225 | named 2548/4000 (hit 1548 dup 18951 noname 726 dead 0)
[2026-07-12T03:59:18.321Z] fetched 21250 | named 2550/4000 (hit 1550 dup 18973 noname 727 dead 0)
[2026-07-12T04:00:36.594Z] fetched 21275 | named 2550/4000 (hit 1550 dup 18997 noname 728 dead 0)
[2026-07-12T04:01:55.268Z] fetched 21300 | named 2554/4000 (hit 1554 dup 19018 noname 728 dead 0)
[2026-07-12T04:03:12.299Z] fetched 21325 | named 2557/4000 (hit 1557 dup 19040 noname 728 dead 0)
[2026-07-12T04:04:34.713Z] fetched 21350 | named 2559/4000 (hit 1559 dup 19063 noname 728 dead 0)
[2026-07-12T04:05:54.841Z] fetched 21375 | named 2559/4000 (hit 1559 dup 19086 noname 730 dead 0)
[2026-07-12T04:07:12.323Z] fetched 21400 | named 2561/4000 (hit 1561 dup 19109 noname 730 dead 0)
[2026-07-12T04:08:29.957Z] fetched 21425 | named 2563/4000 (hit 1563 dup 19130 noname 732 dead 0)
[2026-07-12T04:09:47.472Z] fetched 21450 | named 2564/4000 (hit 1564 dup 19154 noname 732 dead 0)
[2026-07-12T04:11:06.153Z] fetched 21475 | named 2566/4000 (hit 1566 dup 19177 noname 732 dead 0)
[2026-07-12T04:12:22.437Z] fetched 21500 | named 2567/4000 (hit 1567 dup 19201 noname 732 dead 0)
[2026-07-12T04:13:38.513Z] fetched 21525 | named 2568/4000 (hit 1568 dup 19225 noname 732 dead 0)
[2026-07-12T04:14:55.200Z] fetched 21550 | named 2569/4000 (hit 1569 dup 19249 noname 732 dead 0)
[2026-07-12T04:16:12.627Z] fetched 21575 | named 2572/4000 (hit 1572 dup 19270 noname 733 dead 0)
[2026-07-12T04:17:28.715Z] fetched 21600 | named 2576/4000 (hit 1576 dup 19291 noname 733 dead 0)
[2026-07-12T04:18:47.306Z] fetched 21625 | named 2581/4000 (hit 1581 dup 19311 noname 733 dead 0)
[2026-07-12T04:20:03.812Z] fetched 21650 | named 2581/4000 (hit 1581 dup 19335 noname 734 dead 0)
[2026-07-12T04:21:20.571Z] fetched 21675 | named 2585/4000 (hit 1585 dup 19356 noname 734 dead 0)
[2026-07-12T04:22:40.133Z] fetched 21700 | named 2588/4000 (hit 1588 dup 19378 noname 734 dead 0)
[2026-07-12T04:23:58.417Z] fetched 21725 | named 2590/4000 (hit 1590 dup 19400 noname 735 dead 0)
[2026-07-12T04:25:15.525Z] fetched 21750 | named 2596/4000 (hit 1596 dup 19419 noname 735 dead 0)
[2026-07-12T04:26:35.023Z] fetched 21775 | named 2597/4000 (hit 1597 dup 19442 noname 736 dead 0)
[2026-07-12T04:27:54.483Z] fetched 21800 | named 2600/4000 (hit 1600 dup 19464 noname 736 dead 0)
[2026-07-12T04:29:13.679Z] fetched 21825 | named 2601/4000 (hit 1601 dup 19485 noname 739 dead 0)
[2026-07-12T04:30:30.376Z] fetched 21850 | named 2603/4000 (hit 1603 dup 19507 noname 740 dead 0)
[2026-07-12T04:31:47.613Z] fetched 21875 | named 2606/4000 (hit 1606 dup 19528 noname 741 dead 0)
[2026-07-12T04:33:06.084Z] fetched 21900 | named 2606/4000 (hit 1606 dup 19551 noname 743 dead 0)
[2026-07-12T04:34:25.226Z] fetched 21925 | named 2609/4000 (hit 1609 dup 19572 noname 744 dead 0)
[2026-07-12T04:35:44.855Z] fetched 21950 | named 2609/4000 (hit 1609 dup 19596 noname 745 dead 0)
[2026-07-12T04:37:02.264Z] fetched 21975 | named 2612/4000 (hit 1612 dup 19618 noname 745 dead 0)
[2026-07-12T04:38:19.160Z] fetched 22000 | named 2614/4000 (hit 1614 dup 19640 noname 746 dead 0)
[2026-07-12T04:39:36.570Z] fetched 22025 | named 2615/4000 (hit 1615 dup 19664 noname 746 dead 0)
[2026-07-12T04:40:53.426Z] fetched 22050 | named 2615/4000 (hit 1615 dup 19688 noname 747 dead 0)
[2026-07-12T04:42:11.657Z] fetched 22075 | named 2616/4000 (hit 1616 dup 19712 noname 747 dead 0)
[2026-07-12T04:43:31.296Z] fetched 22100 | named 2616/4000 (hit 1616 dup 19734 noname 750 dead 0)
[2026-07-12T04:44:48.280Z] fetched 22125 | named 2618/4000 (hit 1618 dup 19754 noname 753 dead 0)
[2026-07-12T04:46:05.408Z] fetched 22150 | named 2621/4000 (hit 1621 dup 19776 noname 753 dead 0)
[2026-07-12T04:47:23.377Z] fetched 22175 | named 2622/4000 (hit 1622 dup 19800 noname 753 dead 0)
[2026-07-12T04:48:44.841Z] fetched 22200 | named 2622/4000 (hit 1622 dup 19824 noname 754 dead 0)
[2026-07-12T04:50:02.965Z] fetched 22225 | named 2623/4000 (hit 1623 dup 19846 noname 756 dead 0)
[2026-07-12T04:51:22.571Z] fetched 22250 | named 2623/4000 (hit 1623 dup 19871 noname 756 dead 0)
[2026-07-12T04:52:41.444Z] fetched 22275 | named 2625/4000 (hit 1625 dup 19892 noname 758 dead 0)
[2026-07-12T04:53:59.313Z] fetched 22300 | named 2626/4000 (hit 1626 dup 19915 noname 759 dead 0)
[2026-07-12T04:55:18.181Z] fetched 22325 | named 2627/4000 (hit 1627 dup 19939 noname 759 dead 0)
[2026-07-12T04:56:36.908Z] fetched 22350 | named 2629/4000 (hit 1629 dup 19961 noname 760 dead 0)
[2026-07-12T04:57:53.221Z] fetched 22375 | named 2633/4000 (hit 1633 dup 19982 noname 760 dead 0)
[2026-07-12T04:59:12.863Z] fetched 22400 | named 2635/4000 (hit 1635 dup 20005 noname 760 dead 0)
[2026-07-12T05:00:30.863Z] fetched 22425 | named 2635/4000 (hit 1635 dup 20030 noname 760 dead 0)
[2026-07-12T05:01:48.806Z] fetched 22450 | named 2637/4000 (hit 1637 dup 20053 noname 760 dead 0)
[2026-07-12T05:03:06.774Z] fetched 22475 | named 2640/4000 (hit 1640 dup 20074 noname 761 dead 0)
[2026-07-12T05:04:23.079Z] fetched 22500 | named 2646/4000 (hit 1646 dup 20092 noname 762 dead 0)
[2026-07-12T05:05:41.266Z] fetched 22525 | named 2647/4000 (hit 1647 dup 20105 noname 773 dead 0)
[2026-07-12T05:06:57.499Z] fetched 22550 | named 2649/4000 (hit 1649 dup 20127 noname 774 dead 0)
[2026-07-12T05:08:15.641Z] fetched 22575 | named 2649/4000 (hit 1649 dup 20151 noname 775 dead 0)
[2026-07-12T05:09:33.444Z] fetched 22600 | named 2651/4000 (hit 1651 dup 20172 noname 777 dead 0)
[2026-07-12T05:10:50.747Z] fetched 22625 | named 2651/4000 (hit 1651 dup 20196 noname 778 dead 0)
[2026-07-12T05:12:10.884Z] fetched 22650 | named 2652/4000 (hit 1652 dup 20220 noname 778 dead 0)
[2026-07-12T05:13:28.611Z] fetched 22675 | named 2654/4000 (hit 1654 dup 20242 noname 779 dead 0)
[2026-07-12T05:14:47.637Z] fetched 22700 | named 2656/4000 (hit 1656 dup 20264 noname 780 dead 0)
[2026-07-12T05:16:07.127Z] fetched 22725 | named 2658/4000 (hit 1658 dup 20287 noname 780 dead 0)
[2026-07-12T05:17:24.691Z] fetched 22750 | named 2662/4000 (hit 1662 dup 20307 noname 781 dead 0)
[2026-07-12T05:18:42.289Z] fetched 22775 | named 2663/4000 (hit 1663 dup 20330 noname 782 dead 0)
[2026-07-12T05:20:02.403Z] fetched 22800 | named 2666/4000 (hit 1666 dup 20352 noname 782 dead 0)
[2026-07-12T05:21:21.261Z] fetched 22825 | named 2667/4000 (hit 1667 dup 20376 noname 782 dead 0)
[2026-07-12T05:22:37.875Z] fetched 22850 | named 2668/4000 (hit 1668 dup 20399 noname 783 dead 0)
[2026-07-12T05:23:54.216Z] fetched 22875 | named 2670/4000 (hit 1670 dup 20418 noname 787 dead 0)
[2026-07-12T05:25:10.755Z] fetched 22900 | named 2670/4000 (hit 1670 dup 20443 noname 787 dead 0)
[2026-07-12T05:26:28.966Z] fetched 22925 | named 2673/4000 (hit 1673 dup 20464 noname 788 dead 0)
[2026-07-12T05:27:47.473Z] fetched 22950 | named 2675/4000 (hit 1675 dup 20487 noname 788 dead 0)
[2026-07-12T05:29:05.095Z] fetched 22975 | named 2675/4000 (hit 1675 dup 20511 noname 789 dead 0)
[2026-07-12T05:30:23.749Z] fetched 23000 | named 2675/4000 (hit 1675 dup 20536 noname 789 dead 0)
[2026-07-12T05:31:41.365Z] fetched 23025 | named 2675/4000 (hit 1675 dup 20559 noname 791 dead 0)
[2026-07-12T05:32:57.280Z] fetched 23050 | named 2678/4000 (hit 1678 dup 20581 noname 791 dead 0)
[2026-07-12T05:34:14.821Z] fetched 23075 | named 2678/4000 (hit 1678 dup 20606 noname 791 dead 0)
[2026-07-12T05:35:34.765Z] fetched 23100 | named 2682/4000 (hit 1682 dup 20627 noname 791 dead 0)
[2026-07-12T05:36:52.352Z] fetched 23125 | named 2684/4000 (hit 1684 dup 20650 noname 791 dead 0)
[2026-07-12T05:38:10.546Z] fetched 23150 | named 2687/4000 (hit 1687 dup 20671 noname 792 dead 0)
[2026-07-12T05:39:26.053Z] fetched 23175 | named 2690/4000 (hit 1690 dup 20693 noname 792 dead 0)
[2026-07-12T05:40:41.424Z] fetched 23200 | named 2691/4000 (hit 1691 dup 20714 noname 795 dead 0)
[2026-07-12T05:41:56.237Z] fetched 23225 | named 2696/4000 (hit 1696 dup 20733 noname 796 dead 0)
[2026-07-12T05:43:13.648Z] fetched 23250 | named 2697/4000 (hit 1697 dup 20756 noname 797 dead 0)
FATAL Error: ENOSPC: no space left on device, write
    at Object.writeFileSync (node:fs:2367:20)
    at flush (C:\Users\shofu\Desktop\saiyo_tantousha_poc\poc\src\harvest-wantedly.js:204:8)
    at main (C:\Users\shofu\Desktop\saiyo_tantousha_poc\poc\src\harvest-wantedly.js:238:7) {
  errno: -4055,
  code: 'ENOSPC',
  syscall: 'write'
}
