[2026-07-11T21:06:52.350Z] 再開: 既存 9030社（担当者名 2728）｜ seen 9030社
[2026-07-11T21:06:57.692Z] 🔍 "北海道 メーカー": 掲載 100社（新規 55社）｜ 累計担当者名 2728/8000
[2026-07-11T21:08:00.308Z]   処理 10｜ 掲載 9040｜ 担当者名 2732（30.2%）
[2026-07-11T21:09:07.247Z]   処理 20｜ 掲載 9050｜ 担当者名 2738（30.3%）
[2026-07-11T21:10:14.513Z]   処理 30｜ 掲載 9060｜ 担当者名 2742（30.3%）
[2026-07-11T21:11:21.735Z]   処理 40｜ 掲載 9070｜ 担当者名 2746（30.3%）
[2026-07-11T21:12:25.121Z]   処理 50｜ 掲載 9080｜ 担当者名 2750（30.3%）
[2026-07-11T21:13:06.712Z] 🔍 "北海道 商社": 掲載 100社（新規 52社）｜ 累計担当者名 2751/8000
[2026-07-11T21:13:41.754Z]   処理 60｜ 掲載 9090｜ 担当者名 2753（30.3%）
[2026-07-11T21:14:50.349Z]   処理 70｜ 掲載 9100｜ 担当者名 2757（30.3%）
[2026-07-11T21:16:03.427Z]   処理 80｜ 掲載 9110｜ 担当者名 2761（30.3%）
[2026-07-11T21:17:13.423Z]   処理 90｜ 掲載 9120｜ 担当者名 2763（30.3%）
[2026-07-11T21:18:31.232Z]   処理 100｜ 掲載 9130｜ 担当者名 2766（30.3%）
[2026-07-11T21:19:15.581Z] 🔍 "北海道 小売": 掲載 92社（新規 44社）｜ 累計担当者名 2770/8000
[2026-07-11T21:19:33.565Z]   処理 110｜ 掲載 9140｜ 担当者名 2771（30.3%）
[2026-07-11T21:20:38.980Z]   処理 120｜ 掲載 9150｜ 担当者名 2773（30.3%）
[2026-07-11T21:21:41.352Z]   処理 130｜ 掲載 9160｜ 担当者名 2777（30.3%）
[2026-07-11T21:22:51.812Z]   処理 140｜ 掲載 9170｜ 担当者名 2781（30.3%）
[2026-07-11T21:23:46.965Z]   処理 150｜ 掲載 9180｜ 担当者名 2785（30.3%）
[2026-07-11T21:23:57.304Z] 🔍 "北海道 金融": 掲載 90社（新規 59社）｜ 累計担当者名 2786/8000
[2026-07-11T21:24:43.406Z]   処理 160｜ 掲載 9190｜ 担当者名 2789（30.3%）
[2026-07-11T21:25:38.855Z]   処理 170｜ 掲載 9200｜ 担当者名 2793（30.4%）
[2026-07-11T21:26:39.080Z]   処理 180｜ 掲載 9210｜ 担当者名 2795（30.3%）
[2026-07-11T21:27:34.912Z]   処理 190｜ 掲載 9220｜ 担当者名 2799（30.4%）
[2026-07-11T21:28:28.296Z]   処理 200｜ 掲載 9230｜ 担当者名 2803（30.4%）
[2026-07-11T21:29:20.895Z]   処理 210｜ 掲載 9240｜ 担当者名 2805（30.4%）
[2026-07-11T21:29:25.237Z] 🔍 "北海道 介護": 掲載 95社（新規 56社）｜ 累計担当者名 2805/8000
[2026-07-11T21:30:28.585Z]   処理 220｜ 掲載 9250｜ 担当者名 2808（30.4%）
[2026-07-11T21:31:47.870Z]   処理 230｜ 掲載 9260｜ 担当者名 2810（30.3%）
[2026-07-11T21:32:52.682Z]   処理 240｜ 掲載 9270｜ 担当者名 2813（30.3%）
[2026-07-11T21:34:00.763Z]   処理 250｜ 掲載 9280｜ 担当者名 2814（30.3%）
[2026-07-11T21:35:03.554Z]   処理 260｜ 掲載 9290｜ 担当者名 2819（30.3%）
[2026-07-11T21:35:54.297Z] 🔍 "北海道 医療": 掲載 100社（新規 28社）｜ 累計担当者名 2819/8000
[2026-07-11T21:36:17.247Z]   処理 270｜ 掲載 9300｜ 担当者名 2820（30.3%）
[2026-07-11T21:37:21.304Z]   処理 280｜ 掲載 9310｜ 担当者名 2823（30.3%）
[2026-07-11T21:38:32.146Z]   処理 290｜ 掲載 9320｜ 担当者名 2828（30.3%）
[2026-07-11T21:39:00.941Z] 🔍 "北海道 食品": 掲載 100社（新規 26社）｜ 累計担当者名 2831/8000
[2026-07-11T21:39:37.512Z]   処理 300｜ 掲載 9330｜ 担当者名 2832（30.4%）
[2026-07-11T21:40:34.811Z]   処理 310｜ 掲載 9340｜ 担当者名 2836（30.4%）
[2026-07-11T21:41:38.283Z]   処理 320｜ 掲載 9350｜ 担当者名 2843（30.4%）
[2026-07-11T21:41:42.630Z] 🔍 "北海道 建設": 掲載 100社（新規 41社）｜ 累計担当者名 2843/8000
[2026-07-11T21:42:45.952Z]   処理 330｜ 掲載 9360｜ 担当者名 2847（30.4%）
[2026-07-11T21:43:46.216Z]   処理 340｜ 掲載 9370｜ 担当者名 2851（30.4%）
[2026-07-11T21:45:00.537Z]   処理 350｜ 掲載 9380｜ 担当者名 2859（30.5%）
[2026-07-11T21:46:03.697Z]   処理 360｜ 掲載 9390｜ 担当者名 2861（30.5%）
[2026-07-11T21:46:16.770Z] 🔍 "北海道 不動産": 掲載 100社（新規 36社）｜ 累計担当者名 2861/8000
[2026-07-11T21:47:07.365Z]   処理 370｜ 掲載 9400｜ 担当者名 2865（30.5%）
[2026-07-11T21:48:17.091Z]   処理 380｜ 掲載 9410｜ 担当者名 2866（30.5%）
[2026-07-11T21:49:20.850Z]   処理 390｜ 掲載 9420｜ 担当者名 2869（30.5%）
[2026-07-11T21:50:08.775Z] 🔍 "北海道 物流": 掲載 100社（新規 23社）｜ 累計担当者名 2869/8000
[2026-07-11T21:50:25.202Z]   処理 400｜ 掲載 9430｜ 担当者名 2871（30.4%）
[2026-07-11T21:51:14.575Z]   処理 410｜ 掲載 9440｜ 担当者名 2872（30.4%）
[2026-07-11T21:52:11.803Z]   処理 420｜ 掲載 9450｜ 担当者名 2873（30.4%）
[2026-07-11T21:52:14.712Z] 🔍 "北海道 外食": 掲載 30社（新規 10社）｜ 累計担当者名 2873/8000
[2026-07-11T21:53:11.350Z]   処理 430｜ 掲載 9460｜ 担当者名 2878（30.4%）
[2026-07-11T21:53:15.597Z] 🔍 "北海道 自動車": 掲載 100社（新規 24社）｜ 累計担当者名 2878/8000
[2026-07-11T21:54:19.025Z]   処理 440｜ 掲載 9470｜ 担当者名 2880（30.4%）
[2026-07-11T21:55:33.264Z]   処理 450｜ 掲載 9480｜ 担当者名 2883（30.4%）
[2026-07-11T21:56:05.413Z] 🔍 "北海道 人材": 掲載 100社（新規 30社）｜ 累計担当者名 2885/8000
[2026-07-11T21:56:46.669Z]   処理 460｜ 掲載 9490｜ 担当者名 2885（30.4%）
[2026-07-11T21:57:52.618Z]   処理 470｜ 掲載 9500｜ 担当者名 2888（30.4%）
[2026-07-11T21:58:47.101Z]   処理 480｜ 掲載 9510｜ 担当者名 2892（30.4%）
[2026-07-11T21:59:15.135Z] 🔍 "北海道 教育": 掲載 100社（新規 24社）｜ 累計担当者名 2893/8000
[2026-07-11T21:59:45.367Z]   処理 490｜ 掲載 9520｜ 担当者名 2893（30.4%）
[2026-07-11T22:00:52.736Z]   処理 500｜ 掲載 9530｜ 担当者名 2894（30.4%）
[2026-07-11T22:01:44.247Z] 🔍 "北海道 化学": 掲載 100社（新規 36社）｜ 累計担当者名 2897/8000
[2026-07-11T22:01:56.292Z]   処理 510｜ 掲載 9540｜ 担当者名 2898（30.4%）
[2026-07-11T22:03:06.494Z]   処理 520｜ 掲載 9550｜ 担当者名 2899（30.4%）
[2026-07-11T22:04:11.132Z]   処理 530｜ 掲載 9560｜ 担当者名 2900（30.3%）
[2026-07-11T22:05:15.320Z]   処理 540｜ 掲載 9570｜ 担当者名 2902（30.3%）
[2026-07-11T22:05:41.916Z] 🔍 "北海道 機械": 掲載 100社（新規 15社）｜ 累計担当者名 2904/8000
[2026-07-11T22:06:15.377Z]   処理 550｜ 掲載 9580｜ 担当者名 2907（30.3%）
[2026-07-11T22:07:13.895Z] 🔍 "北海道 アパレル": 掲載 42社（新規 7社）｜ 累計担当者名 2912/8000
[2026-07-11T22:07:17.921Z]   処理 560｜ 掲載 9590｜ 担当者名 2912（30.4%）
[2026-07-11T22:07:59.791Z] 🔍 "北海道 ホテル": 掲載 100社（新規 21社）｜ 累計担当者名 2914/8000
[2026-07-11T22:08:26.729Z]   処理 570｜ 掲載 9600｜ 担当者名 2914（30.4%）
[2026-07-11T22:09:35.818Z]   処理 580｜ 掲載 9610｜ 担当者名 2917（30.4%）
[2026-07-11T22:10:30.201Z] 🔍 "青森 メーカー": 掲載 39社（新規 22社）｜ 累計担当者名 2920/8000
[2026-07-11T22:10:49.227Z]   処理 590｜ 掲載 9620｜ 担当者名 2922（30.4%）
[2026-07-11T22:11:49.663Z]   処理 600｜ 掲載 9630｜ 担当者名 2928（30.4%）
[2026-07-11T22:12:52.984Z] 🔍 "青森 商社": 掲載 21社（新規 7社）｜ 累計担当者名 2932/8000
[2026-07-11T22:12:56.948Z]   処理 610｜ 掲載 9640｜ 担当者名 2932（30.4%）
[2026-07-11T22:13:26.151Z] 🔍 "青森 小売": 掲載 19社（新規 4社）｜ 累計担当者名 2936/8000
[2026-07-11T22:13:43.389Z]   処理 620｜ 掲載 9650｜ 担当者名 2938（30.4%）
[2026-07-11T22:13:45.983Z] 🔍 "青森 金融": 掲載 11社（新規 3社）｜ 累計担当者名 2938/8000
[2026-07-11T22:14:04.086Z] 🔍 "青森 介護": 掲載 24社（新規 13社）｜ 累計担当者名 2939/8000
[2026-07-11T22:14:55.053Z]   処理 630｜ 掲載 9660｜ 担当者名 2942（30.5%）
[2026-07-11T22:15:50.210Z] 🔍 "青森 医療": 掲載 100社（新規 34社）｜ 累計担当者名 2942/8000
[2026-07-11T22:16:14.066Z]   処理 640｜ 掲載 9670｜ 担当者名 2942（30.4%）
[2026-07-11T22:17:13.383Z]   処理 650｜ 掲載 9680｜ 担当者名 2945（30.4%）
[2026-07-11T22:18:01.964Z]   処理 660｜ 掲載 9690｜ 担当者名 2953（30.5%）
[2026-07-11T22:19:12.492Z]   処理 670｜ 掲載 9700｜ 担当者名 2954（30.5%）
[2026-07-11T22:19:15.686Z] 🔍 "青森 食品": 掲載 40社（新規 10社）｜ 累計担当者名 2954/8000
[2026-07-11T22:20:02.424Z]   処理 680｜ 掲載 9710｜ 担当者名 2958（30.5%）
[2026-07-11T22:20:05.524Z] 🔍 "青森 建設": 掲載 29社（新規 17社）｜ 累計担当者名 2958/8000
[2026-07-11T22:21:06.403Z]   処理 690｜ 掲載 9720｜ 担当者名 2963（30.5%）
[2026-07-11T22:21:50.727Z] 🔍 "青森 不動産": 掲載 11社（新規 1社）｜ 累計担当者名 2965/8000
[2026-07-11T22:22:01.179Z] 🔍 "青森 物流": 掲載 21社（新規 5社）｜ 累計担当者名 2965/8000
[2026-07-11T22:22:07.899Z]   処理 700｜ 掲載 9730｜ 担当者名 2966（30.5%）
[2026-07-11T22:22:29.343Z] 🔍 "青森 外食": 掲載 4社（新規 0社）｜ 累計担当者名 2967/8000
[2026-07-11T22:22:32.450Z] 🔍 "青森 自動車": 掲載 100社（新規 44社）｜ 累計担当者名 2967/8000
[2026-07-11T22:23:10.734Z]   処理 710｜ 掲載 9740｜ 担当者名 2971（30.5%）
[2026-07-11T22:24:13.086Z]   処理 720｜ 掲載 9750｜ 担当者名 2974（30.5%）
[2026-07-11T22:25:18.309Z]   処理 730｜ 掲載 9760｜ 担当者名 2978（30.5%）
[2026-07-11T22:26:29.945Z]   処理 740｜ 掲載 9770｜ 担当者名 2980（30.5%）
[2026-07-11T22:27:30.630Z] 🔍 "青森 人材": 掲載 22社（新規 5社）｜ 累計担当者名 2981/8000
[2026-07-11T22:27:44.910Z]   処理 750｜ 掲載 9780｜ 担当者名 2981（30.5%）
[2026-07-11T22:28:02.139Z] 🔍 "青森 教育": 掲載 100社（新規 28社）｜ 累計担当者名 2982/8000
[2026-07-11T22:28:50.542Z]   処理 760｜ 掲載 9790｜ 担当者名 2984（30.5%）
[2026-07-11T22:29:46.557Z]   処理 770｜ 掲載 9800｜ 担当者名 2987（30.5%）
[2026-07-11T22:30:50.185Z]   処理 780｜ 掲載 9810｜ 担当者名 2990（30.5%）
[2026-07-11T22:30:54.536Z] 🔍 "青森 化学": 掲載 100社（新規 44社）｜ 累計担当者名 2990/8000
[2026-07-11T22:31:52.948Z]   処理 790｜ 掲載 9820｜ 担当者名 2992（30.5%）
[2026-07-11T22:33:04.871Z]   処理 800｜ 掲載 9830｜ 担当者名 2996（30.5%）
[2026-07-11T22:34:19.522Z]   処理 810｜ 掲載 9840｜ 担当者名 2998（30.5%）
[2026-07-11T22:35:12.868Z]   処理 820｜ 掲載 9850｜ 担当者名 3003（30.5%）
[2026-07-11T22:35:36.279Z] 🔍 "青森 機械": 掲載 20社（新規 4社）｜ 累計担当者名 3004/8000
[2026-07-11T22:35:59.507Z] 🔍 "青森 アパレル": 掲載 6社（新規 0社）｜ 累計担当者名 3006/8000
[2026-07-11T22:36:02.235Z] 🔍 "青森 ホテル": 掲載 82社（新規 33社）｜ 累計担当者名 3006/8000
[2026-07-11T22:36:16.461Z]   処理 830｜ 掲載 9860｜ 担当者名 3007（30.5%）
[2026-07-11T22:37:27.355Z]   処理 840｜ 掲載 9870｜ 担当者名 3009（30.5%）
[2026-07-11T22:38:25.565Z]   処理 850｜ 掲載 9880｜ 担当者名 3011（30.5%）
[2026-07-11T22:39:41.441Z]   処理 860｜ 掲載 9890｜ 担当者名 3014（30.5%）
[2026-07-11T22:39:50.314Z] 🔍 "岩手 メーカー": 掲載 69社（新規 39社）｜ 累計担当者名 3014/8000
[2026-07-11T22:40:41.688Z]   処理 870｜ 掲載 9900｜ 担当者名 3017（30.5%）
[2026-07-11T22:41:49.120Z]   処理 880｜ 掲載 9910｜ 担当者名 3018（30.5%）
[2026-07-11T22:42:47.980Z]   処理 890｜ 掲載 9920｜ 担当者名 3021（30.5%）
[2026-07-11T22:44:03.092Z]   処理 900｜ 掲載 9930｜ 担当者名 3023（30.4%）
[2026-07-11T22:44:06.058Z] 🔍 "岩手 商社": 掲載 21社（新規 2社）｜ 累計担当者名 3023/8000
[2026-07-11T22:44:17.350Z] 🔍 "岩手 小売": 掲載 15社（新規 1社）｜ 累計担当者名 3024/8000
[2026-07-11T22:44:27.596Z] 🔍 "岩手 金融": 掲載 29社（新規 18社）｜ 累計担当者名 3024/8000
[2026-07-11T22:44:59.403Z]   処理 910｜ 掲載 9940｜ 担当者名 3026（30.4%）
[2026-07-11T22:45:48.671Z]   処理 920｜ 掲載 9950｜ 担当者名 3027（30.4%）
[2026-07-11T22:45:56.672Z] 🔍 "岩手 介護": 掲載 25社（新規 6社）｜ 累計担当者名 3028/8000
[2026-07-11T22:46:45.494Z] 🔍 "岩手 医療": 掲載 100社（新規 27社）｜ 累計担当者名 3030/8000
[2026-07-11T22:47:10.619Z]   処理 930｜ 掲載 9960｜ 担当者名 3030（30.4%）
[2026-07-11T22:48:27.482Z]   処理 940｜ 掲載 9970｜ 担当者名 3034（30.4%）
[2026-07-11T22:49:41.634Z]   処理 950｜ 掲載 9980｜ 担当者名 3035（30.4%）
[2026-07-11T22:50:13.809Z] 🔍 "岩手 食品": 掲載 47社（新規 3社）｜ 累計担当者名 3035/8000
[2026-07-11T22:50:35.660Z] 🔍 "岩手 建設": 掲載 64社（新規 32社）｜ 累計担当者名 3036/8000
[2026-07-11T22:50:57.567Z]   処理 960｜ 掲載 9990｜ 担当者名 3038（30.4%）
[2026-07-11T22:51:56.374Z]   処理 970｜ 掲載 10000｜ 担当者名 3042（30.4%）
[2026-07-11T22:53:12.746Z]   処理 980｜ 掲載 10010｜ 担当者名 3044（30.4%）
[2026-07-11T22:54:15.756Z] 🔍 "岩手 不動産": 掲載 12社（新規 2社）｜ 累計担当者名 3046/8000
[2026-07-11T22:54:19.782Z]   処理 990｜ 掲載 10020｜ 担当者名 3046（30.4%）
[2026-07-11T22:54:31.265Z] 🔍 "岩手 物流": 掲載 21社（新規 5社）｜ 累計担当者名 3046/8000
[2026-07-11T22:55:01.809Z] 🔍 "岩手 外食": 掲載 4社（新規 1社）｜ 累計担当者名 3050/8000
[2026-07-11T22:55:13.661Z] 🔍 "岩手 自動車": 掲載 100社（新規 32社）｜ 累計担当者名 3050/8000
[2026-07-11T22:55:28.364Z]   処理 1000｜ 掲載 10030｜ 担当者名 3052（30.4%）
[2026-07-11T22:56:32.949Z]   処理 1010｜ 掲載 10040｜ 担当者名 3056（30.4%）
[2026-07-11T22:57:44.910Z]   処理 1020｜ 掲載 10050｜ 担当者名 3059（30.4%）
[2026-07-11T22:58:42.485Z] 🔍 "岩手 人材": 掲載 32社（新規 2社）｜ 累計担当者名 3062/8000
[2026-07-11T22:58:46.490Z]   処理 1030｜ 掲載 10060｜ 担当者名 3062（30.4%）
[2026-07-11T22:58:59.430Z] 🔍 "岩手 教育": 掲載 100社（新規 15社）｜ 累計担当者名 3063/8000
[2026-07-11T23:00:02.858Z]   処理 1040｜ 掲載 10070｜ 担当者名 3064（30.4%）
[2026-07-11T23:00:50.839Z] 🔍 "岩手 化学": 掲載 100社（新規 22社）｜ 累計担当者名 3066/8000
[2026-07-11T23:01:18.308Z]   処理 1050｜ 掲載 10080｜ 担当者名 3068（30.4%）
[2026-07-11T23:02:28.005Z]   処理 1060｜ 掲載 10090｜ 担当者名 3071（30.4%）
[2026-07-11T23:03:23.722Z] 🔍 "岩手 機械": 掲載 36社（新規 5社）｜ 累計担当者名 3073/8000
[2026-07-11T23:03:39.989Z]   処理 1070｜ 掲載 10100｜ 担当者名 3073（30.4%）
[2026-07-11T23:03:59.864Z] 🔍 "岩手 アパレル": 掲載 7社（新規 0社）｜ 累計担当者名 3075/8000
[2026-07-11T23:04:02.892Z] 🔍 "岩手 ホテル": 掲載 95社（新規 31社）｜ 累計担当者名 3075/8000
[2026-07-11T23:04:45.564Z]   処理 1080｜ 掲載 10110｜ 担当者名 3077（30.4%）
[2026-07-11T23:05:42.389Z]   処理 1090｜ 掲載 10120｜ 担当者名 3080（30.4%）
[2026-07-11T23:06:54.218Z]   処理 1100｜ 掲載 10130｜ 担当者名 3081（30.4%）
[2026-07-11T23:07:17.579Z] 🔍 "宮城 メーカー": 掲載 100社（新規 33社）｜ 累計担当者名 3082/8000
[2026-07-11T23:07:58.866Z]   処理 1110｜ 掲載 10140｜ 担当者名 3084（30.4%）
[2026-07-11T23:08:58.523Z]   処理 1120｜ 掲載 10150｜ 担当者名 3090（30.4%）
[2026-07-11T23:10:09.187Z]   処理 1130｜ 掲載 10160｜ 担当者名 3092（30.4%）
[2026-07-11T23:10:57.165Z] 🔍 "宮城 商社": 掲載 46社（新規 10社）｜ 累計担当者名 3096/8000
[2026-07-11T23:11:10.162Z]   処理 1140｜ 掲載 10170｜ 担当者名 3098（30.5%）
[2026-07-11T23:12:03.020Z] 🔍 "宮城 小売": 掲載 32社（新規 6社）｜ 累計担当者名 3101/8000
[2026-07-11T23:12:18.592Z]   処理 1150｜ 掲載 10180｜ 担当者名 3102（30.5%）
[2026-07-11T23:12:44.403Z] 🔍 "宮城 金融": 掲載 19社（新規 3社）｜ 累計担当者名 3102/8000
[2026-07-11T23:12:59.553Z] 🔍 "宮城 介護": 掲載 64社（新規 22社）｜ 累計担当者名 3103/8000
[2026-07-11T23:13:22.908Z]   処理 1160｜ 掲載 10190｜ 担当者名 3103（30.5%）
[2026-07-11T23:14:24.952Z]   処理 1170｜ 掲載 10200｜ 担当者名 3105（30.4%）
[2026-07-11T23:15:31.914Z] 🔍 "宮城 医療": 掲載 100社（新規 19社）｜ 累計担当者名 3106/8000
[2026-07-11T23:15:41.253Z]   処理 1180｜ 掲載 10210｜ 担当者名 3106（30.4%）
[2026-07-11T23:16:50.208Z]   処理 1190｜ 掲載 10220｜ 担当者名 3107（30.4%）
[2026-07-11T23:17:33.438Z] 🔍 "宮城 食品": 掲載 91社（新規 12社）｜ 累計担当者名 3109/8000
[2026-07-11T23:17:51.545Z]   処理 1200｜ 掲載 10230｜ 担当者名 3109（30.4%）
[2026-07-11T23:18:53.671Z] 🔍 "宮城 建設": 掲載 100社（新規 39社）｜ 累計担当者名 3114/8000
[2026-07-11T23:19:01.215Z]   処理 1210｜ 掲載 10240｜ 担当者名 3114（30.4%）
