[2026-07-11T09:40:13.149Z] 再開: 既存 3013社（担当者名 1000）｜ seen 3013社
[2026-07-11T09:40:25.654Z] 🔍 "メーカー": 掲載 100社（新規 69社）｜ 累計担当者名 1000/6000
[2026-07-11T09:41:32.393Z]   処理 10｜ 掲載 3023｜ 担当者名 1003（33.2%）
[2026-07-11T09:42:40.418Z]   処理 20｜ 掲載 3033｜ 担当者名 1007（33.2%）
[2026-07-11T09:43:49.036Z]   処理 30｜ 掲載 3043｜ 担当者名 1008（33.1%）
[2026-07-11T09:45:02.563Z]   処理 40｜ 掲載 3053｜ 担当者名 1011（33.1%）
[2026-07-11T09:46:12.522Z]   処理 50｜ 掲載 3063｜ 担当者名 1015（33.1%）
[2026-07-11T09:47:31.474Z]   処理 60｜ 掲載 3073｜ 担当者名 1017（33.1%）
[2026-07-11T09:48:41.736Z] 🔍 "食品": 掲載 100社（新規 29社）｜ 累計担当者名 1022/6000
[2026-07-11T09:48:45.854Z]   処理 70｜ 掲載 3083｜ 担当者名 1022（33.1%）
[2026-07-11T09:49:42.416Z]   処理 80｜ 掲載 3093｜ 担当者名 1026（33.2%）
[2026-07-11T09:50:46.200Z]   処理 90｜ 掲載 3103｜ 担当者名 1029（33.2%）
[2026-07-11T09:51:50.222Z] 🔍 "自動車": 掲載 100社（新規 62社）｜ 累計担当者名 1031/6000
[2026-07-11T09:52:03.269Z]   処理 100｜ 掲載 3113｜ 担当者名 1031（33.1%）
[2026-07-11T09:53:13.832Z]   処理 110｜ 掲載 3123｜ 担当者名 1033（33.1%）
[2026-07-11T09:54:22.630Z]   処理 120｜ 掲載 3133｜ 担当者名 1038（33.1%）
[2026-07-11T09:55:18.930Z]   処理 130｜ 掲載 3143｜ 担当者名 1044（33.2%）
[2026-07-11T09:56:13.939Z]   処理 140｜ 掲載 3153｜ 担当者名 1051（33.3%）
[2026-07-11T09:57:24.842Z]   処理 150｜ 掲載 3163｜ 担当者名 1056（33.4%）
[2026-07-11T09:58:29.778Z]   処理 160｜ 掲載 3173｜ 担当者名 1060（33.4%）
[2026-07-11T09:58:39.588Z] 🔍 "機械": 掲載 100社（新規 3社）｜ 累計担当者名 1060/6000
[2026-07-11T09:59:11.993Z] 🔍 "電機": 掲載 100社（新規 55社）｜ 累計担当者名 1060/6000
[2026-07-11T09:59:53.267Z]   処理 170｜ 掲載 3183｜ 担当者名 1062（33.4%）
[2026-07-11T10:01:12.741Z]   処理 180｜ 掲載 3193｜ 担当者名 1063（33.3%）
[2026-07-11T10:02:19.530Z]   処理 190｜ 掲載 3203｜ 担当者名 1065（33.3%）
[2026-07-11T10:03:29.395Z]   処理 200｜ 掲載 3213｜ 担当者名 1071（33.3%）
[2026-07-11T10:04:41.597Z]   処理 210｜ 掲載 3223｜ 担当者名 1075（33.4%）
[2026-07-11T10:05:31.744Z] 🔍 "電子部品": 掲載 100社（新規 58社）｜ 累計担当者名 1077/6000
[2026-07-11T10:05:48.189Z]   処理 220｜ 掲載 3233｜ 担当者名 1077（33.3%）
[2026-07-11T10:06:45.195Z]   処理 230｜ 掲載 3243｜ 担当者名 1081（33.3%）
[2026-07-11T10:07:49.537Z]   処理 240｜ 掲載 3253｜ 担当者名 1085（33.4%）
[2026-07-11T10:08:52.699Z]   処理 250｜ 掲載 3263｜ 担当者名 1089（33.4%）
[2026-07-11T10:10:07.031Z]   処理 260｜ 掲載 3273｜ 担当者名 1091（33.3%）
[2026-07-11T10:11:09.775Z]   処理 270｜ 掲載 3283｜ 担当者名 1095（33.4%）
[2026-07-11T10:11:56.092Z] 🔍 "半導体": 掲載 100社（新規 58社）｜ 累計担当者名 1097/6000
[2026-07-11T10:12:25.664Z]   処理 280｜ 掲載 3293｜ 担当者名 1100（33.4%）
[2026-07-11T10:13:28.249Z]   処理 290｜ 掲載 3303｜ 担当者名 1105（33.5%）
[2026-07-11T10:14:38.233Z]   処理 300｜ 掲載 3313｜ 担当者名 1108（33.4%）
[2026-07-11T10:15:39.349Z]   処理 310｜ 掲載 3323｜ 担当者名 1115（33.6%）
[2026-07-11T10:16:46.195Z]   処理 320｜ 掲載 3333｜ 担当者名 1117（33.5%）
[2026-07-11T10:17:46.759Z]   処理 330｜ 掲載 3343｜ 担当者名 1122（33.6%）
[2026-07-11T10:18:18.586Z] 🔍 "化学": 掲載 100社（新規 20社）｜ 累計担当者名 1123/6000
[2026-07-11T10:19:01.821Z]   処理 340｜ 掲載 3353｜ 担当者名 1123（33.5%）
[2026-07-11T10:20:22.486Z]   処理 350｜ 掲載 3363｜ 担当者名 1124（33.4%）
[2026-07-11T10:21:04.088Z] 🔍 "医薬品": 掲載 100社（新規 67社）｜ 累計担当者名 1124/6000
[2026-07-11T10:21:42.869Z]   処理 360｜ 掲載 3373｜ 担当者名 1125（33.4%）
[2026-07-11T10:22:49.355Z]   処理 370｜ 掲載 3383｜ 担当者名 1127（33.3%）
[2026-07-11T10:24:01.102Z]   処理 380｜ 掲載 3393｜ 担当者名 1130（33.3%）
[2026-07-11T10:25:17.907Z]   処理 390｜ 掲載 3403｜ 担当者名 1134（33.3%）
[2026-07-11T10:26:38.054Z]   処理 400｜ 掲載 3413｜ 担当者名 1138（33.3%）
[2026-07-11T10:27:45.168Z]   処理 410｜ 掲載 3423｜ 担当者名 1142（33.4%）
[2026-07-11T10:28:47.646Z]   処理 420｜ 掲載 3433｜ 担当者名 1146（33.4%）
[2026-07-11T10:29:02.022Z] 🔍 "化粧品": 掲載 100社（新規 60社）｜ 累計担当者名 1146/6000
[2026-07-11T10:30:09.246Z]   処理 430｜ 掲載 3443｜ 担当者名 1147（33.3%）
[2026-07-11T10:31:28.893Z]   処理 440｜ 掲載 3453｜ 担当者名 1148（33.2%）
[2026-07-11T10:32:40.645Z]   処理 450｜ 掲載 3463｜ 担当者名 1153（33.3%）
[2026-07-11T10:33:54.880Z]   処理 460｜ 掲載 3473｜ 担当者名 1154（33.2%）
[2026-07-11T10:35:02.355Z]   処理 470｜ 掲載 3483｜ 担当者名 1157（33.2%）
[2026-07-11T10:36:26.961Z]   処理 480｜ 掲載 3493｜ 担当者名 1162（33.3%）
[2026-07-11T10:36:41.175Z] 🔍 "金属": 掲載 100社（新規 4社）｜ 累計担当者名 1162/6000
[2026-07-11T10:37:13.690Z] 🔍 "鉄鋼": 掲載 100社（新規 68社）｜ 累計担当者名 1163/6000
[2026-07-11T10:37:54.490Z]   処理 490｜ 掲載 3503｜ 担当者名 1164（33.2%）
[2026-07-11T10:39:14.197Z]   処理 500｜ 掲載 3513｜ 担当者名 1166（33.2%）
[2026-07-11T10:40:22.211Z]   処理 510｜ 掲載 3523｜ 担当者名 1169（33.2%）
[2026-07-11T10:41:39.017Z]   処理 520｜ 掲載 3533｜ 担当者名 1172（33.2%）
[2026-07-11T10:42:59.292Z]   処理 530｜ 掲載 3543｜ 担当者名 1175（33.2%）
[2026-07-11T10:44:14.355Z]   処理 540｜ 掲載 3553｜ 担当者名 1177（33.1%）
[2026-07-11T10:45:30.799Z]   処理 550｜ 掲載 3563｜ 担当者名 1182（33.2%）
[2026-07-11T10:45:56.007Z] 🔍 "繊維": 掲載 100社（新規 51社）｜ 累計担当者名 1182/6000
[2026-07-11T10:46:41.879Z]   処理 560｜ 掲載 3573｜ 担当者名 1185（33.2%）
[2026-07-11T10:47:56.869Z]   処理 570｜ 掲載 3583｜ 担当者名 1186（33.1%）
[2026-07-11T10:49:04.891Z]   処理 580｜ 掲載 3593｜ 担当者名 1189（33.1%）
[2026-07-11T10:50:20.327Z]   処理 590｜ 掲載 3603｜ 担当者名 1191（33.1%）
[2026-07-11T10:51:39.721Z]   処理 600｜ 掲載 3613｜ 担当者名 1195（33.1%）
[2026-07-11T10:52:10.016Z] 🔍 "印刷": 掲載 100社（新規 11社）｜ 累計担当者名 1197/6000
[2026-07-11T10:52:49.932Z]   処理 610｜ 掲載 3623｜ 担当者名 1200（33.1%）
[2026-07-11T10:53:37.030Z] 🔍 "紙": 掲載 100社（新規 1社）｜ 累計担当者名 1202/6000
[2026-07-11T10:53:49.925Z] 🔍 "ガラス": 掲載 100社（新規 55社）｜ 累計担当者名 1202/6000
[2026-07-11T10:54:15.247Z]   処理 620｜ 掲載 3633｜ 担当者名 1203（33.1%）
[2026-07-11T10:55:26.739Z]   処理 630｜ 掲載 3643｜ 担当者名 1206（33.1%）
[2026-07-11T10:56:40.126Z]   処理 640｜ 掲載 3653｜ 担当者名 1210（33.1%）
[2026-07-11T10:57:47.002Z]   処理 650｜ 掲載 3663｜ 担当者名 1216（33.2%）
[2026-07-11T10:59:04.435Z]   処理 660｜ 掲載 3673｜ 担当者名 1218（33.2%）
[2026-07-11T11:00:21.504Z]   処理 670｜ 掲載 3683｜ 担当者名 1221（33.2%）
[2026-07-11T11:00:32.547Z] 🔍 "ゴム": 掲載 100社（新規 29社）｜ 累計担当者名 1222/6000
[2026-07-11T11:01:36.082Z]   処理 680｜ 掲載 3693｜ 担当者名 1225（33.2%）
[2026-07-11T11:02:36.862Z]   処理 690｜ 掲載 3703｜ 担当者名 1229（33.2%）
[2026-07-11T11:03:41.104Z]   処理 700｜ 掲載 3713｜ 担当者名 1233（33.2%）
[2026-07-11T11:03:49.574Z] 🔍 "住宅": 掲載 100社（新規 31社）｜ 累計担当者名 1233/6000
[2026-07-11T11:04:54.757Z]   処理 710｜ 掲載 3723｜ 担当者名 1235（33.2%）
[2026-07-11T11:06:00.809Z]   処理 720｜ 掲載 3733｜ 担当者名 1235（33.1%）
[2026-07-11T11:07:15.620Z]   処理 730｜ 掲載 3743｜ 担当者名 1239（33.1%）
[2026-07-11T11:07:30.548Z] 🔍 "建設": 掲載 100社（新規 76社）｜ 累計担当者名 1239/6000
[2026-07-11T11:08:28.131Z]   処理 740｜ 掲載 3753｜ 担当者名 1241（33.1%）
[2026-07-11T11:09:32.349Z]   処理 750｜ 掲載 3763｜ 担当者名 1244（33.1%）
[2026-07-11T11:10:45.180Z]   処理 760｜ 掲載 3773｜ 担当者名 1247（33.1%）
[2026-07-11T11:12:00.900Z]   処理 770｜ 掲載 3783｜ 担当者名 1252（33.1%）
[2026-07-11T11:13:05.953Z]   処理 780｜ 掲載 3793｜ 担当者名 1256（33.1%）
[2026-07-11T11:14:15.173Z]   処理 790｜ 掲載 3803｜ 担当者名 1257（33.1%）
[2026-07-11T11:15:20.636Z]   処理 800｜ 掲載 3813｜ 担当者名 1263（33.1%）
[2026-07-11T11:16:13.917Z] 🔍 "建築": 掲載 100社（新規 28社）｜ 累計担当者名 1265/6000
[2026-07-11T11:16:37.257Z]   処理 810｜ 掲載 3823｜ 担当者名 1267（33.1%）
[2026-07-11T11:17:45.283Z]   処理 820｜ 掲載 3833｜ 担当者名 1269（33.1%）
[2026-07-11T11:18:46.055Z]   処理 830｜ 掲載 3843｜ 担当者名 1272（33.1%）
[2026-07-11T11:19:28.661Z] 🔍 "土木": 掲載 100社（新規 18社）｜ 累計担当者名 1274/6000
[2026-07-11T11:20:11.399Z]   処理 840｜ 掲載 3853｜ 担当者名 1276（33.1%）
[2026-07-11T11:21:16.355Z]   処理 850｜ 掲載 3863｜ 担当者名 1279（33.1%）
[2026-07-11T11:21:45.474Z] 🔍 "設備": 掲載 100社（新規 6社）｜ 累計担当者名 1279/6000
[2026-07-11T11:22:25.601Z] 🔍 "不動産": 掲載 100社（新規 21社）｜ 累計担当者名 1283/6000
[2026-07-11T11:22:29.784Z]   処理 860｜ 掲載 3873｜ 担当者名 1283（33.1%）
[2026-07-11T11:23:38.029Z]   処理 870｜ 掲載 3883｜ 担当者名 1287（33.1%）
[2026-07-11T11:24:54.724Z]   処理 880｜ 掲載 3893｜ 担当者名 1289（33.1%）
[2026-07-11T11:25:02.408Z] 🔍 "商社": 掲載 100社（新規 58社）｜ 累計担当者名 1289/6000
[2026-07-11T11:26:09.196Z]   処理 890｜ 掲載 3903｜ 担当者名 1294（33.2%）
[2026-07-11T11:27:06.007Z]   処理 900｜ 掲載 3913｜ 担当者名 1299（33.2%）
[2026-07-11T11:28:06.895Z]   処理 910｜ 掲載 3923｜ 担当者名 1302（33.2%）
[2026-07-11T11:29:00.251Z]   処理 920｜ 掲載 3933｜ 担当者名 1307（33.2%）
[2026-07-11T11:29:55.894Z]   処理 930｜ 掲載 3943｜ 担当者名 1312（33.3%）
[2026-07-11T11:30:42.385Z] 🔍 "専門商社": 掲載 100社（新規 57社）｜ 累計担当者名 1318/6000
[2026-07-11T11:30:55.835Z]   処理 940｜ 掲載 3953｜ 担当者名 1318（33.3%）
[2026-07-11T11:32:09.089Z]   処理 950｜ 掲載 3963｜ 担当者名 1320（33.3%）
[2026-07-11T11:33:23.319Z]   処理 960｜ 掲載 3973｜ 担当者名 1323（33.3%）
[2026-07-11T11:34:23.418Z]   処理 970｜ 掲載 3983｜ 担当者名 1327（33.3%）
[2026-07-11T11:35:26.264Z]   処理 980｜ 掲載 3993｜ 担当者名 1329（33.3%）
[2026-07-11T11:36:28.979Z]   処理 990｜ 掲載 4003｜ 担当者名 1333（33.3%）
[2026-07-11T11:37:09.287Z] 🔍 "卸売": 掲載 100社（新規 52社）｜ 累計担当者名 1334/6000
[2026-07-11T11:37:44.094Z]   処理 1000｜ 掲載 4013｜ 担当者名 1337（33.3%）
[2026-07-11T11:38:50.099Z]   処理 1010｜ 掲載 4023｜ 担当者名 1339（33.3%）
[2026-07-11T11:39:50.978Z]   処理 1020｜ 掲載 4033｜ 担当者名 1344（33.3%）
[2026-07-11T11:41:04.950Z]   処理 1030｜ 掲載 4043｜ 担当者名 1347（33.3%）
[2026-07-11T11:42:07.730Z]   処理 1040｜ 掲載 4053｜ 担当者名 1348（33.3%）
[2026-07-11T11:43:03.303Z] 🔍 "小売": 掲載 100社（新規 57社）｜ 累計担当者名 1351/6000
[2026-07-11T11:43:26.917Z]   処理 1050｜ 掲載 4063｜ 担当者名 1353（33.3%）
[2026-07-11T11:44:26.757Z]   処理 1060｜ 掲載 4073｜ 担当者名 1356（33.3%）
[2026-07-11T11:45:26.000Z]   処理 1070｜ 掲載 4083｜ 担当者名 1360（33.3%）
[2026-07-11T11:46:27.971Z]   処理 1080｜ 掲載 4093｜ 担当者名 1363（33.3%）
[2026-07-11T11:47:29.328Z]   処理 1090｜ 掲載 4103｜ 担当者名 1366（33.3%）
[2026-07-11T11:48:39.860Z]   処理 1100｜ 掲載 4113｜ 担当者名 1369（33.3%）
[2026-07-11T11:49:09.964Z] 🔍 "スーパー": 掲載 100社（新規 28社）｜ 累計担当者名 1372/6000
[2026-07-11T11:49:46.133Z]   処理 1110｜ 掲載 4123｜ 担当者名 1373（33.3%）
[2026-07-11T11:50:37.965Z]   処理 1120｜ 掲載 4133｜ 担当者名 1375（33.3%）
[2026-07-11T11:51:35.497Z]   処理 1130｜ 掲載 4143｜ 担当者名 1380（33.3%）
[2026-07-11T11:51:51.638Z] 🔍 "百貨店": 掲載 100社（新規 45社）｜ 累計担当者名 1381/6000
[2026-07-11T11:52:44.098Z]   処理 1140｜ 掲載 4153｜ 担当者名 1383（33.3%）
[2026-07-11T11:53:49.804Z]   処理 1150｜ 掲載 4163｜ 担当者名 1389（33.4%）
[2026-07-11T11:55:00.572Z]   処理 1160｜ 掲載 4173｜ 担当者名 1392（33.4%）
[2026-07-11T11:56:04.576Z]   処理 1170｜ 掲載 4183｜ 担当者名 1393（33.3%）
[2026-07-11T11:56:48.280Z] 🔍 "専門店": 掲載 100社（新規 28社）｜ 累計担当者名 1394/6000
[2026-07-11T11:57:14.109Z]   処理 1180｜ 掲載 4193｜ 担当者名 1394（33.2%）
[2026-07-11T11:58:23.265Z]   処理 1190｜ 掲載 4203｜ 担当者名 1397（33.2%）
[2026-07-11T11:59:25.358Z]   処理 1200｜ 掲載 4213｜ 担当者名 1401（33.3%）
[2026-07-11T12:00:02.493Z] 🔍 "アパレル": 掲載 100社（新規 36社）｜ 累計担当者名 1402/6000
[2026-07-11T12:00:33.305Z]   処理 1210｜ 掲載 4223｜ 担当者名 1403（33.2%）
[2026-07-11T12:01:48.041Z]   処理 1220｜ 掲載 4233｜ 担当者名 1406（33.2%）
[2026-07-11T12:02:57.649Z]   処理 1230｜ 掲載 4243｜ 担当者名 1410（33.2%）
[2026-07-11T12:04:15.965Z]   処理 1240｜ 掲載 4253｜ 担当者名 1411（33.2%）
[2026-07-11T12:04:32.595Z] 🔍 "外食": 掲載 100社（新規 53社）｜ 累計担当者名 1411/6000
[2026-07-11T12:05:34.647Z]   処理 1250｜ 掲載 4263｜ 担当者名 1414（33.2%）
[2026-07-11T12:06:48.174Z]   処理 1260｜ 掲載 4273｜ 担当者名 1416（33.1%）
[2026-07-11T12:07:48.731Z]   処理 1270｜ 掲載 4283｜ 担当者名 1417（33.1%）
[2026-07-11T12:08:42.409Z]   処理 1280｜ 掲載 4293｜ 担当者名 1421（33.1%）
[2026-07-11T12:09:47.712Z]   処理 1290｜ 掲載 4303｜ 担当者名 1423（33.1%）
[2026-07-11T12:10:24.536Z] 🔍 "飲食": 掲載 100社（新規 26社）｜ 累計担当者名 1424/6000
[2026-07-11T12:11:07.356Z]   処理 1300｜ 掲載 4313｜ 担当者名 1425（33.0%）
[2026-07-11T12:12:09.982Z]   処理 1310｜ 掲載 4323｜ 担当者名 1432（33.1%）
[2026-07-11T12:13:07.550Z]   処理 1320｜ 掲載 4333｜ 担当者名 1434（33.1%）
[2026-07-11T12:13:16.365Z] 🔍 "ホテル": 掲載 100社（新規 55社）｜ 累計担当者名 1434/6000
[2026-07-11T12:14:36.009Z]   処理 1330｜ 掲載 4343｜ 担当者名 1438（33.1%）
[2026-07-11T12:15:47.017Z]   処理 1340｜ 掲載 4353｜ 担当者名 1439（33.1%）
[2026-07-11T12:16:55.408Z]   処理 1350｜ 掲載 4363｜ 担当者名 1443（33.1%）
[2026-07-11T12:18:03.773Z]   処理 1360｜ 掲載 4373｜ 担当者名 1446（33.1%）
[2026-07-11T12:19:15.452Z]   処理 1370｜ 掲載 4383｜ 担当者名 1449（33.1%）
[2026-07-11T12:20:02.586Z] 🔍 "旅行": 掲載 100社（新規 36社）｜ 累計担当者名 1449/6000
[2026-07-11T12:20:28.077Z]   処理 1380｜ 掲載 4393｜ 担当者名 1451（33.0%）
[2026-07-11T12:21:37.262Z]   処理 1390｜ 掲載 4403｜ 担当者名 1454（33.0%）
[2026-07-11T12:22:36.800Z]   処理 1400｜ 掲載 4413｜ 担当者名 1455（33.0%）
[2026-07-11T12:23:39.053Z]   処理 1410｜ 掲載 4423｜ 担当者名 1459（33.0%）
[2026-07-11T12:23:49.576Z] 🔍 "ブライダル": 掲載 100社（新規 32社）｜ 累計担当者名 1459/6000
[2026-07-11T12:24:47.604Z]   処理 1420｜ 掲載 4433｜ 担当者名 1462（33.0%）
[2026-07-11T12:25:49.057Z]   処理 1430｜ 掲載 4443｜ 担当者名 1463（32.9%）
[2026-07-11T12:26:53.643Z]   処理 1440｜ 掲載 4453｜ 担当者名 1466（32.9%）
[2026-07-11T12:27:16.583Z] 🔍 "物流": 掲載 100社（新規 9社）｜ 累計担当者名 1468/6000
[2026-07-11T12:28:08.158Z]   処理 1450｜ 掲載 4463｜ 担当者名 1469（32.9%）
[2026-07-11T12:28:31.105Z] 🔍 "運輸": 掲載 100社（新規 3社）｜ 累計担当者名 1470/6000
[2026-07-11T12:28:58.679Z] 🔍 "倉庫": 掲載 100社（新規 54社）｜ 累計担当者名 1470/6000
[2026-07-11T12:29:35.691Z]   処理 1460｜ 掲載 4473｜ 担当者名 1471（32.9%）
[2026-07-11T12:30:45.437Z]   処理 1470｜ 掲載 4483｜ 担当者名 1472（32.8%）
[2026-07-11T12:31:52.088Z]   処理 1480｜ 掲載 4493｜ 担当者名 1474（32.8%）
[2026-07-11T12:33:01.432Z]   処理 1490｜ 掲載 4503｜ 担当者名 1476（32.8%）
[2026-07-11T12:33:53.863Z]   処理 1500｜ 掲載 4513｜ 担当者名 1481（32.8%）
[2026-07-11T12:34:59.104Z] 🔍 "陸運": 掲載 100社（新規 50社）｜ 累計担当者名 1482/6000
[2026-07-11T12:35:03.411Z]   処理 1510｜ 掲載 4523｜ 担当者名 1482（32.8%）
[2026-07-11T12:35:59.963Z]   処理 1520｜ 掲載 4533｜ 担当者名 1486（32.8%）
[2026-07-11T12:37:07.134Z]   処理 1530｜ 掲載 4543｜ 担当者名 1488（32.8%）
[2026-07-11T12:38:20.342Z]   処理 1540｜ 掲載 4553｜ 担当者名 1491（32.7%）
[2026-07-11T12:39:30.697Z]   処理 1550｜ 掲載 4563｜ 担当者名 1493（32.7%）
[2026-07-11T12:40:30.214Z] 🔍 "海運": 掲載 100社（新規 65社）｜ 累計担当者名 1496/6000
[2026-07-11T12:40:34.624Z]   処理 1560｜ 掲載 4573｜ 担当者名 1496（32.7%）
[2026-07-11T12:41:31.026Z]   処理 1570｜ 掲載 4583｜ 担当者名 1499（32.7%）
[2026-07-11T12:42:27.670Z]   処理 1580｜ 掲載 4593｜ 担当者名 1501（32.7%）
[2026-07-11T12:43:27.393Z]   処理 1590｜ 掲載 4603｜ 担当者名 1504（32.7%）
[2026-07-11T12:44:32.488Z]   処理 1600｜ 掲載 4613｜ 担当者名 1506（32.6%）
[2026-07-11T12:45:35.206Z]   処理 1610｜ 掲載 4623｜ 担当者名 1507（32.6%）
[2026-07-11T12:46:37.437Z]   処理 1620｜ 掲載 4633｜ 担当者名 1507（32.5%）
[2026-07-11T12:47:04.615Z] 🔍 "航空": 掲載 100社（新規 67社）｜ 累計担当者名 1507/6000
[2026-07-11T12:47:44.602Z]   処理 1630｜ 掲載 4643｜ 担当者名 1508（32.5%）
[2026-07-11T12:48:53.747Z]   処理 1640｜ 掲載 4653｜ 担当者名 1511（32.5%）
[2026-07-11T12:50:06.857Z]   処理 1650｜ 掲載 4663｜ 担当者名 1511（32.4%）
[2026-07-11T12:51:24.230Z]   処理 1660｜ 掲載 4673｜ 担当者名 1511（32.3%）
[2026-07-11T12:52:31.612Z]   処理 1670｜ 掲載 4683｜ 担当者名 1514（32.3%）
[2026-07-11T12:53:54.850Z]   処理 1680｜ 掲載 4693｜ 担当者名 1516（32.3%）
[2026-07-11T12:55:03.697Z]   処理 1690｜ 掲載 4703｜ 担当者名 1519（32.3%）
[2026-07-11T12:55:23.276Z] 🔍 "IT": 掲載 100社（新規 76社）｜ 累計担当者名 1519/6000
[2026-07-11T12:56:19.899Z]   処理 1700｜ 掲載 4713｜ 担当者名 1524（32.3%）
[2026-07-11T12:57:30.091Z]   処理 1710｜ 掲載 4723｜ 担当者名 1526（32.3%）
[2026-07-11T12:58:38.287Z]   処理 1720｜ 掲載 4733｜ 担当者名 1529（32.3%）
[2026-07-11T12:59:40.165Z]   処理 1730｜ 掲載 4743｜ 担当者名 1532（32.3%）
[2026-07-11T13:00:35.265Z]   処理 1740｜ 掲載 4753｜ 担当者名 1535（32.3%）
[2026-07-11T13:01:47.079Z]   処理 1750｜ 掲載 4763｜ 担当者名 1536（32.2%）
[2026-07-11T13:02:50.333Z]   処理 1760｜ 掲載 4773｜ 担当者名 1539（32.2%）
[2026-07-11T13:03:35.306Z] 🔍 "ソフトウェア": 掲載 100社（新規 82社）｜ 累計担当者名 1540/6000
[2026-07-11T13:03:57.775Z]   処理 1770｜ 掲載 4783｜ 担当者名 1540（32.2%）
[2026-07-11T13:05:05.047Z]   処理 1780｜ 掲載 4793｜ 担当者名 1541（32.2%）
[2026-07-11T13:06:14.511Z]   処理 1790｜ 掲載 4803｜ 担当者名 1544（32.1%）
[2026-07-11T13:07:13.617Z]   処理 1800｜ 掲載 4813｜ 担当者名 1548（32.2%）
[2026-07-11T13:08:15.333Z]   処理 1810｜ 掲載 4823｜ 担当者名 1550（32.1%）
[2026-07-11T13:09:12.313Z]   処理 1820｜ 掲載 4833｜ 担当者名 1554（32.2%）
[2026-07-11T13:10:15.971Z]   処理 1830｜ 掲載 4843｜ 担当者名 1556（32.1%）
[2026-07-11T13:11:25.360Z]   処理 1840｜ 掲載 4853｜ 担当者名 1557（32.1%）
[2026-07-11T13:12:54.273Z] 🔍 "システム": 掲載 100社（新規 77社）｜ 累計担当者名 1560/6000
[2026-07-11T13:12:57.723Z]   処理 1850｜ 掲載 4863｜ 担当者名 1561（32.1%）
[2026-07-11T13:14:03.704Z]   処理 1860｜ 掲載 4873｜ 担当者名 1566（32.1%）
[2026-07-11T13:15:09.895Z]   処理 1870｜ 掲載 4883｜ 担当者名 1568（32.1%）
[2026-07-11T13:16:09.769Z]   処理 1880｜ 掲載 4893｜ 担当者名 1569（32.1%）
[2026-07-11T13:17:07.366Z]   処理 1890｜ 掲載 4903｜ 担当者名 1572（32.1%）
[2026-07-11T13:18:08.147Z]   処理 1900｜ 掲載 4913｜ 担当者名 1574（32.0%）
[2026-07-11T13:19:01.197Z]   処理 1910｜ 掲載 4923｜ 担当者名 1575（32.0%）
[2026-07-11T13:19:57.392Z]   処理 1920｜ 掲載 4933｜ 担当者名 1578（32.0%）
[2026-07-11T13:20:50.317Z] 🔍 "Web": 掲載 100社（新規 45社）｜ 累計担当者名 1580/6000
[2026-07-11T13:21:23.192Z]   処理 1930｜ 掲載 4943｜ 担当者名 1583（32.0%）
[2026-07-11T13:22:19.178Z]   処理 1940｜ 掲載 4953｜ 担当者名 1586（32.0%）
[2026-07-11T13:23:36.905Z]   処理 1950｜ 掲載 4963｜ 担当者名 1588（32.0%）
[2026-07-11T13:25:04.526Z]   処理 1960｜ 掲載 4973｜ 担当者名 1589（32.0%）
[2026-07-11T13:25:57.648Z]   処理 1970｜ 掲載 4983｜ 担当者名 1594（32.0%）
[2026-07-11T13:26:10.034Z] 🔍 "ゲーム": 掲載 100社（新規 32社）｜ 累計担当者名 1595/6000
[2026-07-11T13:27:10.665Z]   処理 1980｜ 掲載 4993｜ 担当者名 1598（32.0%）
[2026-07-11T13:28:28.707Z]   処理 1990｜ 掲載 5003｜ 担当者名 1599（32.0%）
[2026-07-11T13:29:36.052Z]   処理 2000｜ 掲載 5013｜ 担当者名 1601（31.9%）
[2026-07-11T13:30:04.963Z] 🔍 "通信": 掲載 100社（新規 68社）｜ 累計担当者名 1603/6000
[2026-07-11T13:30:55.953Z]   処理 2010｜ 掲載 5023｜ 担当者名 1604（31.9%）
[2026-07-11T13:31:57.210Z]   処理 2020｜ 掲載 5033｜ 担当者名 1608（31.9%）
[2026-07-11T13:32:56.949Z]   処理 2030｜ 掲載 5043｜ 担当者名 1609（31.9%）
[2026-07-11T13:34:11.953Z]   処理 2040｜ 掲載 5053｜ 担当者名 1612（31.9%）
[2026-07-11T13:35:26.957Z]   処理 2050｜ 掲載 5063｜ 担当者名 1614（31.9%）
[2026-07-11T13:36:29.456Z]   処理 2060｜ 掲載 5073｜ 担当者名 1615（31.8%）
[2026-07-11T13:37:41.054Z]   処理 2070｜ 掲載 5083｜ 担当者名 1618（31.8%）
[2026-07-11T13:37:53.150Z] 🔍 "インターネット": 掲載 100社（新規 39社）｜ 累計担当者名 1619/6000
[2026-07-11T13:38:55.420Z]   処理 2080｜ 掲載 5093｜ 担当者名 1621（31.8%）
[2026-07-11T13:40:06.006Z]   処理 2090｜ 掲載 5103｜ 担当者名 1623（31.8%）
[2026-07-11T13:41:06.407Z]   処理 2100｜ 掲載 5113｜ 担当者名 1626（31.8%）
[2026-07-11T13:42:06.672Z]   処理 2110｜ 掲載 5123｜ 担当者名 1627（31.8%）
[2026-07-11T13:42:12.367Z] 🔍 "広告": 掲載 100社（新規 33社）｜ 累計担当者名 1627/6000
[2026-07-11T13:43:13.176Z]   処理 2120｜ 掲載 5133｜ 担当者名 1629（31.7%）
[2026-07-11T13:44:18.796Z]   処理 2130｜ 掲載 5143｜ 担当者名 1632（31.7%）
[2026-07-11T13:45:20.828Z]   処理 2140｜ 掲載 5153｜ 担当者名 1634（31.7%）
[2026-07-11T13:45:49.759Z] 🔍 "出版": 掲載 100社（新規 42社）｜ 累計担当者名 1635/6000
[2026-07-11T13:46:28.188Z]   処理 2150｜ 掲載 5163｜ 担当者名 1636（31.7%）
[2026-07-11T13:47:26.681Z]   処理 2160｜ 掲載 5173｜ 担当者名 1638（31.7%）
[2026-07-11T13:48:25.587Z]   処理 2170｜ 掲載 5183｜ 担当者名 1641（31.7%）
[2026-07-11T13:49:46.124Z]   処理 2180｜ 掲載 5193｜ 担当者名 1641（31.6%）
[2026-07-11T13:50:27.361Z] 🔍 "マスコミ": 掲載 100社（新規 76社）｜ 累計担当者名 1641/6000
[2026-07-11T13:50:55.638Z]   処理 2190｜ 掲載 5203｜ 担当者名 1643（31.6%）
[2026-07-11T13:51:57.356Z]   処理 2200｜ 掲載 5213｜ 担当者名 1647（31.6%）
[2026-07-11T13:52:49.606Z]   処理 2210｜ 掲載 5223｜ 担当者名 1653（31.6%）
[2026-07-11T13:53:40.672Z]   処理 2220｜ 掲載 5233｜ 担当者名 1657（31.7%）
[2026-07-11T13:54:52.489Z]   処理 2230｜ 掲載 5243｜ 担当者名 1659（31.6%）
[2026-07-11T13:55:51.190Z]   処理 2240｜ 掲載 5253｜ 担当者名 1662（31.6%）
[2026-07-11T13:56:55.938Z]   処理 2250｜ 掲載 5263｜ 担当者名 1663（31.6%）
[2026-07-11T13:57:57.524Z]   処理 2260｜ 掲載 5273｜ 担当者名 1666（31.6%）
[2026-07-11T13:58:12.364Z] 🔍 "金融": 掲載 100社（新規 49社）｜ 累計担当者名 1666/6000
[2026-07-11T13:59:01.667Z]   処理 2270｜ 掲載 5283｜ 担当者名 1668（31.6%）
[2026-07-11T14:00:00.197Z]   処理 2280｜ 掲載 5293｜ 担当者名 1669（31.5%）
[2026-07-11T14:01:08.627Z]   処理 2290｜ 掲載 5303｜ 担当者名 1673（31.5%）
[2026-07-11T14:02:00.978Z]   処理 2300｜ 掲載 5313｜ 担当者名 1675（31.5%）
[2026-07-11T14:03:01.041Z]   処理 2310｜ 掲載 5323｜ 担当者名 1676（31.5%）
[2026-07-11T14:03:06.033Z] 🔍 "銀行": 掲載 100社（新規 92社）｜ 累計担当者名 1676/6000
[2026-07-11T14:04:14.256Z]   処理 2320｜ 掲載 5333｜ 担当者名 1677（31.4%）
[2026-07-11T14:05:16.098Z]   処理 2330｜ 掲載 5343｜ 担当者名 1679（31.4%）
[2026-07-11T14:06:13.578Z]   処理 2340｜ 掲載 5353｜ 担当者名 1681（31.4%）
[2026-07-11T14:07:34.044Z]   処理 2350｜ 掲載 5363｜ 担当者名 1682（31.4%）
[2026-07-11T14:08:48.195Z]   処理 2360｜ 掲載 5373｜ 担当者名 1684（31.3%）
[2026-07-11T14:09:57.963Z]   処理 2370｜ 掲載 5383｜ 担当者名 1685（31.3%）
[2026-07-11T14:11:04.696Z]   処理 2380｜ 掲載 5393｜ 担当者名 1685（31.2%）
[2026-07-11T14:12:13.803Z]   処理 2390｜ 掲載 5403｜ 担当者名 1687（31.2%）
[2026-07-11T14:13:22.147Z]   処理 2400｜ 掲載 5413｜ 担当者名 1689（31.2%）
[2026-07-11T14:13:39.424Z] 🔍 "信用金庫": 掲載 100社（新規 91社）｜ 累計担当者名 1689/6000
[2026-07-11T14:14:20.154Z]   処理 2410｜ 掲載 5423｜ 担当者名 1692（31.2%）
[2026-07-11T14:15:17.426Z]   処理 2420｜ 掲載 5433｜ 担当者名 1696（31.2%）
[2026-07-11T14:16:10.249Z]   処理 2430｜ 掲載 5443｜ 担当者名 1700（31.2%）
[2026-07-11T14:17:10.942Z]   処理 2440｜ 掲載 5453｜ 担当者名 1703（31.2%）
[2026-07-11T14:18:12.517Z]   処理 2450｜ 掲載 5463｜ 担当者名 1703（31.2%）
[2026-07-11T14:19:07.336Z]   処理 2460｜ 掲載 5473｜ 担当者名 1706（31.2%）
[2026-07-11T14:20:14.173Z]   処理 2470｜ 掲載 5483｜ 担当者名 1709（31.2%）
[2026-07-11T14:21:12.147Z]   処理 2480｜ 掲載 5493｜ 担当者名 1710（31.1%）
[2026-07-11T14:22:11.897Z]   処理 2490｜ 掲載 5503｜ 担当者名 1714（31.1%）
[2026-07-11T14:22:31.045Z] 🔍 "証券": 掲載 100社（新規 86社）｜ 累計担当者名 1716/6000
[2026-07-11T14:23:18.818Z]   処理 2500｜ 掲載 5513｜ 担当者名 1717（31.1%）
[2026-07-11T14:24:23.991Z]   処理 2510｜ 掲載 5523｜ 担当者名 1720（31.1%）
[2026-07-11T14:25:35.986Z]   処理 2520｜ 掲載 5533｜ 担当者名 1722（31.1%）
[2026-07-11T14:26:43.994Z]   処理 2530｜ 掲載 5543｜ 担当者名 1725（31.1%）
[2026-07-11T14:27:55.883Z]   処理 2540｜ 掲載 5553｜ 担当者名 1727（31.1%）
[2026-07-11T14:29:04.047Z]   処理 2550｜ 掲載 5563｜ 担当者名 1729（31.1%）
[2026-07-11T14:30:06.733Z]   処理 2560｜ 掲載 5573｜ 担当者名 1732（31.1%）
[2026-07-11T14:31:09.308Z]   処理 2570｜ 掲載 5583｜ 担当者名 1735（31.1%）
[2026-07-11T14:32:18.331Z] 🔍 "保険": 掲載 100社（新規 93社）｜ 累計担当者名 1735/6000
[2026-07-11T14:32:22.516Z]   処理 2580｜ 掲載 5593｜ 担当者名 1736（31.0%）
[2026-07-11T14:33:31.505Z]   処理 2590｜ 掲載 5603｜ 担当者名 1737（31.0%）
[2026-07-11T14:34:41.140Z]   処理 2600｜ 掲載 5613｜ 担当者名 1739（31.0%）
[2026-07-11T14:35:55.187Z]   処理 2610｜ 掲載 5623｜ 担当者名 1740（30.9%）
[2026-07-11T14:37:02.170Z]   処理 2620｜ 掲載 5633｜ 担当者名 1742（30.9%）
[2026-07-11T14:38:03.996Z]   処理 2630｜ 掲載 5643｜ 担当者名 1743（30.9%）
[2026-07-11T14:39:06.845Z]   処理 2640｜ 掲載 5653｜ 担当者名 1743（30.8%）
[2026-07-11T14:40:12.787Z]   処理 2650｜ 掲載 5663｜ 担当者名 1746（30.8%）
[2026-07-11T14:41:24.111Z]   処理 2660｜ 掲載 5673｜ 担当者名 1748（30.8%）
[2026-07-11T14:42:25.294Z]   処理 2670｜ 掲載 5683｜ 担当者名 1751（30.8%）
[2026-07-11T14:42:44.782Z] 🔍 "リース": 掲載 100社（新規 85社）｜ 累計担当者名 1751/6000
[2026-07-11T14:43:45.237Z]   処理 2680｜ 掲載 5693｜ 担当者名 1756（30.8%）
[2026-07-11T14:44:45.851Z]   処理 2690｜ 掲載 5703｜ 担当者名 1762（30.9%）
[2026-07-11T14:45:48.008Z]   処理 2700｜ 掲載 5713｜ 担当者名 1766（30.9%）
[2026-07-11T14:46:51.422Z]   処理 2710｜ 掲載 5723｜ 担当者名 1770（30.9%）
[2026-07-11T14:47:53.085Z]   処理 2720｜ 掲載 5733｜ 担当者名 1774（30.9%）
[2026-07-11T14:48:58.758Z]   処理 2730｜ 掲載 5743｜ 担当者名 1778（31.0%）
[2026-07-11T14:50:04.255Z]   処理 2740｜ 掲載 5753｜ 担当者名 1782（31.0%）
[2026-07-11T14:51:07.690Z]   処理 2750｜ 掲載 5763｜ 担当者名 1787（31.0%）
[2026-07-11T14:51:54.046Z] 🔍 "コンサル": 掲載 100社（新規 80社）｜ 累計担当者名 1793/6000
[2026-07-11T14:52:16.296Z]   処理 2760｜ 掲載 5773｜ 担当者名 1794（31.1%）
[2026-07-11T14:53:25.448Z]   処理 2770｜ 掲載 5783｜ 担当者名 1797（31.1%）
[2026-07-11T14:54:40.349Z]   処理 2780｜ 掲載 5793｜ 担当者名 1802（31.1%）
[2026-07-11T14:55:47.231Z]   処理 2790｜ 掲載 5803｜ 担当者名 1804（31.1%）
[2026-07-11T14:56:44.560Z]   処理 2800｜ 掲載 5813｜ 担当者名 1807（31.1%）
[2026-07-11T14:57:51.121Z]   処理 2810｜ 掲載 5823｜ 担当者名 1810（31.1%）
[2026-07-11T14:58:51.140Z]   処理 2820｜ 掲載 5833｜ 担当者名 1814（31.1%）
[2026-07-11T14:59:52.842Z]   処理 2830｜ 掲載 5843｜ 担当者名 1818（31.1%）
[2026-07-11T15:00:49.854Z] 🔍 "人材": 掲載 100社（新規 27社）｜ 累計担当者名 1819/6000
[2026-07-11T15:01:12.336Z]   処理 2840｜ 掲載 5853｜ 担当者名 1819（31.1%）
[2026-07-11T15:02:15.851Z]   処理 2850｜ 掲載 5863｜ 担当者名 1821（31.1%）
[2026-07-11T15:03:27.897Z]   処理 2860｜ 掲載 5873｜ 担当者名 1824（31.1%）
[2026-07-11T15:04:04.349Z] 🔍 "教育": 掲載 100社（新規 40社）｜ 累計担当者名 1825/6000
[2026-07-11T15:04:37.044Z]   処理 2870｜ 掲載 5883｜ 担当者名 1826（31.0%）
[2026-07-11T15:05:39.108Z]   処理 2880｜ 掲載 5893｜ 担当者名 1827（31.0%）
[2026-07-11T15:06:31.441Z]   処理 2890｜ 掲載 5903｜ 担当者名 1829（31.0%）
[2026-07-11T15:07:31.205Z]   処理 2900｜ 掲載 5913｜ 担当者名 1833（31.0%）
[2026-07-11T15:08:09.617Z] 🔍 "福祉": 掲載 100社（新規 68社）｜ 累計担当者名 1833/6000
[2026-07-11T15:08:49.641Z]   処理 2910｜ 掲載 5923｜ 担当者名 1834（31.0%）
[2026-07-11T15:10:02.513Z]   処理 2920｜ 掲載 5933｜ 担当者名 1836（30.9%）
[2026-07-11T15:11:00.518Z]   処理 2930｜ 掲載 5943｜ 担当者名 1841（31.0%）
[2026-07-11T15:11:57.919Z]   処理 2940｜ 掲載 5953｜ 担当者名 1846（31.0%）
[2026-07-11T15:13:02.091Z]   処理 2950｜ 掲載 5963｜ 担当者名 1848（31.0%）
[2026-07-11T15:14:07.906Z]   処理 2960｜ 掲載 5973｜ 担当者名 1853（31.0%）
[2026-07-11T15:15:09.721Z]   処理 2970｜ 掲載 5983｜ 担当者名 1858（31.1%）
[2026-07-11T15:15:29.794Z] 🔍 "介護": 掲載 100社（新規 43社）｜ 累計担当者名 1858/6000
[2026-07-11T15:16:26.918Z]   処理 2980｜ 掲載 5993｜ 担当者名 1859（31.0%）
[2026-07-11T15:17:35.654Z]   処理 2990｜ 掲載 6003｜ 担当者名 1862（31.0%）
[2026-07-11T15:18:52.707Z]   処理 3000｜ 掲載 6013｜ 担当者名 1862（31.0%）
[2026-07-11T15:20:09.772Z]   処理 3010｜ 掲載 6023｜ 担当者名 1862（30.9%）
[2026-07-11T15:21:01.889Z] 🔍 "医療": 掲載 100社（新規 78社）｜ 累計担当者名 1863/6000
[2026-07-11T15:21:30.729Z]   処理 3020｜ 掲載 6033｜ 担当者名 1864（30.9%）
[2026-07-11T15:22:53.720Z]   処理 3030｜ 掲載 6043｜ 担当者名 1867（30.9%）
[2026-07-11T15:24:15.417Z]   処理 3040｜ 掲載 6053｜ 担当者名 1869（30.9%）
[2026-07-11T15:25:30.107Z]   処理 3050｜ 掲載 6063｜ 担当者名 1871（30.9%）
[2026-07-11T15:26:50.277Z]   処理 3060｜ 掲載 6073｜ 担当者名 1873（30.8%）
[2026-07-11T15:28:06.810Z]   処理 3070｜ 掲載 6083｜ 担当者名 1875（30.8%）
[2026-07-11T15:29:22.793Z]   処理 3080｜ 掲載 6093｜ 担当者名 1878（30.8%）
[2026-07-11T15:30:23.171Z]   処理 3090｜ 掲載 6103｜ 担当者名 1882（30.8%）
[2026-07-11T15:30:48.473Z] 🔍 "病院": 掲載 100社（新規 56社）｜ 累計担当者名 1883/6000
[2026-07-11T15:31:43.469Z]   処理 3100｜ 掲載 6113｜ 担当者名 1885（30.8%）
[2026-07-11T15:32:55.119Z]   処理 3110｜ 掲載 6123｜ 担当者名 1886（30.8%）
[2026-07-11T15:34:12.225Z]   処理 3120｜ 掲載 6133｜ 担当者名 1889（30.8%）
[2026-07-11T15:35:28.988Z]   処理 3130｜ 掲載 6143｜ 担当者名 1889（30.8%）
[2026-07-11T15:36:27.518Z]   処理 3140｜ 掲載 6153｜ 担当者名 1891（30.7%）
[2026-07-11T15:37:35.224Z] 🔍 "調剤": 掲載 100社（新規 69社）｜ 累計担当者名 1893/6000
[2026-07-11T15:37:39.454Z]   処理 3150｜ 掲載 6163｜ 担当者名 1893（30.7%）
[2026-07-11T15:38:52.961Z]   処理 3160｜ 掲載 6173｜ 担当者名 1899（30.8%）
[2026-07-11T15:39:57.510Z]   処理 3170｜ 掲載 6183｜ 担当者名 1905（30.8%）
[2026-07-11T15:41:23.661Z]   処理 3180｜ 掲載 6193｜ 担当者名 1905（30.8%）
[2026-07-11T15:42:28.790Z]   処理 3190｜ 掲載 6203｜ 担当者名 1909（30.8%）
[2026-07-11T15:43:37.900Z]   処理 3200｜ 掲載 6213｜ 担当者名 1913（30.8%）
[2026-07-11T15:44:49.366Z]   処理 3210｜ 掲載 6223｜ 担当者名 1916（30.8%）
[2026-07-11T15:46:00.730Z] 🔍 "ドラッグ": 掲載 100社（新規 56社）｜ 累計担当者名 1919/6000
[2026-07-11T15:46:10.650Z]   処理 3220｜ 掲載 6233｜ 担当者名 1919（30.8%）
[2026-07-11T15:47:23.535Z]   処理 3230｜ 掲載 6243｜ 担当者名 1920（30.8%）
[2026-07-11T15:48:35.182Z]   処理 3240｜ 掲載 6253｜ 担当者名 1923（30.8%）
[2026-07-11T15:49:56.074Z]   処理 3250｜ 掲載 6263｜ 担当者名 1923（30.7%）
[2026-07-11T15:51:06.830Z]   処理 3260｜ 掲載 6273｜ 担当者名 1926（30.7%）
[2026-07-11T15:52:22.711Z]   処理 3270｜ 掲載 6283｜ 担当者名 1931（30.7%）
[2026-07-11T15:53:03.409Z] 🔍 "農業": 掲載 100社（新規 95社）｜ 累計担当者名 1931/6000
[2026-07-11T15:53:35.492Z]   処理 3280｜ 掲載 6293｜ 担当者名 1932（30.7%）
[2026-07-11T15:54:33.839Z]   処理 3290｜ 掲載 6303｜ 担当者名 1934（30.7%）
[2026-07-11T15:55:21.928Z]   処理 3300｜ 掲載 6313｜ 担当者名 1937（30.7%）
[2026-07-11T15:56:21.433Z]   処理 3310｜ 掲載 6323｜ 担当者名 1941（30.7%）
[2026-07-11T15:57:18.889Z]   処理 3320｜ 掲載 6333｜ 担当者名 1943（30.7%）
[2026-07-11T15:58:15.183Z]   処理 3330｜ 掲載 6343｜ 担当者名 1944（30.6%）
[2026-07-11T15:59:12.275Z]   処理 3340｜ 掲載 6353｜ 担当者名 1947（30.6%）
[2026-07-11T16:00:14.698Z]   処理 3350｜ 掲載 6363｜ 担当者名 1948（30.6%）
[2026-07-11T16:01:10.860Z]   処理 3360｜ 掲載 6373｜ 担当者名 1951（30.6%）
[2026-07-11T16:02:06.788Z] 🔍 "水産": 掲載 100社（新規 74社）｜ 累計担当者名 1955/6000
[2026-07-11T16:02:14.468Z]   処理 3370｜ 掲載 6383｜ 担当者名 1955（30.6%）
[2026-07-11T16:03:11.470Z]   処理 3380｜ 掲載 6393｜ 担当者名 1960（30.7%）
[2026-07-11T16:04:15.080Z]   処理 3390｜ 掲載 6403｜ 担当者名 1961（30.6%）
[2026-07-11T16:05:16.635Z]   処理 3400｜ 掲載 6413｜ 担当者名 1966（30.7%）
[2026-07-11T16:06:20.575Z]   処理 3410｜ 掲載 6423｜ 担当者名 1971（30.7%）
[2026-07-11T16:07:28.800Z]   処理 3420｜ 掲載 6433｜ 担当者名 1977（30.7%）
[2026-07-11T16:08:25.595Z]   処理 3430｜ 掲載 6443｜ 担当者名 1980（30.7%）
[2026-07-11T16:09:29.431Z]   処理 3440｜ 掲載 6453｜ 担当者名 1983（30.7%）
[2026-07-11T16:09:59.253Z] 🔍 "林業": 掲載 100社（新規 85社）｜ 累計担当者名 1983/6000
[2026-07-11T16:10:49.048Z]   処理 3450｜ 掲載 6463｜ 担当者名 1986（30.7%）
[2026-07-11T16:11:55.566Z]   処理 3460｜ 掲載 6473｜ 担当者名 1990（30.7%）
[2026-07-11T16:12:55.598Z]   処理 3470｜ 掲載 6483｜ 担当者名 1992（30.7%）
[2026-07-11T16:14:04.740Z]   処理 3480｜ 掲載 6493｜ 担当者名 1998（30.8%）
[2026-07-11T16:15:18.310Z]   処理 3490｜ 掲載 6503｜ 担当者名 2004（30.8%）
[2026-07-11T16:16:25.141Z]   処理 3500｜ 掲載 6513｜ 担当者名 2008（30.8%）
[2026-07-11T16:17:30.261Z]   処理 3510｜ 掲載 6523｜ 担当者名 2013（30.9%）
[2026-07-11T16:18:25.103Z]   処理 3520｜ 掲載 6533｜ 担当者名 2017（30.9%）
[2026-07-11T16:19:30.818Z] 🔍 "環境": 掲載 100社（新規 91社）｜ 累計担当者名 2019/6000
[2026-07-11T16:19:40.684Z]   処理 3530｜ 掲載 6543｜ 担当者名 2019（30.9%）
[2026-07-11T16:20:50.036Z]   処理 3540｜ 掲載 6553｜ 担当者名 2022（30.9%）
[2026-07-11T16:21:57.642Z]   処理 3550｜ 掲載 6563｜ 担当者名 2024（30.8%）
[2026-07-11T16:23:07.891Z]   処理 3560｜ 掲載 6573｜ 担当者名 2025（30.8%）
[2026-07-11T16:24:01.703Z]   処理 3570｜ 掲載 6583｜ 担当者名 2029（30.8%）
[2026-07-11T16:25:08.641Z]   処理 3580｜ 掲載 6593｜ 担当者名 2030（30.8%）
[2026-07-11T16:26:17.052Z]   処理 3590｜ 掲載 6603｜ 担当者名 2033（30.8%）
[2026-07-11T16:27:20.427Z]   処理 3600｜ 掲載 6613｜ 担当者名 2038（30.8%）
[2026-07-11T16:28:22.158Z]   処理 3610｜ 掲載 6623｜ 担当者名 2042（30.8%）
[2026-07-11T16:29:27.831Z] 🔍 "エネルギー": 掲載 100社（新規 75社）｜ 累計担当者名 2043/6000
[2026-07-11T16:29:32.059Z]   処理 3620｜ 掲載 6633｜ 担当者名 2043（30.8%）
[2026-07-11T16:30:36.054Z]   処理 3630｜ 掲載 6643｜ 担当者名 2045（30.8%）
[2026-07-11T16:31:39.948Z]   処理 3640｜ 掲載 6653｜ 担当者名 2048（30.8%）
[2026-07-11T16:32:43.615Z]   処理 3650｜ 掲載 6663｜ 担当者名 2049（30.8%）
[2026-07-11T16:34:00.731Z]   処理 3660｜ 掲載 6673｜ 担当者名 2050（30.7%）
[2026-07-11T16:35:21.065Z]   処理 3670｜ 掲載 6683｜ 担当者名 2051（30.7%）
[2026-07-11T16:36:26.455Z]   処理 3680｜ 掲載 6693｜ 担当者名 2054（30.7%）
[2026-07-11T16:37:32.693Z]   処理 3690｜ 掲載 6703｜ 担当者名 2058（30.7%）
[2026-07-11T16:38:03.795Z] 🔍 "電力": 掲載 100社（新規 82社）｜ 累計担当者名 2059/6000
[2026-07-11T16:38:42.645Z]   処理 3700｜ 掲載 6713｜ 担当者名 2059（30.7%）
[2026-07-11T16:39:50.316Z]   処理 3710｜ 掲載 6723｜ 担当者名 2063（30.7%）
[2026-07-11T16:40:55.704Z]   処理 3720｜ 掲載 6733｜ 担当者名 2068（30.7%）
[2026-07-11T16:42:17.220Z]   処理 3730｜ 掲載 6743｜ 担当者名 2070（30.7%）
[2026-07-11T16:43:24.130Z]   処理 3740｜ 掲載 6753｜ 担当者名 2071（30.7%）
[2026-07-11T16:44:37.655Z]   処理 3750｜ 掲載 6763｜ 担当者名 2072（30.6%）
[2026-07-11T16:45:50.853Z]   処理 3760｜ 掲載 6773｜ 担当者名 2075（30.6%）
[2026-07-11T16:47:05.740Z]   処理 3770｜ 掲載 6783｜ 担当者名 2077（30.6%）
[2026-07-11T16:47:44.213Z] 🔍 "ガス": 掲載 100社（新規 93社）｜ 累計担当者名 2078/6000
[2026-07-11T16:48:09.956Z]   処理 3780｜ 掲載 6793｜ 担当者名 2079（30.6%）
[2026-07-11T16:49:13.344Z]   処理 3790｜ 掲載 6803｜ 担当者名 2084（30.6%）
[2026-07-11T16:50:19.471Z]   処理 3800｜ 掲載 6813｜ 担当者名 2086（30.6%）
[2026-07-11T16:51:16.598Z]   処理 3810｜ 掲載 6823｜ 担当者名 2089（30.6%）
[2026-07-11T16:52:18.696Z]   処理 3820｜ 掲載 6833｜ 担当者名 2091（30.6%）
[2026-07-11T16:53:20.974Z]   処理 3830｜ 掲載 6843｜ 担当者名 2095（30.6%）
[2026-07-11T16:54:19.175Z]   処理 3840｜ 掲載 6853｜ 担当者名 2099（30.6%）
[2026-07-11T16:55:21.874Z]   処理 3850｜ 掲載 6863｜ 担当者名 2102（30.6%）
[2026-07-11T16:56:23.653Z]   処理 3860｜ 掲載 6873｜ 担当者名 2105（30.6%）
[2026-07-11T16:57:19.969Z] 🔍 "石油": 掲載 100社（新規 64社）｜ 累計担当者名 2111/6000
[2026-07-11T16:57:24.234Z]   処理 3870｜ 掲載 6883｜ 担当者名 2111（30.7%）
[2026-07-11T16:58:24.954Z]   処理 3880｜ 掲載 6893｜ 担当者名 2115（30.7%）
[2026-07-11T16:59:32.903Z]   処理 3890｜ 掲載 6903｜ 担当者名 2119（30.7%）
[2026-07-11T17:00:32.997Z]   処理 3900｜ 掲載 6913｜ 担当者名 2125（30.7%）
[2026-07-11T17:01:45.042Z]   処理 3910｜ 掲載 6923｜ 担当者名 2130（30.8%）
[2026-07-11T17:02:42.644Z]   処理 3920｜ 掲載 6933｜ 担当者名 2136（30.8%）
[2026-07-11T17:03:48.861Z]   処理 3930｜ 掲載 6943｜ 担当者名 2137（30.8%）
[2026-07-11T17:04:14.300Z] 🔍 "警備": 掲載 100社（新規 79社）｜ 累計担当者名 2139/6000
[2026-07-11T17:04:49.550Z]   処理 3940｜ 掲載 6953｜ 担当者名 2140（30.8%）
[2026-07-11T17:05:59.920Z]   処理 3950｜ 掲載 6963｜ 担当者名 2140（30.7%）
[2026-07-11T17:07:10.542Z]   処理 3960｜ 掲載 6973｜ 担当者名 2142（30.7%）
[2026-07-11T17:08:03.268Z]   処理 3970｜ 掲載 6983｜ 担当者名 2143（30.7%）
[2026-07-11T17:09:20.756Z]   処理 3980｜ 掲載 6993｜ 担当者名 2145（30.7%）
[2026-07-11T17:10:31.684Z]   処理 3990｜ 掲載 7003｜ 担当者名 2146（30.6%）
[2026-07-11T17:11:30.982Z]   処理 4000｜ 掲載 7013｜ 担当者名 2148（30.6%）
[2026-07-11T17:12:31.355Z]   処理 4010｜ 掲載 7023｜ 担当者名 2151（30.6%）
[2026-07-11T17:12:51.540Z] 🔍 "ビルメンテナンス": 掲載 100社（新規 59社）｜ 累計担当者名 2152/6000
[2026-07-11T17:13:42.814Z]   処理 4020｜ 掲載 7033｜ 担当者名 2152（30.6%）
[2026-07-11T17:14:53.408Z]   処理 4030｜ 掲載 7043｜ 担当者名 2152（30.6%）
[2026-07-11T17:15:57.796Z]   処理 4040｜ 掲載 7053｜ 担当者名 2155（30.6%）
[2026-07-11T17:17:04.490Z]   処理 4050｜ 掲載 7063｜ 担当者名 2158（30.6%）
[2026-07-11T17:18:18.657Z]   処理 4060｜ 掲載 7073｜ 担当者名 2161（30.6%）
[2026-07-11T17:19:28.631Z]   処理 4070｜ 掲載 7083｜ 担当者名 2163（30.5%）
[2026-07-11T17:19:42.568Z] 🔍 "清掃": 掲載 100社（新規 52社）｜ 累計担当者名 2163/6000
[2026-07-11T17:20:34.762Z]   処理 4080｜ 掲載 7093｜ 担当者名 2167（30.6%）
[2026-07-11T17:21:44.282Z]   処理 4090｜ 掲載 7103｜ 担当者名 2169（30.5%）
[2026-07-11T17:22:57.182Z]   処理 4100｜ 掲載 7113｜ 担当者名 2171（30.5%）
[2026-07-11T17:23:57.828Z]   処理 4110｜ 掲載 7123｜ 担当者名 2173（30.5%）
[2026-07-11T17:25:04.913Z]   処理 4120｜ 掲載 7133｜ 担当者名 2176（30.5%）
[2026-07-11T17:25:26.372Z] 🔍 "自動車整備": 掲載 100社（新規 75社）｜ 累計担当者名 2177/6000
[2026-07-11T17:26:13.553Z]   処理 4130｜ 掲載 7143｜ 担当者名 2181（30.5%）
[2026-07-11T17:27:34.688Z]   処理 4140｜ 掲載 7153｜ 担当者名 2184（30.5%）
[2026-07-11T17:28:35.161Z]   処理 4150｜ 掲載 7163｜ 担当者名 2188（30.5%）
[2026-07-11T17:29:35.335Z]   処理 4160｜ 掲載 7173｜ 担当者名 2192（30.6%）
[2026-07-11T17:30:40.169Z]   処理 4170｜ 掲載 7183｜ 担当者名 2199（30.6%）
[2026-07-11T17:31:37.485Z]   処理 4180｜ 掲載 7193｜ 担当者名 2205（30.7%）
[2026-07-11T17:32:46.555Z]   処理 4190｜ 掲載 7203｜ 担当者名 2212（30.7%）
[2026-07-11T17:33:50.793Z] 🔍 "製造": 掲載 100社（新規 58社）｜ 累計担当者名 2215/6000
[2026-07-11T17:34:00.563Z]   処理 4200｜ 掲載 7213｜ 担当者名 2215（30.7%）
[2026-07-11T17:34:58.147Z]   処理 4210｜ 掲載 7223｜ 担当者名 2217（30.7%）
[2026-07-11T17:36:14.018Z]   処理 4220｜ 掲載 7233｜ 担当者名 2220（30.7%）
[2026-07-11T17:37:30.240Z]   処理 4230｜ 掲載 7243｜ 担当者名 2223（30.7%）
[2026-07-11T17:38:36.273Z]   処理 4240｜ 掲載 7253｜ 担当者名 2227（30.7%）
[2026-07-11T17:39:47.869Z]   処理 4250｜ 掲載 7263｜ 担当者名 2231（30.7%）
[2026-07-11T17:40:35.004Z] 🔍 "技術職": 掲載 100社（新規 65社）｜ 累計担当者名 2232/6000
[2026-07-11T17:41:02.670Z]   処理 4260｜ 掲載 7273｜ 担当者名 2232（30.7%）
[2026-07-11T17:42:24.755Z]   処理 4270｜ 掲載 7283｜ 担当者名 2233（30.7%）
[2026-07-11T17:43:31.265Z]   処理 4280｜ 掲載 7293｜ 担当者名 2234（30.6%）
[2026-07-11T17:44:30.542Z]   処理 4290｜ 掲載 7303｜ 担当者名 2239（30.7%）
[2026-07-11T17:45:44.188Z]   処理 4300｜ 掲載 7313｜ 担当者名 2242（30.7%）
[2026-07-11T17:46:44.857Z]   処理 4310｜ 掲載 7323｜ 担当者名 2245（30.7%）
[2026-07-11T17:48:02.488Z]   処理 4320｜ 掲載 7333｜ 担当者名 2249（30.7%）
[2026-07-11T17:48:20.277Z] 🔍 "営業職": 掲載 100社（新規 53社）｜ 累計担当者名 2250/6000
[2026-07-11T17:49:30.762Z]   処理 4330｜ 掲載 7343｜ 担当者名 2252（30.7%）
[2026-07-11T17:50:50.571Z]   処理 4340｜ 掲載 7353｜ 担当者名 2253（30.6%）
[2026-07-11T17:52:04.105Z]   処理 4350｜ 掲載 7363｜ 担当者名 2256（30.6%）
[2026-07-11T17:53:24.556Z]   処理 4360｜ 掲載 7373｜ 担当者名 2259（30.6%）
[2026-07-11T17:54:36.027Z]   処理 4370｜ 掲載 7383｜ 担当者名 2263（30.7%）
[2026-07-11T17:55:13.910Z] 🔍 "事務職": 掲載 100社（新規 32社）｜ 累計担当者名 2264/6000
[2026-07-11T17:55:56.482Z]   処理 4380｜ 掲載 7393｜ 担当者名 2266（30.7%）
[2026-07-11T17:56:50.423Z]   処理 4390｜ 掲載 7403｜ 担当者名 2274（30.7%）
[2026-07-11T17:58:06.454Z]   処理 4400｜ 掲載 7413｜ 担当者名 2276（30.7%）
[2026-07-11T17:59:01.049Z] 🔍 "施工管理": 掲載 100社（新規 53社）｜ 累計担当者名 2277/6000
[2026-07-11T17:59:25.170Z]   処理 4410｜ 掲載 7423｜ 担当者名 2278（30.7%）
[2026-07-11T18:00:28.165Z]   処理 4420｜ 掲載 7433｜ 担当者名 2280（30.7%）
[2026-07-11T18:01:31.375Z]   処理 4430｜ 掲載 7443｜ 担当者名 2284（30.7%）
[2026-07-11T18:02:29.252Z]   処理 4440｜ 掲載 7453｜ 担当者名 2289（30.7%）
[2026-07-11T18:03:35.574Z]   処理 4450｜ 掲載 7463｜ 担当者名 2291（30.7%）
[2026-07-11T18:04:39.892Z] 🔍 "生産技術": 掲載 100社（新規 60社）｜ 累計担当者名 2293/6000
[2026-07-11T18:04:44.002Z]   処理 4460｜ 掲載 7473｜ 担当者名 2293（30.7%）
[2026-07-11T18:05:57.763Z]   処理 4470｜ 掲載 7483｜ 担当者名 2296（30.7%）
[2026-07-11T18:07:00.640Z]   処理 4480｜ 掲載 7493｜ 担当者名 2302（30.7%）
[2026-07-11T18:08:08.486Z]   処理 4490｜ 掲載 7503｜ 担当者名 2304（30.7%）
[2026-07-11T18:09:12.285Z]   処理 4500｜ 掲載 7513｜ 担当者名 2310（30.7%）
[2026-07-11T18:10:30.642Z]   処理 4510｜ 掲載 7523｜ 担当者名 2314（30.8%）
[2026-07-11T18:11:34.255Z] 🔍 "品質管理": 掲載 100社（新規 49社）｜ 累計担当者名 2319/6000
[2026-07-11T18:11:42.419Z]   処理 4520｜ 掲載 7533｜ 担当者名 2319（30.8%）
[2026-07-11T18:12:48.551Z]   処理 4530｜ 掲載 7543｜ 担当者名 2323（30.8%）
[2026-07-11T18:13:49.958Z]   処理 4540｜ 掲載 7553｜ 担当者名 2325（30.8%）
[2026-07-11T18:14:55.133Z]   処理 4550｜ 掲載 7563｜ 担当者名 2327（30.8%）
[2026-07-11T18:16:01.816Z]   処理 4560｜ 掲載 7573｜ 担当者名 2330（30.8%）
[2026-07-11T18:17:03.321Z] 🔍 "研究開発": 掲載 100社（新規 35社）｜ 累計担当者名 2332/6000
[2026-07-11T18:17:17.689Z]   処理 4570｜ 掲載 7583｜ 担当者名 2333（30.8%）
[2026-07-11T18:18:32.112Z]   処理 4580｜ 掲載 7593｜ 担当者名 2333（30.7%）
[2026-07-11T18:19:49.571Z]   処理 4590｜ 掲載 7603｜ 担当者名 2334（30.7%）
[2026-07-11T18:20:59.730Z]   処理 4600｜ 掲載 7613｜ 担当者名 2338（30.7%）
[2026-07-11T18:21:29.070Z] 🔍 "設計": 掲載 100社（新規 80社）｜ 累計担当者名 2340/6000
[2026-07-11T18:22:05.492Z]   処理 4610｜ 掲載 7623｜ 担当者名 2341（30.7%）
[2026-07-11T18:22:58.142Z]   処理 4620｜ 掲載 7633｜ 担当者名 2347（30.7%）
[2026-07-11T18:23:54.397Z]   処理 4630｜ 掲載 7643｜ 担当者名 2351（30.8%）
[2026-07-11T18:24:52.171Z]   処理 4640｜ 掲載 7653｜ 担当者名 2353（30.7%）
[2026-07-11T18:25:56.914Z]   処理 4650｜ 掲載 7663｜ 担当者名 2355（30.7%）
[2026-07-11T18:27:01.025Z]   処理 4660｜ 掲載 7673｜ 担当者名 2357（30.7%）
[2026-07-11T18:27:55.941Z]   処理 4670｜ 掲載 7683｜ 担当者名 2361（30.7%）
[2026-07-11T18:28:57.965Z]   処理 4680｜ 掲載 7693｜ 担当者名 2363（30.7%）
[2026-07-11T18:29:31.021Z] 🔍 "エンジニア": 掲載 100社（新規 70社）｜ 累計担当者名 2364/6000
[2026-07-11T18:30:10.919Z]   処理 4690｜ 掲載 7703｜ 担当者名 2368（30.7%）
[2026-07-11T18:31:25.625Z]   処理 4700｜ 掲載 7713｜ 担当者名 2373（30.8%）
[2026-07-11T18:32:37.990Z]   処理 4710｜ 掲載 7723｜ 担当者名 2375（30.8%）
[2026-07-11T18:33:43.498Z]   処理 4720｜ 掲載 7733｜ 担当者名 2377（30.7%）
[2026-07-11T18:34:49.379Z]   処理 4730｜ 掲載 7743｜ 担当者名 2379（30.7%）
[2026-07-11T18:35:56.151Z]   処理 4740｜ 掲載 7753｜ 担当者名 2383（30.7%）
[2026-07-11T18:36:55.985Z]   処理 4750｜ 掲載 7763｜ 担当者名 2386（30.7%）
[2026-07-11T18:37:14.432Z] 🔍 "販売職": 掲載 100社（新規 68社）｜ 累計担当者名 2387/6000
[2026-07-11T18:38:05.791Z]   処理 4760｜ 掲載 7773｜ 担当者名 2387（30.7%）
[2026-07-11T18:39:22.434Z]   処理 4770｜ 掲載 7783｜ 担当者名 2389（30.7%）
[2026-07-11T18:40:16.929Z]   処理 4780｜ 掲載 7793｜ 担当者名 2395（30.7%）
[2026-07-11T18:41:17.258Z]   処理 4790｜ 掲載 7803｜ 担当者名 2399（30.7%）
[2026-07-11T18:42:43.651Z]   処理 4800｜ 掲載 7813｜ 担当者名 2401（30.7%）
[2026-07-11T18:43:45.532Z]   処理 4810｜ 掲載 7823｜ 担当者名 2405（30.7%）
[2026-07-11T18:44:55.345Z]   処理 4820｜ 掲載 7833｜ 担当者名 2406（30.7%）
[2026-07-11T18:45:14.314Z] 🔍 "企画": 掲載 100社（新規 61社）｜ 累計担当者名 2407/6000
[2026-07-11T18:46:14.223Z]   処理 4830｜ 掲載 7843｜ 担当者名 2408（30.7%）
[2026-07-11T18:47:19.974Z]   処理 4840｜ 掲載 7853｜ 担当者名 2411（30.7%）
[2026-07-11T18:48:30.647Z]   処理 4850｜ 掲載 7863｜ 担当者名 2414（30.7%）
[2026-07-11T18:49:36.890Z]   処理 4860｜ 掲載 7873｜ 担当者名 2416（30.7%）
[2026-07-11T18:50:40.735Z]   処理 4870｜ 掲載 7883｜ 担当者名 2417（30.7%）
[2026-07-11T18:51:37.098Z]   処理 4880｜ 掲載 7893｜ 担当者名 2419（30.6%）
[2026-07-11T18:51:55.046Z] 🔍 "マーケティング": 掲載 100社（新規 72社）｜ 累計担当者名 2421/6000
[2026-07-11T18:52:48.934Z]   処理 4890｜ 掲載 7903｜ 担当者名 2422（30.6%）
[2026-07-11T18:53:51.107Z]   処理 4900｜ 掲載 7913｜ 担当者名 2423（30.6%）
[2026-07-11T18:55:12.095Z]   処理 4910｜ 掲載 7923｜ 担当者名 2425（30.6%）
[2026-07-11T18:56:15.529Z]   処理 4920｜ 掲載 7933｜ 担当者名 2427（30.6%）
[2026-07-11T18:57:36.201Z]   処理 4930｜ 掲載 7943｜ 担当者名 2427（30.6%）
[2026-07-11T18:58:39.325Z]   処理 4940｜ 掲載 7953｜ 担当者名 2427（30.5%）
[2026-07-11T18:59:49.832Z]   処理 4950｜ 掲載 7963｜ 担当者名 2428（30.5%）
[2026-07-11T19:00:25.564Z] 🔍 "デザイナー": 掲載 100社（新規 60社）｜ 累計担当者名 2428/6000
[2026-07-11T19:01:05.339Z]   処理 4960｜ 掲載 7973｜ 担当者名 2430（30.5%）
[2026-07-11T19:02:23.651Z]   処理 4970｜ 掲載 7983｜ 担当者名 2433（30.5%）
[2026-07-11T19:03:30.130Z]   処理 4980｜ 掲載 7993｜ 担当者名 2433（30.4%）
[2026-07-11T19:04:44.412Z]   処理 4990｜ 掲載 8003｜ 担当者名 2435（30.4%）
[2026-07-11T19:05:55.531Z]   処理 5000｜ 掲載 8013｜ 担当者名 2439（30.4%）
[2026-07-11T19:07:07.283Z]   処理 5010｜ 掲載 8023｜ 担当者名 2444（30.5%）
[2026-07-11T19:07:50.001Z] 🔍 "総合職": 掲載 100社（新規 40社）｜ 累計担当者名 2445/6000
[2026-07-11T19:08:36.178Z]   処理 5020｜ 掲載 8033｜ 担当者名 2445（30.4%）
[2026-07-11T19:09:47.115Z]   処理 5030｜ 掲載 8043｜ 担当者名 2447（30.4%）
[2026-07-11T19:10:53.489Z]   処理 5040｜ 掲載 8053｜ 担当者名 2447（30.4%）
[2026-07-11T19:12:14.263Z]   処理 5050｜ 掲載 8063｜ 担当者名 2449（30.4%）
[2026-07-11T19:12:49.610Z] 🔍 "北海道 新卒": 掲載 100社（新規 58社）｜ 累計担当者名 2450/6000
[2026-07-11T19:13:36.203Z]   処理 5060｜ 掲載 8073｜ 担当者名 2451（30.4%）
[2026-07-11T19:14:40.610Z]   処理 5070｜ 掲載 8083｜ 担当者名 2454（30.4%）
[2026-07-11T19:15:58.367Z]   処理 5080｜ 掲載 8093｜ 担当者名 2458（30.4%）
[2026-07-11T19:17:18.593Z]   処理 5090｜ 掲載 8103｜ 担当者名 2460（30.4%）
[2026-07-11T19:18:30.920Z]   処理 5100｜ 掲載 8113｜ 担当者名 2464（30.4%）
[2026-07-11T19:19:45.030Z]   処理 5110｜ 掲載 8123｜ 担当者名 2469（30.4%）
[2026-07-11T19:20:03.767Z] 🔍 "東北 新卒": 掲載 82社（新規 52社）｜ 累計担当者名 2470/6000
[2026-07-11T19:20:57.459Z]   処理 5120｜ 掲載 8133｜ 担当者名 2472（30.4%）
[2026-07-11T19:21:53.787Z]   処理 5130｜ 掲載 8143｜ 担当者名 2477（30.4%）
[2026-07-11T19:23:07.046Z]   処理 5140｜ 掲載 8153｜ 担当者名 2482（30.4%）
[2026-07-11T19:24:12.067Z]   処理 5150｜ 掲載 8163｜ 担当者名 2487（30.5%）
[2026-07-11T19:25:12.183Z]   処理 5160｜ 掲載 8173｜ 担当者名 2489（30.5%）
[2026-07-11T19:25:35.889Z] 🔍 "仙台 新卒": 掲載 84社（新規 56社）｜ 累計担当者名 2491/6000
[2026-07-11T19:26:18.706Z]   処理 5170｜ 掲載 8183｜ 担当者名 2492（30.5%）
[2026-07-11T19:27:37.302Z]   処理 5180｜ 掲載 8193｜ 担当者名 2495（30.5%）
[2026-07-11T19:28:51.072Z]   処理 5190｜ 掲載 8203｜ 担当者名 2497（30.4%）
[2026-07-11T19:29:59.000Z]   処理 5200｜ 掲載 8213｜ 担当者名 2500（30.4%）
[2026-07-11T19:31:05.294Z]   処理 5210｜ 掲載 8223｜ 担当者名 2502（30.4%）
[2026-07-11T19:32:25.856Z]   処理 5220｜ 掲載 8233｜ 担当者名 2506（30.4%）
[2026-07-11T19:32:30.733Z] 🔍 "関東 新卒": 掲載 100社（新規 50社）｜ 累計担当者名 2506/6000
[2026-07-11T19:33:34.628Z]   処理 5230｜ 掲載 8243｜ 担当者名 2508（30.4%）
[2026-07-11T19:34:51.709Z]   処理 5240｜ 掲載 8253｜ 担当者名 2511（30.4%）
[2026-07-11T19:36:08.106Z]   処理 5250｜ 掲載 8263｜ 担当者名 2515（30.4%）
[2026-07-11T19:37:17.803Z]   処理 5260｜ 掲載 8273｜ 担当者名 2517（30.4%）
[2026-07-11T19:38:37.279Z]   処理 5270｜ 掲載 8283｜ 担当者名 2520（30.4%）
[2026-07-11T19:38:42.040Z] 🔍 "東京 新卒": 掲載 100社（新規 48社）｜ 累計担当者名 2520/6000
[2026-07-11T19:39:53.182Z]   処理 5280｜ 掲載 8293｜ 担当者名 2523（30.4%）
[2026-07-11T19:41:07.317Z]   処理 5290｜ 掲載 8303｜ 担当者名 2525（30.4%）
[2026-07-11T19:42:25.002Z]   処理 5300｜ 掲載 8313｜ 担当者名 2525（30.4%）
[2026-07-11T19:43:23.017Z]   処理 5310｜ 掲載 8323｜ 担当者名 2528（30.4%）
[2026-07-11T19:44:26.962Z] 🔍 "神奈川 新卒": 掲載 100社（新規 52社）｜ 累計担当者名 2532/6000
[2026-07-11T19:44:37.165Z]   処理 5320｜ 掲載 8333｜ 担当者名 2533（30.4%）
[2026-07-11T19:45:44.427Z]   処理 5330｜ 掲載 8343｜ 担当者名 2534（30.4%）
[2026-07-11T19:47:00.705Z]   処理 5340｜ 掲載 8353｜ 担当者名 2536（30.4%）
[2026-07-11T19:48:08.130Z]   処理 5350｜ 掲載 8363｜ 担当者名 2537（30.3%）
[2026-07-11T19:49:22.187Z]   処理 5360｜ 掲載 8373｜ 担当者名 2539（30.3%）
[2026-07-11T19:50:35.316Z]   処理 5370｜ 掲載 8383｜ 担当者名 2541（30.3%）
[2026-07-11T19:50:39.869Z] 🔍 "埼玉 新卒": 掲載 100社（新規 38社）｜ 累計担当者名 2541/6000
[2026-07-11T19:51:54.251Z]   処理 5380｜ 掲載 8393｜ 担当者名 2542（30.3%）
[2026-07-11T19:52:58.650Z]   処理 5390｜ 掲載 8403｜ 担当者名 2545（30.3%）
[2026-07-11T19:53:59.069Z]   処理 5400｜ 掲載 8413｜ 担当者名 2547（30.3%）
[2026-07-11T19:54:52.566Z] 🔍 "千葉 新卒": 掲載 100社（新規 27社）｜ 累計担当者名 2548/6000
[2026-07-11T19:55:03.181Z]   処理 5410｜ 掲載 8423｜ 担当者名 2550（30.3%）
[2026-07-11T19:56:14.062Z]   処理 5420｜ 掲載 8433｜ 担当者名 2553（30.3%）
[2026-07-11T19:57:36.267Z]   処理 5430｜ 掲載 8443｜ 担当者名 2554（30.2%）
[2026-07-11T19:58:20.463Z] 🔍 "名古屋 新卒": 掲載 100社（新規 52社）｜ 累計担当者名 2555/6000
[2026-07-11T19:58:53.666Z]   処理 5440｜ 掲載 8453｜ 担当者名 2557（30.2%）
[2026-07-11T19:59:59.748Z]   処理 5450｜ 掲載 8463｜ 担当者名 2561（30.3%）
[2026-07-11T20:01:16.922Z]   処理 5460｜ 掲載 8473｜ 担当者名 2563（30.2%）
[2026-07-11T20:02:21.003Z]   処理 5470｜ 掲載 8483｜ 担当者名 2565（30.2%）
[2026-07-11T20:03:35.423Z]   処理 5480｜ 掲載 8493｜ 担当者名 2566（30.2%）
[2026-07-11T20:04:27.161Z] 🔍 "愛知 新卒": 掲載 100社（新規 36社）｜ 累計担当者名 2568/6000
[2026-07-11T20:04:43.673Z]   処理 5490｜ 掲載 8503｜ 担当者名 2569（30.2%）
[2026-07-11T20:05:45.193Z]   処理 5500｜ 掲載 8513｜ 担当者名 2572（30.2%）
[2026-07-11T20:06:58.079Z]   処理 5510｜ 掲載 8523｜ 担当者名 2576（30.2%）
[2026-07-11T20:08:14.327Z]   処理 5520｜ 掲載 8533｜ 担当者名 2582（30.3%）
[2026-07-11T20:08:38.996Z] 🔍 "静岡 新卒": 掲載 98社（新規 40社）｜ 累計担当者名 2582/6000
[2026-07-11T20:09:29.989Z]   処理 5530｜ 掲載 8543｜ 担当者名 2586（30.3%）
[2026-07-11T20:10:37.485Z]   処理 5540｜ 掲載 8553｜ 担当者名 2589（30.3%）
[2026-07-11T20:11:52.798Z]   処理 5550｜ 掲載 8563｜ 担当者名 2592（30.3%）
[2026-07-11T20:12:58.495Z]   処理 5560｜ 掲載 8573｜ 担当者名 2594（30.3%）
[2026-07-11T20:13:19.649Z] 🔍 "大阪 新卒": 掲載 100社（新規 38社）｜ 累計担当者名 2595/6000
[2026-07-11T20:13:59.013Z]   処理 5570｜ 掲載 8583｜ 担当者名 2597（30.3%）
[2026-07-11T20:15:01.922Z]   処理 5580｜ 掲載 8593｜ 担当者名 2599（30.2%）
[2026-07-11T20:16:04.667Z]   処理 5590｜ 掲載 8603｜ 担当者名 2602（30.2%）
[2026-07-11T20:17:14.688Z]   処理 5600｜ 掲載 8613｜ 担当者名 2604（30.2%）
[2026-07-11T20:17:28.374Z] 🔍 "京都 新卒": 掲載 100社（新規 33社）｜ 累計担当者名 2604/6000
[2026-07-11T20:18:41.872Z]   処理 5610｜ 掲載 8623｜ 担当者名 2605（30.2%）
[2026-07-11T20:19:42.156Z]   処理 5620｜ 掲載 8633｜ 担当者名 2607（30.2%）
[2026-07-11T20:21:02.820Z]   処理 5630｜ 掲載 8643｜ 担当者名 2608（30.2%）
[2026-07-11T20:21:37.777Z] 🔍 "兵庫 新卒": 掲載 88社（新規 36社）｜ 累計担当者名 2609/6000
[2026-07-11T20:22:08.941Z]   処理 5640｜ 掲載 8653｜ 担当者名 2613（30.2%）
[2026-07-11T20:23:22.741Z]   処理 5650｜ 掲載 8663｜ 担当者名 2614（30.2%）
[2026-07-11T20:24:35.589Z]   処理 5660｜ 掲載 8673｜ 担当者名 2615（30.2%）
[2026-07-11T20:25:37.465Z]   処理 5670｜ 掲載 8683｜ 担当者名 2618（30.2%）
[2026-07-11T20:25:42.356Z] 🔍 "広島 新卒": 掲載 100社（新規 52社）｜ 累計担当者名 2618/6000
[2026-07-11T20:26:50.218Z]   処理 5680｜ 掲載 8693｜ 担当者名 2620（30.1%）
[2026-07-11T20:28:03.404Z]   処理 5690｜ 掲載 8703｜ 担当者名 2623（30.1%）
[2026-07-11T20:29:09.261Z]   処理 5700｜ 掲載 8713｜ 担当者名 2627（30.2%）
[2026-07-11T20:30:12.810Z]   処理 5710｜ 掲載 8723｜ 担当者名 2631（30.2%）
[2026-07-11T20:31:27.176Z]   処理 5720｜ 掲載 8733｜ 担当者名 2636（30.2%）
[2026-07-11T20:31:45.567Z] 🔍 "岡山 新卒": 掲載 57社（新規 22社）｜ 累計担当者名 2636/6000
[2026-07-11T20:32:40.041Z]   処理 5730｜ 掲載 8743｜ 担当者名 2639（30.2%）
[2026-07-11T20:33:43.788Z]   処理 5740｜ 掲載 8753｜ 担当者名 2641（30.2%）
[2026-07-11T20:34:21.055Z] 🔍 "福岡 新卒": 掲載 100社（新規 38社）｜ 累計担当者名 2642/6000
[2026-07-11T20:35:07.336Z]   処理 5750｜ 掲載 8763｜ 担当者名 2643（30.2%）
[2026-07-11T20:36:05.102Z]   処理 5760｜ 掲載 8773｜ 担当者名 2648（30.2%）
[2026-07-11T20:37:25.753Z]   処理 5770｜ 掲載 8783｜ 担当者名 2649（30.2%）
[2026-07-11T20:38:49.856Z]   処理 5780｜ 掲載 8793｜ 担当者名 2650（30.1%）
[2026-07-11T20:39:12.532Z] 🔍 "九州 新卒": 掲載 100社（新規 41社）｜ 累計担当者名 2652/6000
[2026-07-11T20:40:08.219Z]   処理 5790｜ 掲載 8803｜ 担当者名 2654（30.1%）
[2026-07-11T20:41:13.844Z]   処理 5800｜ 掲載 8813｜ 担当者名 2656（30.1%）
[2026-07-11T20:42:15.841Z]   処理 5810｜ 掲載 8823｜ 担当者名 2660（30.1%）
[2026-07-11T20:43:21.833Z]   処理 5820｜ 掲載 8833｜ 担当者名 2663（30.1%）
[2026-07-11T20:43:45.943Z] 🔍 "沖縄 新卒": 掲載 75社（新規 37社）｜ 累計担当者名 2663/6000
[2026-07-11T20:44:33.833Z]   処理 5830｜ 掲載 8843｜ 担当者名 2663（30.1%）
[2026-07-11T20:45:36.511Z]   処理 5840｜ 掲載 8853｜ 担当者名 2666（30.1%）
[2026-07-11T20:46:38.296Z]   処理 5850｜ 掲載 8863｜ 担当者名 2672（30.1%）
[2026-07-11T20:47:44.661Z]   処理 5860｜ 掲載 8873｜ 担当者名 2674（30.1%）
[2026-07-11T20:47:47.909Z] 🔍 "北陸 新卒": 掲載 28社（新規 16社）｜ 累計担当者名 2674/6000
[2026-07-11T20:49:02.972Z]   処理 5870｜ 掲載 8883｜ 担当者名 2678（30.1%）
[2026-07-11T20:49:44.070Z] 🔍 "新潟 新卒": 掲載 72社（新規 43社）｜ 累計担当者名 2679/6000
[2026-07-11T20:50:08.512Z]   処理 5880｜ 掲載 8893｜ 担当者名 2681（30.1%）
[2026-07-11T20:51:20.951Z]   処理 5890｜ 掲載 8903｜ 担当者名 2682（30.1%）
[2026-07-11T20:52:23.292Z]   処理 5900｜ 掲載 8913｜ 担当者名 2685（30.1%）
[2026-07-11T20:53:37.552Z]   処理 5910｜ 掲載 8923｜ 担当者名 2686（30.1%）
[2026-07-11T20:54:34.684Z] 🔍 "長野 新卒": 掲載 100社（新規 58社）｜ 累計担当者名 2691/6000
[2026-07-11T20:54:38.827Z]   処理 5920｜ 掲載 8933｜ 担当者名 2691（30.1%）
[2026-07-11T20:55:38.440Z]   処理 5930｜ 掲載 8943｜ 担当者名 2696（30.1%）
[2026-07-11T20:56:44.461Z]   処理 5940｜ 掲載 8953｜ 担当者名 2701（30.2%）
[2026-07-11T20:57:53.930Z]   処理 5950｜ 掲載 8963｜ 担当者名 2705（30.2%）
[2026-07-11T20:59:01.600Z]   処理 5960｜ 掲載 8973｜ 担当者名 2709（30.2%）
[2026-07-11T21:00:00.354Z]   処理 5970｜ 掲載 8983｜ 担当者名 2712（30.2%）
[2026-07-11T21:00:48.475Z] 🔍 "岐阜 新卒": 掲載 47社（新規 18社）｜ 累計担当者名 2714/6000
[2026-07-11T21:01:02.847Z]   処理 5980｜ 掲載 8993｜ 担当者名 2716（30.2%）
[2026-07-11T21:02:09.716Z]   処理 5990｜ 掲載 9003｜ 担当者名 2721（30.2%）
[2026-07-11T21:02:45.337Z] 🔍 "三重 新卒": 掲載 41社（新規 13社）｜ 累計担当者名 2722/6000
[2026-07-11T21:03:12.720Z]   処理 6000｜ 掲載 9013｜ 担当者名 2723（30.2%）
[2026-07-11T21:04:02.391Z] 🔍 "四国 新卒": 掲載 31社（新規 9社）｜ 累計担当者名 2726/6000
[2026-07-11T21:04:14.727Z]   処理 6010｜ 掲載 9023｜ 担当者名 2727（30.2%）
[2026-07-11T21:05:11.041Z] 🔍 "中国地方 新卒": 掲載 2社（新規 0社）｜ 累計担当者名 2728/6000
[2026-07-11T21:05:12.567Z] 完了: 9030社処理 ｜ 担当者名 2728件（30.2%）
[2026-07-11T21:05:12.567Z] 出力: C:\Users\shofu\Desktop\saiyo_tantousha_poc\poc\data\recruiter-mynavi-1000.csv
[2026-07-11T21:05:12.570Z] パターン別: {"伝言板の名乗り":579,"担当者メッセージ":1144,"問合せ先":733,"メール推定":190,"インタビュー話者注記":69,"インタビュー帰属":13}
